Component: ARM Compiler 5.06 update 6 (build 750) Tool: armlink [4d35ed]

==============================================================================

Section Cross References

    system_stm32f10x.o(i.SetSysClock) refers to system_stm32f10x.o(i.SetSysClockTo72) for SetSysClockTo72
    system_stm32f10x.o(i.SystemCoreClockUpdate) refers to system_stm32f10x.o(.data) for SystemCoreClock
    system_stm32f10x.o(i.SystemInit) refers to system_stm32f10x.o(i.SetSysClock) for SetSysClock
    main.o(i.main) refers to bsp.o(i.BSP_init) for BSP_init
    main.o(i.main) refers to communication.o(i.Fill_Data) for Fill_Data
    main.o(i.main) refers to bsp_oled.o(i.Handle_XY) for Handle_XY
    main.o(i.main) refers to main.o(i.twinkle) for twinkle
    main.o(i.main) refers to communication.o(.data) for txdata
    main.o(i.twinkle) refers to stm32f10x_gpio.o(i.GPIO_SetBits) for GPIO_SetBits
    main.o(i.twinkle) refers to bsp_systick.o(i.delay_ms) for delay_ms
    main.o(i.twinkle) refers to stm32f10x_gpio.o(i.GPIO_ResetBits) for GPIO_ResetBits
    stm32f10x_it.o(i.USART1_IRQHandler) refers to stm32f10x_usart.o(i.USART_GetITStatus) for USART_GetITStatus
    stm32f10x_it.o(i.USART1_IRQHandler) refers to stm32f10x_usart.o(i.USART_ReceiveData) for USART_ReceiveData
    stm32f10x_it.o(i.USART1_IRQHandler) refers to stm32f10x_usart.o(i.USART_SendData) for USART_SendData
    usart.o(i.NVIC_Config) refers to misc.o(i.NVIC_PriorityGroupConfig) for NVIC_PriorityGroupConfig
    usart.o(i.NVIC_Config) refers to misc.o(i.NVIC_Init) for NVIC_Init
    usart.o(i.USART_Config) refers to stm32f10x_rcc.o(i.RCC_APB2PeriphClockCmd) for RCC_APB2PeriphClockCmd
    usart.o(i.USART_Config) refers to stm32f10x_gpio.o(i.GPIO_Init) for GPIO_Init
    usart.o(i.USART_Config) refers to stm32f10x_usart.o(i.USART_Init) for USART_Init
    usart.o(i.USART_Config) refers to usart.o(i.NVIC_Config) for NVIC_Config
    usart.o(i.USART_Config) refers to stm32f10x_usart.o(i.USART_ITConfig) for USART_ITConfig
    usart.o(i.USART_Config) refers to stm32f10x_usart.o(i.USART_Cmd) for USART_Cmd
    usart.o(i.fputc) refers to stm32f10x_usart.o(i.USART_SendData) for USART_SendData
    usart.o(i.fputc) refers to stm32f10x_usart.o(i.USART_GetFlagStatus) for USART_GetFlagStatus
    communication.o(i.Comm_Init) refers to communication.o(.data) for txdata
    communication.o(i.Fill_Data) refers to communication.o(i.Flush_Data) for Flush_Data
    communication.o(i.Fill_Data) refers to communication.o(i.Cal_Checksum) for Cal_Checksum
    startup_stm32f10x_md.o(RESET) refers to startup_stm32f10x_md.o(STACK) for __initial_sp
    startup_stm32f10x_md.o(RESET) refers to startup_stm32f10x_md.o(.text) for Reset_Handler
    startup_stm32f10x_md.o(RESET) refers to stm32f10x_it.o(i.NMI_Handler) for NMI_Handler
    startup_stm32f10x_md.o(RESET) refers to stm32f10x_it.o(i.HardFault_Handler) for HardFault_Handler
    startup_stm32f10x_md.o(RESET) refers to stm32f10x_it.o(i.MemManage_Handler) for MemManage_Handler
    startup_stm32f10x_md.o(RESET) refers to stm32f10x_it.o(i.BusFault_Handler) for BusFault_Handler
    startup_stm32f10x_md.o(RESET) refers to stm32f10x_it.o(i.UsageFault_Handler) for UsageFault_Handler
    startup_stm32f10x_md.o(RESET) refers to stm32f10x_it.o(i.SVC_Handler) for SVC_Handler
    startup_stm32f10x_md.o(RESET) refers to stm32f10x_it.o(i.DebugMon_Handler) for DebugMon_Handler
    startup_stm32f10x_md.o(RESET) refers to stm32f10x_it.o(i.PendSV_Handler) for PendSV_Handler
    startup_stm32f10x_md.o(RESET) refers to stm32f10x_it.o(i.SysTick_Handler) for SysTick_Handler
    startup_stm32f10x_md.o(RESET) refers to bsp_button.o(i.EXTI2_IRQHandler) for EXTI2_IRQHandler
    startup_stm32f10x_md.o(RESET) refers to bsp_button.o(i.EXTI9_5_IRQHandler) for EXTI9_5_IRQHandler
    startup_stm32f10x_md.o(RESET) refers to stm32f10x_it.o(i.USART1_IRQHandler) for USART1_IRQHandler
    startup_stm32f10x_md.o(RESET) refers to bsp_button.o(i.EXTI15_10_IRQHandler) for EXTI15_10_IRQHandler
    startup_stm32f10x_md.o(.text) refers to system_stm32f10x.o(i.SystemInit) for SystemInit
    startup_stm32f10x_md.o(.text) refers to entry.o(.ARM.Collect$$$$00000000) for __main
    stm32f10x_adc.o(i.ADC_DeInit) refers to stm32f10x_rcc.o(i.RCC_APB2PeriphResetCmd) for RCC_APB2PeriphResetCmd
    stm32f10x_bkp.o(i.BKP_DeInit) refers to stm32f10x_rcc.o(i.RCC_BackupResetCmd) for RCC_BackupResetCmd
    stm32f10x_can.o(i.CAN_DeInit) refers to stm32f10x_rcc.o(i.RCC_APB1PeriphResetCmd) for RCC_APB1PeriphResetCmd
    stm32f10x_can.o(i.CAN_GetITStatus) refers to stm32f10x_can.o(i.CheckITStatus) for CheckITStatus
    stm32f10x_cec.o(i.CEC_DeInit) refers to stm32f10x_rcc.o(i.RCC_APB1PeriphResetCmd) for RCC_APB1PeriphResetCmd
    stm32f10x_dac.o(i.DAC_DeInit) refers to stm32f10x_rcc.o(i.RCC_APB1PeriphResetCmd) for RCC_APB1PeriphResetCmd
    stm32f10x_flash.o(i.FLASH_EnableWriteProtection) refers to stm32f10x_flash.o(i.FLASH_WaitForLastOperation) for FLASH_WaitForLastOperation
[...]
    Removing stm32f10x_cec.o(i.CEC_GetITStatus), (40 bytes).
    Removing stm32f10x_cec.o(i.CEC_ITConfig), (12 bytes).
    Removing stm32f10x_cec.o(i.CEC_Init), (32 bytes).
    Removing stm32f10x_cec.o(i.CEC_OwnAddressConfig), (12 bytes).
    Removing stm32f10x_cec.o(i.CEC_ReceiveDataByte), (12 bytes).
    Removing stm32f10x_cec.o(i.CEC_SendDataByte), (12 bytes).
    Removing stm32f10x_cec.o(i.CEC_SetPrescaler), (12 bytes).
    Removing stm32f10x_cec.o(i.CEC_StartOfMessage), (12 bytes).
    Removing stm32f10x_crc.o(i.CRC_CalcBlockCRC), (36 bytes).
    Removing stm32f10x_crc.o(i.CRC_CalcCRC), (16 bytes).
    Removing stm32f10x_crc.o(i.CRC_GetCRC), (12 bytes).
    Removing stm32f10x_crc.o(i.CRC_GetIDRegister), (12 bytes).
    Removing stm32f10x_crc.o(i.CRC_ResetDR), (12 bytes).
    Removing stm32f10x_crc.o(i.CRC_SetIDRegister), (12 bytes).
    Removing stm32f10x_dac.o(i.DAC_Cmd), (40 bytes).
    Removing stm32f10x_dac.o(i.DAC_DMACmd), (44 bytes).
    Removing stm32f10x_dac.o(i.DAC_DeInit), (22 bytes).
    Removing stm32f10x_dac.o(i.DAC_DualSoftwareTriggerCmd), (36 bytes).
    Removing stm32f10x_dac.o(i.DAC_GetDataOutputValue), (36 bytes).
    Removing stm32f10x_dac.o(i.DAC_Init), (52 bytes).
    Removing stm32f10x_dac.o(i.DAC_SetChannel1Data), (32 bytes).
    Removing stm32f10x_dac.o(i.DAC_SetChannel2Data), (32 bytes).
    Removing stm32f10x_dac.o(i.DAC_SetDualChannelData), (36 bytes).
    Removing stm32f10x_dac.o(i.DAC_SoftwareTriggerCmd), (44 bytes).
    Removing stm32f10x_dac.o(i.DAC_StructInit), (12 bytes).
    Removing stm32f10x_dac.o(i.DAC_WaveGenerationCmd), (40 bytes).
    Removing stm32f10x_dbgmcu.o(i.DBGMCU_Config), (32 bytes).
    Removing stm32f10x_dbgmcu.o(i.DBGMCU_GetDEVID), (16 bytes).
    Removing stm32f10x_dbgmcu.o(i.DBGMCU_GetREVID), (12 bytes).
    Removing stm32f10x_dma.o(i.DMA_ClearFlag), (28 bytes).
    Removing stm32f10x_dma.o(i.DMA_ClearITPendingBit), (28 bytes).
    Removing stm32f10x_dma.o(i.DMA_GetCurrDataCounter), (8 bytes).
    Removing stm32f10x_dma.o(i.DMA_GetFlagStatus), (44 bytes).
    Removing stm32f10x_dma.o(i.DMA_GetITStatus), (44 bytes).
    Removing stm32f10x_dma.o(i.DMA_ITConfig), (18 bytes).
    Removing stm32f10x_dma.o(i.DMA_SetCurrDataCounter), (4 bytes).
    Removing stm32f10x_dma.o(i.DMA_StructInit), (26 bytes).
    Removing stm32f10x_exti.o(i.EXTI_ClearFlag), (12 bytes).
    Removing stm32f10x_exti.o(i.EXTI_DeInit), (36 bytes).
    Removing stm32f10x_exti.o(i.EXTI_GenerateSWInterrupt), (16 bytes).
    Removing stm32f10x_exti.o(i.EXTI_GetFlagStatus), (24 bytes).
    Removing stm32f10x_exti.o(i.EXTI_StructInit), (16 bytes).
    Removing stm32f10x_flash.o(i.FLASH_ClearFlag), (12 bytes).
    Removing stm32f10x_flash.o(i.FLASH_EnableWriteProtection), (196 bytes).
    Removing stm32f10x_flash.o(i.FLASH_EraseAllBank1Pages), (72 bytes).
    Removing stm32f10x_flash.o(i.FLASH_EraseAllPages), (72 bytes).
    Removing stm32f10x_flash.o(i.FLASH_EraseOptionBytes), (168 bytes).
    Removing stm32f10x_flash.o(i.FLASH_ErasePage), (76 bytes).
    Removing stm32f10x_flash.o(i.FLASH_GetBank1Status), (52 bytes).
    Removing stm32f10x_flash.o(i.FLASH_GetFlagStatus), (48 bytes).
    Removing stm32f10x_flash.o(i.FLASH_GetPrefetchBufferStatus), (24 bytes).
    Removing stm32f10x_flash.o(i.FLASH_GetReadOutProtectionStatus), (24 bytes).
    Removing stm32f10x_flash.o(i.FLASH_GetStatus), (52 bytes).
    Removing stm32f10x_flash.o(i.FLASH_GetUserOptionByte), (12 bytes).
    Removing stm32f10x_flash.o(i.FLASH_GetWriteProtectionOptionByte), (12 bytes).
    Removing stm32f10x_flash.o(i.FLASH_HalfCycleAccessCmd), (28 bytes).
    Removing stm32f10x_flash.o(i.FLASH_ITConfig), (32 bytes).
    Removing stm32f10x_flash.o(i.FLASH_Lock), (20 bytes).
    Removing stm32f10x_flash.o(i.FLASH_LockBank1), (20 bytes).
    Removing stm32f10x_flash.o(i.FLASH_PrefetchBufferCmd), (28 bytes).
    Removing stm32f10x_flash.o(i.FLASH_ProgramHalfWord), (64 bytes).
    Removing stm32f10x_flash.o(i.FLASH_ProgramOptionByteData), (84 bytes).
    Removing stm32f10x_flash.o(i.FLASH_ProgramWord), (108 bytes).
    Removing stm32f10x_flash.o(i.FLASH_ReadOutProtection), (172 bytes).
    Removing stm32f10x_flash.o(i.FLASH_SetLatency), (24 bytes).
    Removing stm32f10x_flash.o(i.FLASH_Unlock), (24 bytes).
    Removing stm32f10x_flash.o(i.FLASH_UnlockBank1), (24 bytes).
    Removing stm32f10x_flash.o(i.FLASH_UserOptionByteConfig), (104 bytes).
    Removing stm32f10x_flash.o(i.FLASH_WaitForLastBank1Operation), (38 bytes).
    Removing stm32f10x_flash.o(i.FLASH_WaitForLastOperation), (38 bytes).
    Removing stm32f10x_fsmc.o(i.FSMC_ClearFlag), (64 bytes).
    Removing stm32f10x_fsmc.o(i.FSMC_ClearITPendingBit), (72 bytes).
    Removing stm32f10x_fsmc.o(i.FSMC_GetECC), (28 bytes).
    Removing stm32f10x_fsmc.o(i.FSMC_GetFlagStatus), (56 bytes).
    Removing stm32f10x_fsmc.o(i.FSMC_GetITStatus), (68 bytes).
    Removing stm32f10x_fsmc.o(i.FSMC_ITConfig), (128 bytes).
    Removing stm32f10x_fsmc.o(i.FSMC_NANDCmd), (92 bytes).
    Removing stm32f10x_fsmc.o(i.FSMC_NANDDeInit), (68 bytes).
    Removing stm32f10x_fsmc.o(i.FSMC_NANDECCCmd), (92 bytes).
    Removing stm32f10x_fsmc.o(i.FSMC_NANDInit), (136 bytes).
    Removing stm32f10x_fsmc.o(i.FSMC_NANDStructInit), (54 bytes).
    Removing stm32f10x_fsmc.o(i.FSMC_NORSRAMCmd), (52 bytes).
    Removing stm32f10x_fsmc.o(i.FSMC_NORSRAMDeInit), (54 bytes).
    Removing stm32f10x_fsmc.o(i.FSMC_NORSRAMInit), (230 bytes).
    Removing stm32f10x_fsmc.o(i.FSMC_NORSRAMStructInit), (114 bytes).
    Removing stm32f10x_fsmc.o(i.FSMC_PCCARDCmd), (48 bytes).
    Removing stm32f10x_fsmc.o(i.FSMC_PCCARDDeInit), (40 bytes).
    Removing stm32f10x_fsmc.o(i.FSMC_PCCARDInit), (132 bytes).
    Removing stm32f10x_fsmc.o(i.FSMC_PCCARDStructInit), (60 bytes).
    Removing stm32f10x_gpio.o(i.GPIO_AFIODeInit), (20 bytes).
    Removing stm32f10x_gpio.o(i.GPIO_DeInit), (200 bytes).
    Removing stm32f10x_gpio.o(i.GPIO_ETH_MediaInterfaceConfig), (12 bytes).
    Removing stm32f10x_gpio.o(i.GPIO_EventOutputCmd), (12 bytes).
    Removing stm32f10x_gpio.o(i.GPIO_EventOutputConfig), (32 bytes).
    Removing stm32f10x_gpio.o(i.GPIO_PinLockConfig), (18 bytes).
    Removing stm32f10x_gpio.o(i.GPIO_PinRemapConfig), (144 bytes).
    Removing stm32f10x_gpio.o(i.GPIO_ReadInputData), (8 bytes).
    Removing stm32f10x_gpio.o(i.GPIO_ReadInputDataBit), (18 bytes).
    Removing stm32f10x_gpio.o(i.GPIO_ReadOutputData), (8 bytes).
    Removing stm32f10x_gpio.o(i.GPIO_ReadOutputDataBit), (18 bytes).
    Removing stm32f10x_gpio.o(i.GPIO_StructInit), (16 bytes).
    Removing stm32f10x_gpio.o(i.GPIO_Write), (4 bytes).
    Removing stm32f10x_gpio.o(i.GPIO_WriteBit), (10 bytes).
    Removing stm32f10x_i2c.o(i.I2C_ARPCmd), (24 bytes).
    Removing stm32f10x_i2c.o(i.I2C_AcknowledgeConfig), (24 bytes).
    Removing stm32f10x_i2c.o(i.I2C_CalculatePEC), (24 bytes).
    Removing stm32f10x_i2c.o(i.I2C_CheckEvent), (42 bytes).
    Removing stm32f10x_i2c.o(i.I2C_ClearFlag), (12 bytes).
    Removing stm32f10x_i2c.o(i.I2C_ClearITPendingBit), (12 bytes).
    Removing stm32f10x_i2c.o(i.I2C_Cmd), (24 bytes).
    Removing stm32f10x_i2c.o(i.I2C_DMACmd), (24 bytes).
    Removing stm32f10x_i2c.o(i.I2C_DMALastTransferCmd), (24 bytes).
    Removing stm32f10x_i2c.o(i.I2C_DeInit), (56 bytes).
    Removing stm32f10x_i2c.o(i.I2C_DualAddressCmd), (24 bytes).
    Removing stm32f10x_i2c.o(i.I2C_FastModeDutyCycleConfig), (28 bytes).
    Removing stm32f10x_i2c.o(i.I2C_GeneralCallCmd), (24 bytes).
    Removing stm32f10x_i2c.o(i.I2C_GenerateSTART), (24 bytes).
    Removing stm32f10x_i2c.o(i.I2C_GenerateSTOP), (24 bytes).
    Removing stm32f10x_i2c.o(i.I2C_GetFlagStatus), (58 bytes).
    Removing stm32f10x_i2c.o(i.I2C_GetITStatus), (38 bytes).
    Removing stm32f10x_i2c.o(i.I2C_GetLastEvent), (26 bytes).
    Removing stm32f10x_i2c.o(i.I2C_GetPEC), (8 bytes).
    Removing stm32f10x_i2c.o(i.I2C_ITConfig), (18 bytes).
    Removing stm32f10x_i2c.o(i.I2C_Init), (236 bytes).
    Removing stm32f10x_i2c.o(i.I2C_NACKPositionConfig), (28 bytes).
    Removing stm32f10x_i2c.o(i.I2C_OwnAddress2Config), (22 bytes).
    Removing stm32f10x_i2c.o(i.I2C_PECPositionConfig), (28 bytes).
    Removing stm32f10x_i2c.o(i.I2C_ReadRegister), (22 bytes).
    Removing stm32f10x_i2c.o(i.I2C_ReceiveData), (8 bytes).
    Removing stm32f10x_i2c.o(i.I2C_SMBusAlertConfig), (28 bytes).
    Removing stm32f10x_i2c.o(i.I2C_Send7bitAddress), (18 bytes).
    Removing stm32f10x_i2c.o(i.I2C_SendData), (4 bytes).
    Removing stm32f10x_i2c.o(i.I2C_SoftwareResetCmd), (22 bytes).
    Removing stm32f10x_i2c.o(i.I2C_StretchClockCmd), (24 bytes).
    Removing stm32f10x_i2c.o(i.I2C_StructInit), (30 bytes).
    Removing stm32f10x_i2c.o(i.I2C_TransmitPEC), (24 bytes).
    Removing stm32f10x_iwdg.o(i.IWDG_Enable), (16 bytes).
    Removing stm32f10x_iwdg.o(i.IWDG_GetFlagStatus), (24 bytes).
    Removing stm32f10x_iwdg.o(i.IWDG_ReloadCounter), (16 bytes).
    Removing stm32f10x_iwdg.o(i.IWDG_SetPrescaler), (12 bytes).
    Removing stm32f10x_iwdg.o(i.IWDG_SetReload), (12 bytes).
    Removing stm32f10x_iwdg.o(i.IWDG_WriteAccessCmd), (12 bytes).
    Removing stm32f10x_pwr.o(i.PWR_BackupAccessCmd), (12 bytes).
    Removing stm32f10x_pwr.o(i.PWR_ClearFlag), (20 bytes).
    Removing stm32f10x_pwr.o(i.PWR_DeInit), (22 bytes).
    Removing stm32f10x_pwr.o(i.PWR_EnterSTANDBYMode), (52 bytes).
    Removing stm32f10x_pwr.o(i.PWR_EnterSTOPMode), (64 bytes).
    Removing stm32f10x_pwr.o(i.PWR_GetFlagStatus), (24 bytes).
    Removing stm32f10x_pwr.o(i.PWR_PVDCmd), (12 bytes).
    Removing stm32f10x_pwr.o(i.PWR_PVDLevelConfig), (24 bytes).
    Removing stm32f10x_pwr.o(i.PWR_WakeUpPinCmd), (12 bytes).
    Removing stm32f10x_rcc.o(i.RCC_APB1PeriphClockCmd), (32 bytes).
    Removing stm32f10x_rcc.o(i.RCC_APB1PeriphResetCmd), (32 bytes).
    Removing stm32f10x_rcc.o(i.RCC_AdjustHSICalibrationValue), (24 bytes).
    Removing stm32f10x_rcc.o(i.RCC_BackupResetCmd), (12 bytes).
    Removing stm32f10x_rcc.o(i.RCC_ClearFlag), (20 bytes).
    Removing stm32f10x_rcc.o(i.RCC_ClearITPendingBit), (12 bytes).
    Removing stm32f10x_rcc.o(i.RCC_ClockSecuritySystemCmd), (12 bytes).
    Removing stm32f10x_rcc.o(i.RCC_DeInit), (76 bytes).
    Removing stm32f10x_rcc.o(i.RCC_GetFlagStatus), (60 bytes).
    Removing stm32f10x_rcc.o(i.RCC_GetITStatus), (24 bytes).
    Removing stm32f10x_rcc.o(i.RCC_GetSYSCLKSource), (16 bytes).
    Removing stm32f10x_rcc.o(i.RCC_HCLKConfig), (24 bytes).
    Removing stm32f10x_rcc.o(i.RCC_HSEConfig), (76 bytes).
    Removing stm32f10x_rcc.o(i.RCC_HSICmd), (12 bytes).
    Removing stm32f10x_rcc.o(i.RCC_ITConfig), (32 bytes).
    Removing stm32f10x_rcc.o(i.RCC_LSEConfig), (52 bytes).
    Removing stm32f10x_rcc.o(i.RCC_LSICmd), (12 bytes).
    Removing stm32f10x_rcc.o(i.RCC_MCOConfig), (12 bytes).
    Removing stm32f10x_rcc.o(i.RCC_PCLK1Config), (24 bytes).
    Removing stm32f10x_rcc.o(i.RCC_PCLK2Config), (24 bytes).
    Removing stm32f10x_rcc.o(i.RCC_PLLCmd), (12 bytes).
    Removing stm32f10x_rcc.o(i.RCC_PLLConfig), (28 bytes).
    Removing stm32f10x_rcc.o(i.RCC_RTCCLKCmd), (12 bytes).
    Removing stm32f10x_rcc.o(i.RCC_RTCCLKConfig), (16 bytes).
    Removing stm32f10x_rcc.o(i.RCC_SYSCLKConfig), (24 bytes).
    Removing stm32f10x_rcc.o(i.RCC_USBCLKConfig), (12 bytes).
    Removing stm32f10x_rcc.o(i.RCC_WaitForHSEStartUp), (56 bytes).
    Removing stm32f10x_rtc.o(i.RTC_ClearFlag), (16 bytes).
    Removing stm32f10x_rtc.o(i.RTC_ClearITPendingBit), (16 bytes).
    Removing stm32f10x_rtc.o(i.RTC_EnterConfigMode), (20 bytes).
    Removing stm32f10x_rtc.o(i.RTC_ExitConfigMode), (20 bytes).
    Removing stm32f10x_rtc.o(i.RTC_GetCounter), (20 bytes).
    Removing stm32f10x_rtc.o(i.RTC_GetDivider), (24 bytes).
    Removing stm32f10x_rtc.o(i.RTC_GetFlagStatus), (24 bytes).
    Removing stm32f10x_rtc.o(i.RTC_GetITStatus), (36 bytes).
    Removing stm32f10x_rtc.o(i.RTC_ITConfig), (32 bytes).
    Removing stm32f10x_rtc.o(i.RTC_SetAlarm), (28 bytes).
    Removing stm32f10x_rtc.o(i.RTC_SetCounter), (28 bytes).
    Removing stm32f10x_rtc.o(i.RTC_SetPrescaler), (32 bytes).
    Removing stm32f10x_rtc.o(i.RTC_WaitForLastTask), (20 bytes).
    Removing stm32f10x_rtc.o(i.RTC_WaitForSynchro), (36 bytes).
    Removing stm32f10x_sdio.o(i.SDIO_CEATAITCmd), (16 bytes).
    Removing stm32f10x_sdio.o(i.SDIO_ClearFlag), (12 bytes).
    Removing stm32f10x_sdio.o(i.SDIO_ClearITPendingBit), (12 bytes).
    Removing stm32f10x_sdio.o(i.SDIO_ClockCmd), (12 bytes).
    Removing stm32f10x_sdio.o(i.SDIO_CmdStructInit), (14 bytes).
    Removing stm32f10x_sdio.o(i.SDIO_CommandCompletionCmd), (12 bytes).
    Removing stm32f10x_sdio.o(i.SDIO_DMACmd), (12 bytes).
    Removing stm32f10x_sdio.o(i.SDIO_DataConfig), (48 bytes).
    Removing stm32f10x_sdio.o(i.SDIO_DataStructInit), (20 bytes).
    Removing stm32f10x_sdio.o(i.SDIO_DeInit), (36 bytes).
    Removing stm32f10x_sdio.o(i.SDIO_GetCommandResponse), (12 bytes).
    Removing stm32f10x_sdio.o(i.SDIO_GetDataCounter), (12 bytes).
    Removing stm32f10x_sdio.o(i.SDIO_GetFIFOCount), (12 bytes).
    Removing stm32f10x_sdio.o(i.SDIO_GetFlagStatus), (24 bytes).
    Removing stm32f10x_sdio.o(i.SDIO_GetITStatus), (24 bytes).
    Removing stm32f10x_sdio.o(i.SDIO_GetPowerState), (16 bytes).
    Removing stm32f10x_sdio.o(i.SDIO_GetResponse), (24 bytes).
    Removing stm32f10x_sdio.o(i.SDIO_ITConfig), (32 bytes).
    Removing stm32f10x_sdio.o(i.SDIO_Init), (48 bytes).
    Removing stm32f10x_sdio.o(i.SDIO_ReadData), (12 bytes).
    Removing stm32f10x_sdio.o(i.SDIO_SendCEATACmd), (12 bytes).
    Removing stm32f10x_sdio.o(i.SDIO_SendCommand), (44 bytes).
    Removing stm32f10x_sdio.o(i.SDIO_SendSDIOSuspendCmd), (12 bytes).
    Removing stm32f10x_sdio.o(i.SDIO_SetPowerState), (28 bytes).
    Removing stm32f10x_sdio.o(i.SDIO_SetSDIOOperation), (12 bytes).
    Removing stm32f10x_sdio.o(i.SDIO_SetSDIOReadWaitMode), (12 bytes).
    Removing stm32f10x_sdio.o(i.SDIO_StartSDIOReadWait), (12 bytes).
    Removing stm32f10x_sdio.o(i.SDIO_StopSDIOReadWait), (12 bytes).
    Removing stm32f10x_sdio.o(i.SDIO_StructInit), (16 bytes).
    Removing stm32f10x_sdio.o(i.SDIO_WriteData), (12 bytes).
    Removing stm32f10x_spi.o(i.I2S_Cmd), (24 bytes).
    Removing stm32f10x_spi.o(i.I2S_Init), (232 bytes).
    Removing stm32f10x_spi.o(i.I2S_StructInit), (20 bytes).
    Removing stm32f10x_spi.o(i.SPI_BiDirectionalLineConfig), (28 bytes).
    Removing stm32f10x_spi.o(i.SPI_CalculateCRC), (24 bytes).
    Removing stm32f10x_spi.o(i.SPI_DataSizeConfig), (18 bytes).
    Removing stm32f10x_spi.o(i.SPI_GetCRC), (16 bytes).
    Removing stm32f10x_spi.o(i.SPI_GetCRCPolynomial), (6 bytes).
    Removing stm32f10x_spi.o(i.SPI_I2S_ClearFlag), (6 bytes).
    Removing stm32f10x_spi.o(i.SPI_I2S_ClearITPendingBit), (20 bytes).
    Removing stm32f10x_spi.o(i.SPI_I2S_DMACmd), (18 bytes).
    Removing stm32f10x_spi.o(i.SPI_I2S_DeInit), (88 bytes).
    Removing stm32f10x_spi.o(i.SPI_I2S_GetITStatus), (52 bytes).
    Removing stm32f10x_spi.o(i.SPI_I2S_ITConfig), (32 bytes).
    Removing stm32f10x_spi.o(i.SPI_NSSInternalSoftwareConfig), (30 bytes).
    Removing stm32f10x_spi.o(i.SPI_SSOutputCmd), (24 bytes).
    Removing stm32f10x_spi.o(i.SPI_StructInit), (24 bytes).
    Removing stm32f10x_spi.o(i.SPI_TransmitCRC), (10 bytes).
    Removing stm32f10x_tim.o(i.TI1_Config), (128 bytes).
    Removing stm32f10x_tim.o(i.TI2_Config), (152 bytes).
    Removing stm32f10x_tim.o(i.TI3_Config), (144 bytes).
    Removing stm32f10x_tim.o(i.TI4_Config), (152 bytes).
    Removing stm32f10x_tim.o(i.TIM_ARRPreloadConfig), (24 bytes).
    Removing stm32f10x_tim.o(i.TIM_BDTRConfig), (32 bytes).
    Removing stm32f10x_tim.o(i.TIM_BDTRStructInit), (18 bytes).
    Removing stm32f10x_tim.o(i.TIM_CCPreloadControl), (24 bytes).
    Removing stm32f10x_tim.o(i.TIM_CCxCmd), (30 bytes).
    Removing stm32f10x_tim.o(i.TIM_CCxNCmd), (30 bytes).
    Removing stm32f10x_tim.o(i.TIM_ClearFlag), (6 bytes).
    Removing stm32f10x_tim.o(i.TIM_ClearITPendingBit), (6 bytes).
    Removing stm32f10x_tim.o(i.TIM_ClearOC1Ref), (18 bytes).
    Removing stm32f10x_tim.o(i.TIM_ClearOC2Ref), (24 bytes).
    Removing stm32f10x_tim.o(i.TIM_ClearOC3Ref), (18 bytes).
    Removing stm32f10x_tim.o(i.TIM_ClearOC4Ref), (24 bytes).
    Removing stm32f10x_tim.o(i.TIM_Cmd), (24 bytes).
    Removing stm32f10x_tim.o(i.TIM_CounterModeConfig), (18 bytes).
    Removing stm32f10x_tim.o(i.TIM_CtrlPWMOutputs), (30 bytes).
    Removing stm32f10x_tim.o(i.TIM_DMACmd), (18 bytes).
    Removing stm32f10x_tim.o(i.TIM_DMAConfig), (10 bytes).
    Removing stm32f10x_tim.o(i.TIM_DeInit), (488 bytes).
    Removing stm32f10x_tim.o(i.TIM_ETRClockMode1Config), (54 bytes).
    Removing stm32f10x_tim.o(i.TIM_ETRClockMode2Config), (32 bytes).
    Removing stm32f10x_tim.o(i.TIM_ETRConfig), (28 bytes).
    Removing stm32f10x_tim.o(i.TIM_EncoderInterfaceConfig), (66 bytes).
    Removing stm32f10x_tim.o(i.TIM_ForcedOC1Config), (18 bytes).
    Removing stm32f10x_tim.o(i.TIM_ForcedOC2Config), (26 bytes).
    Removing stm32f10x_tim.o(i.TIM_ForcedOC3Config), (18 bytes).
    Removing stm32f10x_tim.o(i.TIM_ForcedOC4Config), (26 bytes).
    Removing stm32f10x_tim.o(i.TIM_GenerateEvent), (4 bytes).
    Removing stm32f10x_tim.o(i.TIM_GetCapture1), (6 bytes).
    Removing stm32f10x_tim.o(i.TIM_GetCapture2), (6 bytes).
    Removing stm32f10x_tim.o(i.TIM_GetCapture3), (6 bytes).
    Removing stm32f10x_tim.o(i.TIM_GetCapture4), (8 bytes).
    Removing stm32f10x_tim.o(i.TIM_GetCounter), (6 bytes).
    Removing stm32f10x_tim.o(i.TIM_GetFlagStatus), (18 bytes).
    Removing stm32f10x_tim.o(i.TIM_GetITStatus), (34 bytes).
    Removing stm32f10x_tim.o(i.TIM_GetPrescaler), (6 bytes).
    Removing stm32f10x_tim.o(i.TIM_ICInit), (172 bytes).
    Removing stm32f10x_tim.o(i.TIM_ICStructInit), (18 bytes).
    Removing stm32f10x_tim.o(i.TIM_ITConfig), (18 bytes).
    Removing stm32f10x_tim.o(i.TIM_ITRxExternalClockConfig), (24 bytes).
    Removing stm32f10x_tim.o(i.TIM_InternalClockConfig), (12 bytes).
    Removing stm32f10x_tim.o(i.TIM_OC1FastConfig), (18 bytes).
    Removing stm32f10x_tim.o(i.TIM_OC1Init), (152 bytes).
    Removing stm32f10x_tim.o(i.TIM_OC1NPolarityConfig), (18 bytes).
    Removing stm32f10x_tim.o(i.TIM_OC1PolarityConfig), (18 bytes).
    Removing stm32f10x_tim.o(i.TIM_OC1PreloadConfig), (18 bytes).
    Removing stm32f10x_tim.o(i.TIM_OC2FastConfig), (26 bytes).
    Removing stm32f10x_tim.o(i.TIM_OC2Init), (164 bytes).
    Removing stm32f10x_tim.o(i.TIM_OC2NPolarityConfig), (26 bytes).
    Removing stm32f10x_tim.o(i.TIM_OC2PolarityConfig), (26 bytes).
    Removing stm32f10x_tim.o(i.TIM_OC2PreloadConfig), (26 bytes).
    Removing stm32f10x_tim.o(i.TIM_OC3FastConfig), (18 bytes).
    Removing stm32f10x_tim.o(i.TIM_OC3Init), (160 bytes).
    Removing stm32f10x_tim.o(i.TIM_OC3NPolarityConfig), (26 bytes).
    Removing stm32f10x_tim.o(i.TIM_OC3PolarityConfig), (26 bytes).
    Removing stm32f10x_tim.o(i.TIM_OC3PreloadConfig), (18 bytes).
    Removing stm32f10x_tim.o(i.TIM_OC4FastConfig), (26 bytes).
    Removing stm32f10x_tim.o(i.TIM_OC4Init), (124 bytes).
    Removing stm32f10x_tim.o(i.TIM_OC4PolarityConfig), (26 bytes).
    Removing stm32f10x_tim.o(i.TIM_OC4PreloadConfig), (26 bytes).
    Removing stm32f10x_tim.o(i.TIM_OCStructInit), (20 bytes).
    Removing stm32f10x_tim.o(i.TIM_PWMIConfig), (124 bytes).
    Removing stm32f10x_tim.o(i.TIM_PrescalerConfig), (6 bytes).
    Removing stm32f10x_tim.o(i.TIM_SelectCCDMA), (24 bytes).
    Removing stm32f10x_tim.o(i.TIM_SelectCOM), (24 bytes).
    Removing stm32f10x_tim.o(i.TIM_SelectHallSensor), (24 bytes).
    Removing stm32f10x_tim.o(i.TIM_SelectInputTrigger), (18 bytes).
    Removing stm32f10x_tim.o(i.TIM_SelectMasterSlaveMode), (18 bytes).
    Removing stm32f10x_tim.o(i.TIM_SelectOCxM), (82 bytes).
    Removing stm32f10x_tim.o(i.TIM_SelectOnePulseMode), (18 bytes).
    Removing stm32f10x_tim.o(i.TIM_SelectOutputTrigger), (18 bytes).
    Removing stm32f10x_tim.o(i.TIM_SelectSlaveMode), (18 bytes).
    Removing stm32f10x_tim.o(i.TIM_SetAutoreload), (4 bytes).
    Removing stm32f10x_tim.o(i.TIM_SetClockDivision), (18 bytes).
    Removing stm32f10x_tim.o(i.TIM_SetCompare1), (4 bytes).
    Removing stm32f10x_tim.o(i.TIM_SetCompare2), (4 bytes).
    Removing stm32f10x_tim.o(i.TIM_SetCompare3), (4 bytes).
    Removing stm32f10x_tim.o(i.TIM_SetCompare4), (6 bytes).
    Removing stm32f10x_tim.o(i.TIM_SetCounter), (4 bytes).
    Removing stm32f10x_tim.o(i.TIM_SetIC1Prescaler), (18 bytes).
    Removing stm32f10x_tim.o(i.TIM_SetIC2Prescaler), (26 bytes).
    Removing stm32f10x_tim.o(i.TIM_SetIC3Prescaler), (18 bytes).
    Removing stm32f10x_tim.o(i.TIM_SetIC4Prescaler), (26 bytes).
    Removing stm32f10x_tim.o(i.TIM_TIxExternalClockConfig), (62 bytes).
    Removing stm32f10x_tim.o(i.TIM_TimeBaseInit), (164 bytes).
    Removing stm32f10x_tim.o(i.TIM_TimeBaseStructInit), (18 bytes).
    Removing stm32f10x_tim.o(i.TIM_UpdateDisableConfig), (24 bytes).
    Removing stm32f10x_tim.o(i.TIM_UpdateRequestConfig), (24 bytes).
    Removing stm32f10x_usart.o(i.USART_ClearFlag), (18 bytes).
    Removing stm32f10x_usart.o(i.USART_ClearITPendingBit), (30 bytes).
    Removing stm32f10x_usart.o(i.USART_ClockInit), (34 bytes).
    Removing stm32f10x_usart.o(i.USART_ClockStructInit), (12 bytes).
    Removing stm32f10x_usart.o(i.USART_DMACmd), (18 bytes).
    Removing stm32f10x_usart.o(i.USART_DeInit), (156 bytes).
    Removing stm32f10x_usart.o(i.USART_GetFlagStatus), (26 bytes).
    Removing stm32f10x_usart.o(i.USART_HalfDuplexCmd), (24 bytes).
    Removing stm32f10x_usart.o(i.USART_IrDACmd), (24 bytes).
    Removing stm32f10x_usart.o(i.USART_IrDAConfig), (18 bytes).
    Removing stm32f10x_usart.o(i.USART_LINBreakDetectLengthConfig), (18 bytes).
    Removing stm32f10x_usart.o(i.USART_LINCmd), (24 bytes).
    Removing stm32f10x_usart.o(i.USART_OneBitMethodCmd), (24 bytes).
    Removing stm32f10x_usart.o(i.USART_OverSampling8Cmd), (22 bytes).
    Removing stm32f10x_usart.o(i.USART_ReceiverWakeUpCmd), (24 bytes).
    Removing stm32f10x_usart.o(i.USART_SendBreak), (10 bytes).
    Removing stm32f10x_usart.o(i.USART_SetAddress), (18 bytes).
    Removing stm32f10x_usart.o(i.USART_SetGuardTime), (16 bytes).
    Removing stm32f10x_usart.o(i.USART_SetPrescaler), (16 bytes).
    Removing stm32f10x_usart.o(i.USART_SmartCardCmd), (24 bytes).
    Removing stm32f10x_usart.o(i.USART_SmartCardNACKCmd), (24 bytes).
    Removing stm32f10x_usart.o(i.USART_StructInit), (24 bytes).
    Removing stm32f10x_usart.o(i.USART_WakeUpConfig), (18 bytes).
    Removing stm32f10x_wwdg.o(i.WWDG_ClearFlag), (12 bytes).
    Removing stm32f10x_wwdg.o(i.WWDG_DeInit), (22 bytes).
    Removing stm32f10x_wwdg.o(i.WWDG_Enable), (16 bytes).
    Removing stm32f10x_wwdg.o(i.WWDG_EnableIT), (12 bytes).
    Removing stm32f10x_wwdg.o(i.WWDG_GetFlagStatus), (12 bytes).
    Removing stm32f10x_wwdg.o(i.WWDG_SetCounter), (16 bytes).
    Removing stm32f10x_wwdg.o(i.WWDG_SetPrescaler), (24 bytes).
    Removing stm32f10x_wwdg.o(i.WWDG_SetWindowValue), (40 bytes).
    Removing bsp_sys.o(.emb_text), (6 bytes).
    Removing bsp_sys.o(i.INTX_DISABLE), (4 bytes).
    Removing bsp_sys.o(i.INTX_ENABLE), (4 bytes).
    Removing bsp_sys.o(i.WFI_SET), (4 bytes).
    Removing bsp_systick.o(i.delay_us), (76 bytes).
    Removing bsp_24l01.o(i.NRF24L01_Check), (76 bytes).
    Removing bsp_24l01.o(i.NRF24L01_Read_Buf), (60 bytes).
    Removing bsp_24l01.o(i.NRF24L01_Read_Reg), (44 bytes).
    Removing bsp_24l01.o(i.NRF24L01_RxPacket), (52 bytes).
    Removing bsp_24l01.o(i.NRF24L01_TxPacket), (96 bytes).
    Removing bsp_24l01.o(i.NRF24L01_Write_Buf), (60 bytes).
    Removing bsp_24l01.o(i.NRF24L01_Write_Reg), (48 bytes).
    Removing bsp_24l01.o(i.RX_Mode), (88 bytes).
    Removing bsp_24l01.o(i.TX_Mode), (104 bytes).
    Removing bsp_24l01.o(.constdata), (10 bytes).
    Removing bsp_spi.o(i.SPI1_SetSpeed), (40 bytes).
    Removing bsp_oled.o(i.OLED_Display_Off), (28 bytes).
    Removing bsp_oled.o(i.OLED_Display_On), (28 bytes).
    Removing bsp_oled.o(i.OLED_DrawBMP), (118 bytes).
    Removing bsp_oled.o(i.OLED_On), (62 bytes).
    Removing bsp_oled.o(i.OLED_ShowCHinese), (104 bytes).
    Removing bsp_oled.o(i.OLED_ShowNum), (136 bytes).
    Removing bsp_oled.o(i.OLED_Test), (296 bytes).
    Removing bsp_oled.o(i.fill_picture), (64 bytes).
    Removing bsp_oled.o(i.oled_pow), (22 bytes).
    Removing bsp_iic.o(i.IIC_Ack), (48 bytes).
    Removing bsp_iic.o(i.IIC_NAck), (48 bytes).
    Removing bsp_iic.o(i.IIC_Read_Byte), (80 bytes).
    Removing bsp_iic.o(i.IIC_Read_NByte), (112 bytes).
    Removing bsp_iic.o(i.IIC_Read_One_Byte), (72 bytes).
    Removing bsp_iic.o(i.IIC_Slave_List), (88 bytes).
    Removing bsp_iic.o(i.IIC_Slave_Register), (80 bytes).
    Removing bsp_iic.o(i.IIC_Write_NByte), (96 bytes).
    Removing bsp_iic.o(i.IIC_Write_One_Byte), (76 bytes).
    Removing dadd.o(.text), (334 bytes).
    Removing dfixul.o(.text), (48 bytes).
    Removing cdrcmple.o(.text), (48 bytes).

474 unused section(s) (total 20200 bytes) removed from the image.

==============================================================================

Image Symbol Table

    Local Symbols

    Symbol Name                              Value     Ov Type        Size  Object(Section)

    ../clib/microlib/division.c              0x00000000   Number         0  uidiv.o ABSOLUTE
    ../clib/microlib/division.c              0x00000000   Number         0  uldiv.o ABSOLUTE
    ../clib/microlib/init/entry.s            0x00000000   Number         0  entry.o ABSOLUTE
    ../clib/microlib/init/entry.s            0x00000000   Number         0  entry10a.o ABSOLUTE
    ../clib/microlib/init/entry.s            0x00000000   Number         0  entry11b.o ABSOLUTE
    ../clib/microlib/init/entry.s            0x00000000   Number         0  entry11a.o ABSOLUTE
    ../clib/microlib/init/entry.s            0x00000000   Number         0  entry10b.o ABSOLUTE
    ../clib/microlib/init/entry.s            0x00000000   Number         0  entry9b.o ABSOLUTE
    ../clib/microlib/init/entry.s            0x00000000   Number         0  entry9a.o ABSOLUTE
    ../clib/microlib/init/entry.s            0x00000000   Number         0  entry8b.o ABSOLUTE
    ../clib/microlib/init/entry.s            0x00000000   Number         0  entry8a.o ABSOLUTE
    ../clib/microlib/init/entry.s            0x00000000   Number         0  entry7b.o ABSOLUTE
    ../clib/microlib/init/entry.s            0x00000000   Number         0  entry7a.o ABSOLUTE
    ../clib/microlib/init/entry.s            0x00000000   Number         0  entry5.o ABSOLUTE
    ../clib/microlib/init/entry.s            0x00000000   Number         0  entry2.o ABSOLUTE
    ../clib/microlib/longlong.c              0x00000000   Number         0  llsshr.o ABSOLUTE
    ../clib/microlib/longlong.c              0x00000000   Number         0  llshl.o ABSOLUTE
    ../clib/microlib/longlong.c              0x00000000   Number         0  llushr.o ABSOLUTE
    ../clib/microlib/printf/printf.c         0x00000000   Number         0  printf5.o ABSOLUTE
    ../clib/microlib/printf/printf.c         0x00000000   Number         0  printf8.o ABSOLUTE
    ../clib/microlib/printf/printf.c         0x00000000   Number         0  printfa.o ABSOLUTE
    ../clib/microlib/printf/printf.c         0x00000000   Number         0  printf6.o ABSOLUTE
    ../clib/microlib/printf/printf.c         0x00000000   Number         0  printf7.o ABSOLUTE
    ../clib/microlib/printf/printf.c         0x00000000   Number         0  printf4.o ABSOLUTE
    ../clib/microlib/printf/printf.c         0x00000000   Number         0  printf3.o ABSOLUTE
    ../clib/microlib/printf/printf.c         0x00000000   Number         0  printf2.o ABSOLUTE
    ../clib/microlib/printf/printf.c         0x00000000   Number         0  printf1.o ABSOLUTE
    ../clib/microlib/printf/printf.c         0x00000000   Number         0  printf0.o ABSOLUTE
    ../clib/microlib/printf/printf.c         0x00000000   Number         0  printfb.o ABSOLUTE
    ../clib/microlib/printf/stubs.s          0x00000000   Number         0  stubs.o ABSOLUTE
    ../clib/microlib/stdio/streams.c         0x00000000   Number         0  stdout.o ABSOLUTE
    ../clib/microlib/string/memset.c         0x00000000   Number         0  memseta.o ABSOLUTE
    ../clib/microlib/stubs.s                 0x00000000   Number         0  iusefp.o ABSOLUTE
    ../fplib/microlib/f2d.c                  0x00000000   Number         0  f2d.o ABSOLUTE
    ../fplib/microlib/fpadd.c                0x00000000   Number         0  dadd.o ABSOLUTE
    ../fplib/microlib/fpdiv.c                0x00000000   Number         0  ddiv.o ABSOLUTE
    ../fplib/microlib/fpepilogue.c           0x00000000   Number         0  depilogue.o ABSOLUTE
    ../fplib/microlib/fpepilogue.c           0x00000000   Number         0  fepilogue.o ABSOLUTE
    ../fplib/microlib/fpfix.c                0x00000000   Number         0  dfixi.o ABSOLUTE
    ../fplib/microlib/fpfix.c                0x00000000   Number         0  dfixul.o ABSOLUTE
    ../fplib/microlib/fpflt.c                0x00000000   Number         0  fflti.o ABSOLUTE
    ../fplib/microlib/fpmul.c                0x00000000   Number         0  dmul.o ABSOLUTE
    BSP\\src\\bsp_sys.c                      0x00000000   Number         0  bsp_sys.o ABSOLUTE
    BSP\src\bsp.c                            0x00000000   Number         0  bsp.o ABSOLUTE
    BSP\src\bsp_24l01.c                      0x00000000   Number         0  bsp_24l01.o ABSOLUTE
    BSP\src\bsp_adc.c                        0x00000000   Number         0  bsp_adc.o ABSOLUTE
    BSP\src\bsp_button.c                     0x00000000   Number         0  bsp_button.o ABSOLUTE
    BSP\src\bsp_iic.c                        0x00000000   Number         0  bsp_iic.o ABSOLUTE
    BSP\src\bsp_led.c                        0x00000000   Number         0  bsp_led.o ABSOLUTE
    BSP\src\bsp_oled.c                       0x00000000   Number         0  bsp_oled.o ABSOLUTE
    BSP\src\bsp_spi.c                        0x00000000   Number         0  bsp_spi.o ABSOLUTE
    BSP\src\bsp_sys.c                        0x00000000   Number         0  bsp_sys.o ABSOLUTE
    BSP\src\bsp_systick.c                    0x00000000   Number         0  bsp_systick.o ABSOLUTE
    BSP\src\oledfont.c                       0x00000000   Number         0  oledfont.o ABSOLUTE
    CMSIS\\core_cm3.c                        0x00000000   Number         0  core_cm3.o ABSOLUTE
    CMSIS\core_cm3.c                         0x00000000   Number         0  core_cm3.o ABSOLUTE
    CMSIS\system_stm32f10x.c                 0x00000000   Number         0  system_stm32f10x.o ABSOLUTE
    FWlib\src\misc.c                         0x00000000   Number         0  misc.o ABSOLUTE
    FWlib\src\stm32f10x_adc.c                0x00000000   Number         0  stm32f10x_adc.o ABSOLUTE
    FWlib\src\stm32f10x_bkp.c                0x00000000   Number         0  stm32f10x_bkp.o ABSOLUTE
    FWlib\src\stm32f10x_can.c                0x00000000   Number         0  stm32f10x_can.o ABSOLUTE
    FWlib\src\stm32f10x_cec.c                0x00000000   Number         0  stm32f10x_cec.o ABSOLUTE
    FWlib\src\stm32f10x_crc.c                0x00000000   Number         0  stm32f10x_crc.o ABSOLUTE
    FWlib\src\stm32f10x_dac.c                0x00000000   Number         0  stm32f10x_dac.o ABSOLUTE
    FWlib\src\stm32f10x_dbgmcu.c             0x00000000   Number         0  stm32f10x_dbgmcu.o ABSOLUTE
    FWlib\src\stm32f10x_dma.c                0x00000000   Number         0  stm32f10x_dma.o ABSOLUTE
    FWlib\src\stm32f10x_exti.c               0x00000000   Number         0  stm32f10x_exti.o ABSOLUTE
    FWlib\src\stm32f10x_flash.c              0x00000000   Number         0  stm32f10x_flash.o ABSOLUTE
    FWlib\src\stm32f10x_fsmc.c               0x00000000   Number         0  stm32f10x_fsmc.o ABSOLUTE
    FWlib\src\stm32f10x_gpio.c               0x00000000   Number         0  stm32f10x_gpio.o ABSOLUTE
    FWlib\src\stm32f10x_i2c.c                0x00000000   Number         0  stm32f10x_i2c.o ABSOLUTE
    FWlib\src\stm32f10x_iwdg.c               0x00000000   Number         0  stm32f10x_iwdg.o ABSOLUTE
    FWlib\src\stm32f10x_pwr.c                0x00000000   Number         0  stm32f10x_pwr.o ABSOLUTE
    FWlib\src\stm32f10x_rcc.c                0x00000000   Number         0  stm32f10x_rcc.o ABSOLUTE
    FWlib\src\stm32f10x_rtc.c                0x00000000   Number         0  stm32f10x_rtc.o ABSOLUTE
    FWlib\src\stm32f10x_sdio.c               0x00000000   Number         0  stm32f10x_sdio.o ABSOLUTE
    FWlib\src\stm32f10x_spi.c                0x00000000   Number         0  stm32f10x_spi.o ABSOLUTE
    FWlib\src\stm32f10x_tim.c                0x00000000   Number         0  stm32f10x_tim.o ABSOLUTE
    FWlib\src\stm32f10x_usart.c              0x00000000   Number         0  stm32f10x_usart.o ABSOLUTE
    FWlib\src\stm32f10x_wwdg.c               0x00000000   Number         0  stm32f10x_wwdg.o ABSOLUTE
    USART.c                                  0x00000000   Number         0  usart.o ABSOLUTE
    cdrcmple.s                               0x00000000   Number         0  cdrcmple.o ABSOLUTE
    dc.s                                     0x00000000   Number         0  dc.o ABSOLUTE
    handlers.s                               0x00000000   Number         0  handlers.o ABSOLUTE
    init.s                                   0x00000000   Number         0  init.o ABSOLUTE
    startup\startup_stm32f10x_md.s           0x00000000   Number         0  startup_stm32f10x_md.o ABSOLUTE
    user\communication.c                     0x00000000   Number         0  communication.o ABSOLUTE
    user\main.c                              0x00000000   Number         0  main.o ABSOLUTE
    user\stm32f10x_it.c                      0x00000000   Number         0  stm32f10x_it.o ABSOLUTE
    RESET                                    0x08000000   Section      236  startup_stm32f10x_md.o(RESET)
    .ARM.Collect$$$$00000000                 0x080000ec   Section        0  entry.o(.ARM.Collect$$$$00000000)
    .ARM.Collect$$$$00000001                 0x080000ec   Section        4  entry2.o(.ARM.Collect$$$$00000001)
    .ARM.Collect$$$$00000004                 0x080000f0   Section        4  entry5.o(.ARM.Collect$$$$00000004)
    .ARM.Collect$$$$00000008                 0x080000f4   Section        0  entry7b.o(.ARM.Collect$$$$00000008)
    .ARM.Collect$$$$0000000A                 0x080000f4   Section        0  entry8b.o(.ARM.Collect$$$$0000000A)
    .ARM.Collect$$$$0000000B                 0x080000f4   Section        8  entry9a.o(.ARM.Collect$$$$0000000B)
    .ARM.Collect$$$$0000000D                 0x080000fc   Section        0  entry10a.o(.ARM.Collect$$$$0000000D)
    .ARM.Collect$$$$0000000F                 0x080000fc   Section        0  entry11a.o(.ARM.Collect$$$$0000000F)
    .ARM.Collect$$$$00002712                 0x080000fc   Section        4  entry2.o(.ARM.Collect$$$$00002712)
    __lit__00000000                          0x080000fc   Data           4  entry2.o(.ARM.Collect$$$$00002712)
    .text                                    0x08000100   Section       36  startup_stm32f10x_md.o(.text)
    .text                                    0x08000124   Section        0  memseta.o(.text)
    .text                                    0x08000148   Section        0  dmul.o(.text)
    .text                                    0x0800022c   Section        0  ddiv.o(.text)
    .text                                    0x0800030a   Section        0  fflti.o(.text)
    .text                                    0x0800031c   Section        0  dfixi.o(.text)
    .text                                    0x0800035a   Section        0  f2d.o(.text)
    .text                                    0x08000380   Section        0  uldiv.o(.text)
    .text                                    0x080003e2   Section        0  llushr.o(.text)
    .text                                    0x08000402   Section        0  iusefp.o(.text)
    .text                                    0x08000402   Section        0  fepilogue.o(.text)
    .text                                    0x08000470   Section        0  depilogue.o(.text)
    .text                                    0x0800052c   Section       36  init.o(.text)
    .text                                    0x08000550   Section        0  llshl.o(.text)
    i.ADC_Cmd                                0x0800056e   Section        0  stm32f10x_adc.o(i.ADC_Cmd)
    i.ADC_DMACmd                             0x08000584   Section        0  stm32f10x_adc.o(i.ADC_DMACmd)
    i.ADC_DeInit                             0x0800059c   Section        0  stm32f10x_adc.o(i.ADC_DeInit)
    i.ADC_GetCalibrationStatus               0x080005f8   Section        0  stm32f10x_adc.o(i.ADC_GetCalibrationStatus)
    i.ADC_GetResetCalibrationStatus          0x0800060c   Section        0  stm32f10x_adc.o(i.ADC_GetResetCalibrationStatus)
    i.ADC_Init                               0x08000620   Section        0  stm32f10x_adc.o(i.ADC_Init)
    i.ADC_RegularChannelConfig               0x08000670   Section        0  stm32f10x_adc.o(i.ADC_RegularChannelConfig)
    i.ADC_ResetCalibration                   0x08000728   Section        0  stm32f10x_adc.o(i.ADC_ResetCalibration)
    i.ADC_SoftwareStartConvCmd               0x08000732   Section        0  stm32f10x_adc.o(i.ADC_SoftwareStartConvCmd)
    i.ADC_StartCalibration                   0x08000748   Section        0  stm32f10x_adc.o(i.ADC_StartCalibration)
    i.BSP_init                               0x08000752   Section        0  bsp.o(i.BSP_init)
    i.BusFault_Handler                       0x0800077a   Section        0  stm32f10x_it.o(i.BusFault_Handler)
    i.Button_EXTI_Init                       0x0800077e   Section        0  bsp_button.o(i.Button_EXTI_Init)
    Button_EXTI_Init                         0x0800077f   Thumb Code   128  bsp_button.o(i.Button_EXTI_Init)
    i.Button_GPIO_Init                       0x08000800   Section        0  bsp_button.o(i.Button_GPIO_Init)
    Button_GPIO_Init                         0x08000801   Thumb Code    56  bsp_button.o(i.Button_GPIO_Init)
    i.Button_Init                            0x08000840   Section        0  bsp_button.o(i.Button_Init)
    i.Button_NVIC_Init                       0x08000850   Section        0  bsp_button.o(i.Button_NVIC_Init)
    Button_NVIC_Init                         0x08000851   Thumb Code    90  bsp_button.o(i.Button_NVIC_Init)
    i.Cal_Checksum                           0x080008aa   Section        0  communication.o(i.Cal_Checksum)
    Cal_Checksum                             0x080008ab   Thumb Code    24  communication.o(i.Cal_Checksum)
    i.Comm_Init                              0x080008c4   Section        0  communication.o(i.Comm_Init)
    i.DMA_Cmd                                0x080008e4   Section        0  stm32f10x_dma.o(i.DMA_Cmd)
    i.DMA_DeInit                             0x080008fc   Section        0  stm32f10x_dma.o(i.DMA_DeInit)
    i.DMA_Init                               0x08000a48   Section        0  stm32f10x_dma.o(i.DMA_Init)
    i.DebugMon_Handler                       0x08000a84   Section        0  stm32f10x_it.o(i.DebugMon_Handler)
    i.EXTI15_10_IRQHandler                   0x08000a86   Section        0  bsp_button.o(i.EXTI15_10_IRQHandler)
    i.EXTI2_IRQHandler                       0x08000ac0   Section        0  bsp_button.o(i.EXTI2_IRQHandler)
    i.EXTI9_5_IRQHandler                     0x08000ad2   Section        0  bsp_button.o(i.EXTI9_5_IRQHandler)
    i.EXTI_ClearITPendingBit                 0x08000ae8   Section        0  stm32f10x_exti.o(i.EXTI_ClearITPendingBit)
    i.EXTI_GetITStatus                       0x08000af4   Section        0  stm32f10x_exti.o(i.EXTI_GetITStatus)
    i.EXTI_Init                              0x08000b1c   Section        0  stm32f10x_exti.o(i.EXTI_Init)
    i.Fill_Data                              0x08000bb0   Section        0  communication.o(i.Fill_Data)
    i.Flush_Data                             0x08000bde   Section        0  communication.o(i.Flush_Data)
    Flush_Data                               0x08000bdf   Thumb Code    14  communication.o(i.Flush_Data)
    i.GPIO_EXTILineConfig                    0x08000bec   Section        0  stm32f10x_gpio.o(i.GPIO_EXTILineConfig)
    i.GPIO_Init                              0x08000c2c   Section        0  stm32f10x_gpio.o(i.GPIO_Init)
    i.GPIO_ResetBits                         0x08000d42   Section        0  stm32f10x_gpio.o(i.GPIO_ResetBits)
    i.GPIO_SetBits                           0x08000d46   Section        0  stm32f10x_gpio.o(i.GPIO_SetBits)
    i.Handle_XY                              0x08000d4c   Section        0  bsp_oled.o(i.Handle_XY)
    i.Handle_adc_value                       0x08000dac   Section        0  bsp_adc.o(i.Handle_adc_value)
    i.Handle_coordinate                      0x08000e30   Section        0  bsp_adc.o(i.Handle_coordinate)
    i.HardFault_Handler                      0x08000e58   Section        0  stm32f10x_it.o(i.HardFault_Handler)
    i.IIC_Init                               0x08000e5c   Section        0  bsp_iic.o(i.IIC_Init)
    i.IIC_Send_Byte                          0x08000e9c   Section        0  bsp_iic.o(i.IIC_Send_Byte)
    i.IIC_Start                              0x08000ee0   Section        0  bsp_iic.o(i.IIC_Start)
    i.IIC_Stop                               0x08000f10   Section        0  bsp_iic.o(i.IIC_Stop)
    i.IIC_Wait_Ack                           0x08000f3c   Section        0  bsp_iic.o(i.IIC_Wait_Ack)
    i.Joystick_ADC_Init                      0x08000f84   Section        0  bsp_adc.o(i.Joystick_ADC_Init)
    i.Joystick_DMA_Init                      0x08001058   Section        0  bsp_adc.o(i.Joystick_DMA_Init)
    i.LED_GPIO_Config                        0x080010b8   Section        0  bsp_led.o(i.LED_GPIO_Config)
    i.MemManage_Handler                      0x080010f0   Section        0  stm32f10x_it.o(i.MemManage_Handler)
    i.NMI_Handler                            0x080010f4   Section        0  stm32f10x_it.o(i.NMI_Handler)
    i.NRF24L01_Init                          0x080010f8   Section        0  bsp_24l01.o(i.NRF24L01_Init)
    i.NVIC_Config                            0x08001154   Section        0  usart.o(i.NVIC_Config)
    NVIC_Config                              0x08001155   Thumb Code    38  usart.o(i.NVIC_Config)
    i.NVIC_Init                              0x0800117c   Section        0  misc.o(i.NVIC_Init)
    i.NVIC_PriorityGroupConfig               0x080011ec   Section        0  misc.o(i.NVIC_PriorityGroupConfig)
    i.OLED_Clear                             0x08001200   Section        0  bsp_oled.o(i.OLED_Clear)
    i.OLED_Display_XY                        0x08001240   Section        0  bsp_oled.o(i.OLED_Display_XY)
    i.OLED_Init                              0x080012e8   Section        0  bsp_oled.o(i.OLED_Init)
    i.OLED_Set_Pos                           0x080013d2   Section        0  bsp_oled.o(i.OLED_Set_Pos)
    i.OLED_ShowChar                          0x080013fc   Section        0  bsp_oled.o(i.OLED_ShowChar)
    i.OLED_ShowString                        0x080014a0   Section        0  bsp_oled.o(i.OLED_ShowString)
    i.OLED_WR_Byte                           0x080014da   Section        0  bsp_oled.o(i.OLED_WR_Byte)
    i.PendSV_Handler                         0x080014f2   Section        0  stm32f10x_it.o(i.PendSV_Handler)
    i.RCC_ADCCLKConfig                       0x080014f4   Section        0  stm32f10x_rcc.o(i.RCC_ADCCLKConfig)
    i.RCC_AHBPeriphClockCmd                  0x0800150c   Section        0  stm32f10x_rcc.o(i.RCC_AHBPeriphClockCmd)
    i.RCC_APB2PeriphClockCmd                 0x0800152c   Section        0  stm32f10x_rcc.o(i.RCC_APB2PeriphClockCmd)
    i.RCC_APB2PeriphResetCmd                 0x0800154c   Section        0  stm32f10x_rcc.o(i.RCC_APB2PeriphResetCmd)
    i.RCC_GetClocksFreq                      0x0800156c   Section        0  stm32f10x_rcc.o(i.RCC_GetClocksFreq)
    i.SPI1_Init                              0x08001640   Section        0  bsp_spi.o(i.SPI1_Init)
    i.SPI1_ReadWriteByte                     0x080016d0   Section        0  bsp_spi.o(i.SPI1_ReadWriteByte)
    i.SPI_Cmd                                0x08001708   Section        0  stm32f10x_spi.o(i.SPI_Cmd)
    i.SPI_I2S_GetFlagStatus                  0x08001720   Section        0  stm32f10x_spi.o(i.SPI_I2S_GetFlagStatus)
    i.SPI_I2S_ReceiveData                    0x08001732   Section        0  stm32f10x_spi.o(i.SPI_I2S_ReceiveData)
    i.SPI_I2S_SendData                       0x08001738   Section        0  stm32f10x_spi.o(i.SPI_I2S_SendData)
    i.SPI_Init                               0x0800173c   Section        0  stm32f10x_spi.o(i.SPI_Init)
    i.SVC_Handler                            0x08001778   Section        0  stm32f10x_it.o(i.SVC_Handler)
    i.SetSysClock                            0x0800177a   Section        0  system_stm32f10x.o(i.SetSysClock)
    SetSysClock                              0x0800177b   Thumb Code     8  system_stm32f10x.o(i.SetSysClock)
    i.SetSysClockTo72                        0x08001784   Section        0  system_stm32f10x.o(i.SetSysClockTo72)
    SetSysClockTo72                          0x08001785   Thumb Code   214  system_stm32f10x.o(i.SetSysClockTo72)
    i.SysTick_CLKSourceConfig                0x08001864   Section        0  misc.o(i.SysTick_CLKSourceConfig)
    i.SysTick_Handler                        0x0800188c   Section        0  stm32f10x_it.o(i.SysTick_Handler)
    i.SystemInit                             0x08001890   Section        0  system_stm32f10x.o(i.SystemInit)
    i.USART1_IRQHandler                      0x080018f0   Section        0  stm32f10x_it.o(i.USART1_IRQHandler)
    i.USART_Cmd                              0x08001914   Section        0  stm32f10x_usart.o(i.USART_Cmd)
    i.USART_Config                           0x0800192c   Section        0  usart.o(i.USART_Config)
    i.USART_GetITStatus                      0x080019bc   Section        0  stm32f10x_usart.o(i.USART_GetITStatus)
    i.USART_ITConfig                         0x08001a10   Section        0  stm32f10x_usart.o(i.USART_ITConfig)
    i.USART_Init                             0x08001a5c   Section        0  stm32f10x_usart.o(i.USART_Init)
    i.USART_ReceiveData                      0x08001b34   Section        0  stm32f10x_usart.o(i.USART_ReceiveData)
    i.USART_SendData                         0x08001b3e   Section        0  stm32f10x_usart.o(i.USART_SendData)
    i.UsageFault_Handler                     0x08001b46   Section        0  stm32f10x_it.o(i.UsageFault_Handler)
    i.Write_IIC_Command                      0x08001b4a   Section        0  bsp_oled.o(i.Write_IIC_Command)
    i.Write_IIC_Data                         0x08001b76   Section        0  bsp_oled.o(i.Write_IIC_Data)
    i.__0sprintf$5                           0x08001ba4   Section        0  printf5.o(i.__0sprintf$5)
    i.__scatterload_copy                     0x08001bcc   Section       14  handlers.o(i.__scatterload_copy)
    i.__scatterload_null                     0x08001bda   Section        2  handlers.o(i.__scatterload_null)
    i.__scatterload_zeroinit                 0x08001bdc   Section       14  handlers.o(i.__scatterload_zeroinit)
    i._printf_core                           0x08001bec   Section        0  printf5.o(i._printf_core)
    _printf_core                             0x08001bed   Thumb Code   658  printf5.o(i._printf_core)
    i._sputc                                 0x08001eac   Section        0  printf5.o(i._sputc)
    _sputc                                   0x08001ead   Thumb Code    10  printf5.o(i._sputc)
    i.cal_range                              0x08001eb8   Section        0  bsp_adc.o(i.cal_range)
    i.delay_init                             0x08001f70   Section        0  bsp_systick.o(i.delay_init)
    i.delay_ms                               0x08001fb4   Section        0  bsp_systick.o(i.delay_ms)
    i.iic_delay                              0x08002000   Section        0  bsp_iic.o(i.iic_delay)
    i.main                                   0x08002010   Section        0  main.o(i.main)
    i.twinkle                                0x08002050   Section        0  main.o(i.twinkle)
    .constdata                               0x0800207c   Section     3992  oledfont.o(.constdata)
    .data                                    0x20000000   Section       20  system_stm32f10x.o(.data)
    .data                                    0x20000014   Section        7  communication.o(.data)
    .data                                    0x2000001b   Section       20  stm32f10x_rcc.o(.data)
    APBAHBPrescTable                         0x2000001b   Data          16  stm32f10x_rcc.o(.data)
    ADCPrescTable                            0x2000002b   Data           4  stm32f10x_rcc.o(.data)
    .data                                    0x20000030   Section        4  bsp_systick.o(.data)
    fac_us                                   0x20000030   Data           1  bsp_systick.o(.data)
    fac_ms                                   0x20000032   Data           2  bsp_systick.o(.data)
    .data                                    0x20000034   Section       20  bsp_adc.o(.data)
    .bss                                     0x20000048   Section       40  bsp_adc.o(.bss)
    STACK                                    0x20000070   Section     1024  startup_stm32f10x_md.o(STACK)

    Global Symbols

    Symbol Name                              Value     Ov Type        Size  Object(Section)

    BuildAttributes$$THM_ISAv4$P$D$K$B$S$PE$A:L22UL41UL21$X:L11$S22US41US21$IEEE1$IW$USESV6$~STKCKD$USESV7$~SHL$OTIME$ROPI$EBA8$MICROLIB$REQ8$PRES8$EABIv2 0x00000000   Number         0  anon$$obj.o ABSOLUTE
    __ARM_use_no_argv                        0x00000000   Number         0  main.o ABSOLUTE
    _printf_a                                0x00000000   Number         0  stubs.o ABSOLUTE
    _printf_c                                0x00000000   Number         0  stubs.o ABSOLUTE
    _printf_charcount                        0x00000000   Number         0  stubs.o ABSOLUTE
    _printf_d                                0x00000000   Number         0  stubs.o ABSOLUTE
    _printf_e                                0x00000000   Number         0  stubs.o ABSOLUTE
    _printf_f                                0x00000000   Number         0  stubs.o ABSOLUTE
    _printf_flags                            0x00000000   Number         0  stubs.o ABSOLUTE
    _printf_fp_dec                           0x00000000   Number         0  stubs.o ABSOLUTE
    _printf_fp_hex                           0x00000000   Number         0  stubs.o ABSOLUTE
    _printf_g                                0x00000000   Number         0  stubs.o ABSOLUTE
    _printf_i                                0x00000000   Number         0  stubs.o ABSOLUTE
    _printf_int_dec                          0x00000000   Number         0  stubs.o ABSOLUTE
    _printf_l                                0x00000000   Number         0  stubs.o ABSOLUTE
    _printf_lc                               0x00000000   Number         0  stubs.o ABSOLUTE
    _printf_ll                               0x00000000   Number         0  stubs.o ABSOLUTE
    _printf_lld                              0x00000000   Number         0  stubs.o ABSOLUTE
    _printf_lli                              0x00000000   Number         0  stubs.o ABSOLUTE
    _printf_llo                              0x00000000   Number         0  stubs.o ABSOLUTE
    _printf_llu                              0x00000000   Number         0  stubs.o ABSOLUTE
    _printf_llx                              0x00000000   Number         0  stubs.o ABSOLUTE
    _printf_longlong_dec                     0x00000000   Number         0  stubs.o ABSOLUTE
    _printf_longlong_hex                     0x00000000   Number         0  stubs.o ABSOLUTE
    _printf_longlong_oct                     0x00000000   Number         0  stubs.o ABSOLUTE
    _printf_ls                               0x00000000   Number         0  stubs.o ABSOLUTE
    _printf_mbtowc                           0x00000000   Number         0  stubs.o ABSOLUTE
    _printf_n                                0x00000000   Number         0  stubs.o ABSOLUTE
    _printf_o                                0x00000000   Number         0  stubs.o ABSOLUTE
    _printf_p                                0x00000000   Number         0  stubs.o ABSOLUTE
    _printf_percent                          0x00000000   Number         0  stubs.o ABSOLUTE
    _printf_pre_padding                      0x00000000   Number         0  stubs.o ABSOLUTE
    _printf_return_value                     0x00000000   Number         0  stubs.o ABSOLUTE
    _printf_s                                0x00000000   Number         0  stubs.o ABSOLUTE
    _printf_sizespec                         0x00000000   Number         0  stubs.o ABSOLUTE
    _printf_str                              0x00000000   Number         0  stubs.o ABSOLUTE
    _printf_truncate_signed                  0x00000000   Number         0  stubs.o ABSOLUTE
    _printf_truncate_unsigned                0x00000000   Number         0  stubs.o ABSOLUTE
    _printf_u                                0x00000000   Number         0  stubs.o ABSOLUTE
    _printf_wc                               0x00000000   Number         0  stubs.o ABSOLUTE
    _printf_wctomb                           0x00000000   Number         0  stubs.o ABSOLUTE
    _printf_widthprec                        0x00000000   Number         0  stubs.o ABSOLUTE
    _printf_x                                0x00000000   Number         0  stubs.o ABSOLUTE
    __cpp_initialize__aeabi_                  - Undefined Weak Reference
    __cxa_finalize                            - Undefined Weak Reference
    __decompress                              - Undefined Weak Reference
    _clock_init                               - Undefined Weak Reference
    _microlib_exit                            - Undefined Weak Reference
    __Vectors_Size                           0x000000ec   Number         0  startup_stm32f10x_md.o ABSOLUTE
    __Vectors                                0x08000000   Data           4  startup_stm32f10x_md.o(RESET)
    __Vectors_End                            0x080000ec   Data           0  startup_stm32f10x_md.o(RESET)
    __main                                   0x080000ed   Thumb Code     0  entry.o(.ARM.Collect$$$$00000000)
    _main_stk                                0x080000ed   Thumb Code     0  entry2.o(.ARM.Collect$$$$00000001)
    _main_scatterload                        0x080000f1   Thumb Code     0  entry5.o(.ARM.Collect$$$$00000004)
    __main_after_scatterload                 0x080000f5   Thumb Code     0  entry5.o(.ARM.Collect$$$$00000004)
    _main_clock                              0x080000f5   Thumb Code     0  entry7b.o(.ARM.Collect$$$$00000008)
    _main_cpp_init                           0x080000f5   Thumb Code     0  entry8b.o(.ARM.Collect$$$$0000000A)
    _main_init                               0x080000f5   Thumb Code     0  entry9a.o(.ARM.Collect$$$$0000000B)
    __rt_final_cpp                           0x080000fd   Thumb Code     0  entry10a.o(.ARM.Collect$$$$0000000D)
    __rt_final_exit                          0x080000fd   Thumb Code     0  entry11a.o(.ARM.Collect$$$$0000000F)
    Reset_Handler                            0x08000101   Thumb Code     8  startup_stm32f10x_md.o(.text)
    ADC1_2_IRQHandler                        0x0800011b   Thumb Code     0  startup_stm32f10x_md.o(.text)
    CAN1_RX1_IRQHandler                      0x0800011b   Thumb Code     0  startup_stm32f10x_md.o(.text)
    CAN1_SCE_IRQHandler                      0x0800011b   Thumb Code     0  startup_stm32f10x_md.o(.text)
    DMA1_Channel1_IRQHandler                 0x0800011b   Thumb Code     0  startup_stm32f10x_md.o(.text)
    DMA1_Channel2_IRQHandler                 0x0800011b   Thumb Code     0  startup_stm32f10x_md.o(.text)
    DMA1_Channel3_IRQHandler                 0x0800011b   Thumb Code     0  startup_stm32f10x_md.o(.text)
    DMA1_Channel4_IRQHandler                 0x0800011b   Thumb Code     0  startup_stm32f10x_md.o(.text)
    DMA1_Channel5_IRQHandler                 0x0800011b   Thumb Code     0  startup_stm32f10x_md.o(.text)
    DMA1_Channel6_IRQHandler                 0x0800011b   Thumb Code     0  startup_stm32f10x_md.o(.text)
    DMA1_Channel7_IRQHandler                 0x0800011b   Thumb Code     0  startup_stm32f10x_md.o(.text)
    EXTI0_IRQHandler                         0x0800011b   Thumb Code     0  startup_stm32f10x_md.o(.text)
    EXTI1_IRQHandler                         0x0800011b   Thumb Code     0  startup_stm32f10x_md.o(.text)
    EXTI3_IRQHandler                         0x0800011b   Thumb Code     0  startup_stm32f10x_md.o(.text)
    EXTI4_IRQHandler                         0x0800011b   Thumb Code     0  startup_stm32f10x_md.o(.text)
    FLASH_IRQHandler                         0x0800011b   Thumb Code     0  startup_stm32f10x_md.o(.text)
    I2C1_ER_IRQHandler                       0x0800011b   Thumb Code     0  startup_stm32f10x_md.o(.text)
    I2C1_EV_IRQHandler                       0x0800011b   Thumb Code     0  startup_stm32f10x_md.o(.text)
    I2C2_ER_IRQHandler                       0x0800011b   Thumb Code     0  startup_stm32f10x_md.o(.text)
    I2C2_EV_IRQHandler                       0x0800011b   Thumb Code     0  startup_stm32f10x_md.o(.text)
    PVD_IRQHandler                           0x0800011b   Thumb Code     0  startup_stm32f10x_md.o(.text)
    RCC_IRQHandler                           0x0800011b   Thumb Code     0  startup_stm32f10x_md.o(.text)
    RTCAlarm_IRQHandler                      0x0800011b   Thumb Code     0  startup_stm32f10x_md.o(.text)
    RTC_IRQHandler                           0x0800011b   Thumb Code     0  startup_stm32f10x_md.o(.text)
    SPI1_IRQHandler                          0x0800011b   Thumb Code     0  startup_stm32f10x_md.o(.text)
    SPI2_IRQHandler                          0x0800011b   Thumb Code     0  startup_stm32f10x_md.o(.text)
    TAMPER_IRQHandler                        0x0800011b   Thumb Code     0  startup_stm32f10x_md.o(.text)
    TIM1_BRK_IRQHandler                      0x0800011b   Thumb Code     0  startup_stm32f10x_md.o(.text)
    TIM1_CC_IRQHandler                       0x0800011b   Thumb Code     0  startup_stm32f10x_md.o(.text)
    TIM1_TRG_COM_IRQHandler                  0x0800011b   Thumb Code     0  startup_stm32f10x_md.o(.text)
    TIM1_UP_IRQHandler                       0x0800011b   Thumb Code     0  startup_stm32f10x_md.o(.text)
    TIM2_IRQHandler                          0x0800011b   Thumb Code     0  startup_stm32f10x_md.o(.text)
    TIM3_IRQHandler                          0x0800011b   Thumb Code     0  startup_stm32f10x_md.o(.text)
    TIM4_IRQHandler                          0x0800011b   Thumb Code     0  startup_stm32f10x_md.o(.text)
    USART2_IRQHandler                        0x0800011b   Thumb Code     0  startup_stm32f10x_md.o(.text)
    USART3_IRQHandler                        0x0800011b   Thumb Code     0  startup_stm32f10x_md.o(.text)
    USBWakeUp_IRQHandler                     0x0800011b   Thumb Code     0  startup_stm32f10x_md.o(.text)
    USB_HP_CAN1_TX_IRQHandler                0x0800011b   Thumb Code     0  startup_stm32f10x_md.o(.text)
    USB_LP_CAN1_RX0_IRQHandler               0x0800011b   Thumb Code     0  startup_stm32f10x_md.o(.text)
    WWDG_IRQHandler                          0x0800011b   Thumb Code     0  startup_stm32f10x_md.o(.text)
    __aeabi_memset                           0x08000125   Thumb Code    14  memseta.o(.text)
    __aeabi_memset4                          0x08000125   Thumb Code     0  memseta.o(.text)
    __aeabi_memset8                          0x08000125   Thumb Code     0  memseta.o(.text)
    __aeabi_memclr                           0x08000133   Thumb Code     4  memseta.o(.text)
    __aeabi_memclr4                          0x08000133   Thumb Code     0  memseta.o(.text)
    __aeabi_memclr8                          0x08000133   Thumb Code     0  memseta.o(.text)
    _memset$wrapper                          0x08000137   Thumb Code    18  memseta.o(.text)
    __aeabi_dmul                             0x08000149   Thumb Code   228  dmul.o(.text)
    __aeabi_ddiv                             0x0800022d   Thumb Code   222  ddiv.o(.text)
    __aeabi_i2f                              0x0800030b   Thumb Code    18  fflti.o(.text)
    __aeabi_d2iz                             0x0800031d   Thumb Code    62  dfixi.o(.text)
    __aeabi_f2d                              0x0800035b   Thumb Code    38  f2d.o(.text)
    __aeabi_uldivmod                         0x08000381   Thumb Code    98  uldiv.o(.text)
    __aeabi_llsr                             0x080003e3   Thumb Code    32  llushr.o(.text)
    _ll_ushift_r                             0x080003e3   Thumb Code     0  llushr.o(.text)
    __I$use$fp                               0x08000403   Thumb Code     0  iusefp.o(.text)
    _float_round                             0x08000403   Thumb Code    18  fepilogue.o(.text)
    _float_epilogue                          0x08000415   Thumb Code    92  fepilogue.o(.text)
    _double_round                            0x08000471   Thumb Code    30  depilogue.o(.text)
    _double_epilogue                         0x0800048f   Thumb Code   156  depilogue.o(.text)
    __scatterload                            0x0800052d   Thumb Code    28  init.o(.text)
    __scatterload_rt2                        0x0800052d   Thumb Code     0  init.o(.text)
    __aeabi_llsl                             0x08000551   Thumb Code    30  llshl.o(.text)
    _ll_shift_l                              0x08000551   Thumb Code     0  llshl.o(.text)
    ADC_Cmd                                  0x0800056f   Thumb Code    22  stm32f10x_adc.o(i.ADC_Cmd)
    ADC_DMACmd                               0x08000585   Thumb Code    22  stm32f10x_adc.o(i.ADC_DMACmd)
    ADC_DeInit                               0x0800059d   Thumb Code    78  stm32f10x_adc.o(i.ADC_DeInit)
    ADC_GetCalibrationStatus                 0x080005f9   Thumb Code    20  stm32f10x_adc.o(i.ADC_GetCalibrationStatus)
    ADC_GetResetCalibrationStatus            0x0800060d   Thumb Code    20  stm32f10x_adc.o(i.ADC_GetResetCalibrationStatus)
    ADC_Init                                 0x08000621   Thumb Code    70  stm32f10x_adc.o(i.ADC_Init)
    ADC_RegularChannelConfig                 0x08000671   Thumb Code   184  stm32f10x_adc.o(i.ADC_RegularChannelConfig)
    ADC_ResetCalibration                     0x08000729   Thumb Code    10  stm32f10x_adc.o(i.ADC_ResetCalibration)
    ADC_SoftwareStartConvCmd                 0x08000733   Thumb Code    22  stm32f10x_adc.o(i.ADC_SoftwareStartConvCmd)
    ADC_StartCalibration                     0x08000749   Thumb Code    10  stm32f10x_adc.o(i.ADC_StartCalibration)
    BSP_init                                 0x08000753   Thumb Code    40  bsp.o(i.BSP_init)
    BusFault_Handler                         0x0800077b   Thumb Code     4  stm32f10x_it.o(i.BusFault_Handler)
    Button_Init                              0x08000841   Thumb Code    16  bsp_button.o(i.Button_Init)
    Comm_Init                                0x080008c5   Thumb Code    26  communication.o(i.Comm_Init)
    DMA_Cmd                                  0x080008e5   Thumb Code    24  stm32f10x_dma.o(i.DMA_Cmd)
    DMA_DeInit                               0x080008fd   Thumb Code   324  stm32f10x_dma.o(i.DMA_DeInit)
    DMA_Init                                 0x08000a49   Thumb Code    60  stm32f10x_dma.o(i.DMA_Init)
    DebugMon_Handler                         0x08000a85   Thumb Code     2  stm32f10x_it.o(i.DebugMon_Handler)
    EXTI15_10_IRQHandler                     0x08000a87   Thumb Code    58  bsp_button.o(i.EXTI15_10_IRQHandler)
    EXTI2_IRQHandler                         0x08000ac1   Thumb Code    18  bsp_button.o(i.EXTI2_IRQHandler)
    EXTI9_5_IRQHandler                       0x08000ad3   Thumb Code    22  bsp_button.o(i.EXTI9_5_IRQHandler)
    EXTI_ClearITPendingBit                   0x08000ae9   Thumb Code     6  stm32f10x_exti.o(i.EXTI_ClearITPendingBit)
    EXTI_GetITStatus                         0x08000af5   Thumb Code    34  stm32f10x_exti.o(i.EXTI_GetITStatus)
    EXTI_Init                                0x08000b1d   Thumb Code   142  stm32f10x_exti.o(i.EXTI_Init)
    Fill_Data                                0x08000bb1   Thumb Code    46  communication.o(i.Fill_Data)
    GPIO_EXTILineConfig                      0x08000bed   Thumb Code    60  stm32f10x_gpio.o(i.GPIO_EXTILineConfig)
    GPIO_Init                                0x08000c2d   Thumb Code   278  stm32f10x_gpio.o(i.GPIO_Init)
    GPIO_ResetBits                           0x08000d43   Thumb Code     4  stm32f10x_gpio.o(i.GPIO_ResetBits)
    GPIO_SetBits                             0x08000d47   Thumb Code     4  stm32f10x_gpio.o(i.GPIO_SetBits)
    Handle_XY                                0x08000d4d   Thumb Code    76  bsp_oled.o(i.Handle_XY)
    Handle_adc_value                         0x08000dad   Thumb Code   110  bsp_adc.o(i.Handle_adc_value)
    Handle_coordinate                        0x08000e31   Thumb Code    36  bsp_adc.o(i.Handle_coordinate)
    HardFault_Handler                        0x08000e59   Thumb Code     4  stm32f10x_it.o(i.HardFault_Handler)
    IIC_Init                                 0x08000e5d   Thumb Code    52  bsp_iic.o(i.IIC_Init)
    IIC_Send_Byte                            0x08000e9d   Thumb Code    60  bsp_iic.o(i.IIC_Send_Byte)
    IIC_Start                                0x08000ee1   Thumb Code    38  bsp_iic.o(i.IIC_Start)
    IIC_Stop                                 0x08000f11   Thumb Code    36  bsp_iic.o(i.IIC_Stop)
    IIC_Wait_Ack                             0x08000f3d   Thumb Code    64  bsp_iic.o(i.IIC_Wait_Ack)
    Joystick_ADC_Init                        0x08000f85   Thumb Code   204  bsp_adc.o(i.Joystick_ADC_Init)
    Joystick_DMA_Init                        0x08001059   Thumb Code    82  bsp_adc.o(i.Joystick_DMA_Init)
    LED_GPIO_Config                          0x080010b9   Thumb Code    50  bsp_led.o(i.LED_GPIO_Config)
    MemManage_Handler                        0x080010f1   Thumb Code     4  stm32f10x_it.o(i.MemManage_Handler)
    NMI_Handler                              0x080010f5   Thumb Code     2  stm32f10x_it.o(i.NMI_Handler)
    NRF24L01_Init                            0x080010f9   Thumb Code    78  bsp_24l01.o(i.NRF24L01_Init)
    NVIC_Init                                0x0800117d   Thumb Code   100  misc.o(i.NVIC_Init)
    NVIC_PriorityGroupConfig                 0x080011ed   Thumb Code    10  misc.o(i.NVIC_PriorityGroupConfig)
    OLED_Clear                               0x08001201   Thumb Code    62  bsp_oled.o(i.OLED_Clear)
    OLED_Display_XY                          0x08001241   Thumb Code   126  bsp_oled.o(i.OLED_Display_XY)
    OLED_Init                                0x080012e9   Thumb Code   234  bsp_oled.o(i.OLED_Init)
    OLED_Set_Pos                             0x080013d3   Thumb Code    40  bsp_oled.o(i.OLED_Set_Pos)
    OLED_ShowChar                            0x080013fd   Thumb Code   154  bsp_oled.o(i.OLED_ShowChar)
    OLED_ShowString                          0x080014a1   Thumb Code    58  bsp_oled.o(i.OLED_ShowString)
    OLED_WR_Byte                             0x080014db   Thumb Code    24  bsp_oled.o(i.OLED_WR_Byte)
    PendSV_Handler                           0x080014f3   Thumb Code     2  stm32f10x_it.o(i.PendSV_Handler)
    RCC_ADCCLKConfig                         0x080014f5   Thumb Code    18  stm32f10x_rcc.o(i.RCC_ADCCLKConfig)
    RCC_AHBPeriphClockCmd                    0x0800150d   Thumb Code    26  stm32f10x_rcc.o(i.RCC_AHBPeriphClockCmd)
    RCC_APB2PeriphClockCmd                   0x0800152d   Thumb Code    26  stm32f10x_rcc.o(i.RCC_APB2PeriphClockCmd)
    RCC_APB2PeriphResetCmd                   0x0800154d   Thumb Code    26  stm32f10x_rcc.o(i.RCC_APB2PeriphResetCmd)
    RCC_GetClocksFreq                        0x0800156d   Thumb Code   192  stm32f10x_rcc.o(i.RCC_GetClocksFreq)
    SPI1_Init                                0x08001641   Thumb Code   134  bsp_spi.o(i.SPI1_Init)
    SPI1_ReadWriteByte                       0x080016d1   Thumb Code    50  bsp_spi.o(i.SPI1_ReadWriteByte)
    SPI_Cmd                                  0x08001709   Thumb Code    24  stm32f10x_spi.o(i.SPI_Cmd)
    SPI_I2S_GetFlagStatus                    0x08001721   Thumb Code    18  stm32f10x_spi.o(i.SPI_I2S_GetFlagStatus)
    SPI_I2S_ReceiveData                      0x08001733   Thumb Code     6  stm32f10x_spi.o(i.SPI_I2S_ReceiveData)
    SPI_I2S_SendData                         0x08001739   Thumb Code     4  stm32f10x_spi.o(i.SPI_I2S_SendData)
    SPI_Init                                 0x0800173d   Thumb Code    60  stm32f10x_spi.o(i.SPI_Init)
    SVC_Handler                              0x08001779   Thumb Code     2  stm32f10x_it.o(i.SVC_Handler)
    SysTick_CLKSourceConfig                  0x08001865   Thumb Code    40  misc.o(i.SysTick_CLKSourceConfig)
    SysTick_Handler                          0x0800188d   Thumb Code     2  stm32f10x_it.o(i.SysTick_Handler)
    SystemInit                               0x08001891   Thumb Code    78  system_stm32f10x.o(i.SystemInit)
    USART1_IRQHandler                        0x080018f1   Thumb Code    32  stm32f10x_it.o(i.USART1_IRQHandler)
    USART_Cmd                                0x08001915   Thumb Code    24  stm32f10x_usart.o(i.USART_Cmd)
    USART_Config                             0x0800192d   Thumb Code   136  usart.o(i.USART_Config)
    USART_GetITStatus                        0x080019bd   Thumb Code    84  stm32f10x_usart.o(i.USART_GetITStatus)
    USART_ITConfig                           0x08001a11   Thumb Code    74  stm32f10x_usart.o(i.USART_ITConfig)
    USART_Init                               0x08001a5d   Thumb Code   210  stm32f10x_usart.o(i.USART_Init)
    USART_ReceiveData                        0x08001b35   Thumb Code    10  stm32f10x_usart.o(i.USART_ReceiveData)
    USART_SendData                           0x08001b3f   Thumb Code     8  stm32f10x_usart.o(i.USART_SendData)
    UsageFault_Handler                       0x08001b47   Thumb Code     4  stm32f10x_it.o(i.UsageFault_Handler)
    Write_IIC_Command                        0x08001b4b   Thumb Code    44  bsp_oled.o(i.Write_IIC_Command)
    Write_IIC_Data                           0x08001b77   Thumb Code    44  bsp_oled.o(i.Write_IIC_Data)
    __0sprintf$5                             0x08001ba5   Thumb Code    34  printf5.o(i.__0sprintf$5)
    __1sprintf$5                             0x08001ba5   Thumb Code     0  printf5.o(i.__0sprintf$5)
    __2sprintf                               0x08001ba5   Thumb Code     0  printf5.o(i.__0sprintf$5)
    __scatterload_copy                       0x08001bcd   Thumb Code    14  handlers.o(i.__scatterload_copy)
    __scatterload_null                       0x08001bdb   Thumb Code     2  handlers.o(i.__scatterload_null)
    __scatterload_zeroinit                   0x08001bdd   Thumb Code    14  handlers.o(i.__scatterload_zeroinit)
    cal_range                                0x08001eb9   Thumb Code   174  bsp_adc.o(i.cal_range)
    delay_init                               0x08001f71   Thumb Code    50  bsp_systick.o(i.delay_init)
    delay_ms                                 0x08001fb5   Thumb Code    72  bsp_systick.o(i.delay_ms)
    iic_delay                                0x08002001   Thumb Code    14  bsp_iic.o(i.iic_delay)
    main                                     0x08002011   Thumb Code    50  main.o(i.main)
    twinkle                                  0x08002051   Thumb Code    40  main.o(i.twinkle)
    F6x8                                     0x0800207c   Data         552  oledfont.o(.constdata)
    F8X16                                    0x080022a4   Data        1520  oledfont.o(.constdata)
    Hzk                                      0x08002894   Data         896  oledfont.o(.constdata)
    BMP1                                     0x08002c14   Data        1024  oledfont.o(.constdata)
    Region$$Table$$Base                      0x08003014   Number         0  anon$$obj.o(Region$$Table)
    Region$$Table$$Limit                     0x08003034   Number         0  anon$$obj.o(Region$$Table)
    SystemCoreClock                          0x20000000   Data           4  system_stm32f10x.o(.data)
    AHBPrescTable                            0x20000004   Data          16  system_stm32f10x.o(.data)
    txdata                                   0x20000014   Data           7  communication.o(.data)
    adc_x1                                   0x20000034   Data           4  bsp_adc.o(.data)
    adc_y1                                   0x20000038   Data           4  bsp_adc.o(.data)
    adc_x2                                   0x2000003c   Data           4  bsp_adc.o(.data)
    adc_y2                                   0x20000040   Data           4  bsp_adc.o(.data)
    coordinate                               0x20000044   Data           4  bsp_adc.o(.data)
    ADC_value                                0x20000048   Data          40  bsp_adc.o(.bss)
    __initial_sp                             0x20000470   Data           0  startup_stm32f10x_md.o(STACK)



==============================================================================

Memory Map of the image

  Image Entry point : 0x080000ed

  Load Region LR_IROM1 (Base: 0x08000000, Size: 0x0000307c, Max: 0x00010000, ABSOLUTE)

    Execution Region ER_IROM1 (Exec base: 0x08000000, Load base: 0x08000000, Size: 0x00003034, Max: 0x00010000, ABSOLUTE)

    Exec Addr    Load Addr    Size         Type   Attr      Idx    E Section Name        Object

    0x08000000   0x08000000   0x000000ec   Data   RO          300    RESET               startup_stm32f10x_md.o
    0x080000ec   0x080000ec   0x00000000   Code   RO         3807  * .ARM.Collect$$$$00000000  mc_w.l(entry.o)
    0x080000ec   0x080000ec   0x00000004   Code   RO         4083    .ARM.Collect$$$$00000001  mc_w.l(entry2.o)
    0x080000f0   0x080000f0   0x00000004   Code   RO         4086    .ARM.Collect$$$$00000004  mc_w.l(entry5.o)
    0x080000f4   0x080000f4   0x00000000   Code   RO         4088    .ARM.Collect$$$$00000008  mc_w.l(entry7b.o)
    0x080000f4   0x080000f4   0x00000000   Code   RO         4090    .ARM.Collect$$$$0000000A  mc_w.l(entry8b.o)
    0x080000f4   0x080000f4   0x00000008   Code   RO         4091    .ARM.Collect$$$$0000000B  mc_w.l(entry9a.o)
    0x080000fc   0x080000fc   0x00000000   Code   RO         4093    .ARM.Collect$$$$0000000D  mc_w.l(entry10a.o)
    0x080000fc   0x080000fc   0x00000000   Code   RO         4095    .ARM.Collect$$$$0000000F  mc_w.l(entry11a.o)
    0x080000fc   0x080000fc   0x00000004   Code   RO         4084    .ARM.Collect$$$$00002712  mc_w.l(entry2.o)
    0x08000100   0x08000100   0x00000024   Code   RO          301    .text               startup_stm32f10x_md.o
    0x08000124   0x08000124   0x00000024   Code   RO         3810    .text               mc_w.l(memseta.o)
    0x08000148   0x08000148   0x000000e4   Code   RO         4073    .text               mf_w.l(dmul.o)
    0x0800022c   0x0800022c   0x000000de   Code   RO         4075    .text               mf_w.l(ddiv.o)
    0x0800030a   0x0800030a   0x00000012   Code   RO         4077    .text               mf_w.l(fflti.o)
    0x0800031c   0x0800031c   0x0000003e   Code   RO         4079    .text               mf_w.l(dfixi.o)
    0x0800035a   0x0800035a   0x00000026   Code   RO         4081    .text               mf_w.l(f2d.o)
    0x08000380   0x08000380   0x00000062   Code   RO         4100    .text               mc_w.l(uldiv.o)
    0x080003e2   0x080003e2   0x00000020   Code   RO         4102    .text               mc_w.l(llushr.o)
    0x08000402   0x08000402   0x00000000   Code   RO         4104    .text               mc_w.l(iusefp.o)
    0x08000402   0x08000402   0x0000006e   Code   RO         4105    .text               mf_w.l(fepilogue.o)
    0x08000470   0x08000470   0x000000ba   Code   RO         4107    .text               mf_w.l(depilogue.o)
    0x0800052a   0x0800052a   0x00000002   PAD
    0x0800052c   0x0800052c   0x00000024   Code   RO         4115    .text               mc_w.l(init.o)
    0x08000550   0x08000550   0x0000001e   Code   RO         4117    .text               mc_w.l(llshl.o)
    0x0800056e   0x0800056e   0x00000016   Code   RO          347    i.ADC_Cmd           stm32f10x_adc.o
    0x08000584   0x08000584   0x00000016   Code   RO          348    i.ADC_DMACmd        stm32f10x_adc.o
    0x0800059a   0x0800059a   0x00000002   PAD
    0x0800059c   0x0800059c   0x0000005c   Code   RO          349    i.ADC_DeInit        stm32f10x_adc.o
    0x080005f8   0x080005f8   0x00000014   Code   RO          355    i.ADC_GetCalibrationStatus  stm32f10x_adc.o
    0x0800060c   0x0800060c   0x00000014   Code   RO          361    i.ADC_GetResetCalibrationStatus  stm32f10x_adc.o
    0x08000620   0x08000620   0x00000050   Code   RO          365    i.ADC_Init          stm32f10x_adc.o
    0x08000670   0x08000670   0x000000b8   Code   RO          369    i.ADC_RegularChannelConfig  stm32f10x_adc.o
    0x08000728   0x08000728   0x0000000a   Code   RO          370    i.ADC_ResetCalibration  stm32f10x_adc.o
    0x08000732   0x08000732   0x00000016   Code   RO          372    i.ADC_SoftwareStartConvCmd  stm32f10x_adc.o
    0x08000748   0x08000748   0x0000000a   Code   RO          374    i.ADC_StartCalibration  stm32f10x_adc.o
    0x08000752   0x08000752   0x00000028   Code   RO         3317    i.BSP_init          bsp.o
    0x0800077a   0x0800077a   0x00000004   Code   RO          169    i.BusFault_Handler  stm32f10x_it.o
    0x0800077e   0x0800077e   0x00000080   Code   RO         3534    i.Button_EXTI_Init  bsp_button.o
    0x080007fe   0x080007fe   0x00000002   PAD
    0x08000800   0x08000800   0x00000040   Code   RO         3535    i.Button_GPIO_Init  bsp_button.o
    0x08000840   0x08000840   0x00000010   Code   RO         3536    i.Button_Init       bsp_button.o
    0x08000850   0x08000850   0x0000005a   Code   RO         3537    i.Button_NVIC_Init  bsp_button.o
    0x080008aa   0x080008aa   0x00000018   Code   RO          261    i.Cal_Checksum      communication.o
    0x080008c2   0x080008c2   0x00000002   PAD
    0x080008c4   0x080008c4   0x00000020   Code   RO          262    i.Comm_Init         communication.o
    0x080008e4   0x080008e4   0x00000018   Code   RO         1050    i.DMA_Cmd           stm32f10x_dma.o
    0x080008fc   0x080008fc   0x0000014c   Code   RO         1051    i.DMA_DeInit        stm32f10x_dma.o
    0x08000a48   0x08000a48   0x0000003c   Code   RO         1056    i.DMA_Init          stm32f10x_dma.o
    0x08000a84   0x08000a84   0x00000002   Code   RO          170    i.DebugMon_Handler  stm32f10x_it.o
    0x08000a86   0x08000a86   0x0000003a   Code   RO         3538    i.EXTI15_10_IRQHandler  bsp_button.o
    0x08000ac0   0x08000ac0   0x00000012   Code   RO         3539    i.EXTI2_IRQHandler  bsp_button.o
    0x08000ad2   0x08000ad2   0x00000016   Code   RO         3540    i.EXTI9_5_IRQHandler  bsp_button.o
    0x08000ae8   0x08000ae8   0x0000000c   Code   RO         1121    i.EXTI_ClearITPendingBit  stm32f10x_exti.o
    0x08000af4   0x08000af4   0x00000028   Code   RO         1125    i.EXTI_GetITStatus  stm32f10x_exti.o
    0x08000b1c   0x08000b1c   0x00000094   Code   RO         1126    i.EXTI_Init         stm32f10x_exti.o
    0x08000bb0   0x08000bb0   0x0000002e   Code   RO          263    i.Fill_Data         communication.o
    0x08000bde   0x08000bde   0x0000000e   Code   RO          264    i.Flush_Data        communication.o
    0x08000bec   0x08000bec   0x00000040   Code   RO         1477    i.GPIO_EXTILineConfig  stm32f10x_gpio.o
    0x08000c2c   0x08000c2c   0x00000116   Code   RO         1480    i.GPIO_Init         stm32f10x_gpio.o
    0x08000d42   0x08000d42   0x00000004   Code   RO         1487    i.GPIO_ResetBits    stm32f10x_gpio.o
    0x08000d46   0x08000d46   0x00000004   Code   RO         1488    i.GPIO_SetBits      stm32f10x_gpio.o
    0x08000d4a   0x08000d4a   0x00000002   PAD
    0x08000d4c   0x08000d4c   0x00000060   Code   RO         3579    i.Handle_XY         bsp_oled.o
    0x08000dac   0x08000dac   0x00000084   Code   RO         3491    i.Handle_adc_value  bsp_adc.o
    0x08000e30   0x08000e30   0x00000028   Code   RO         3492    i.Handle_coordinate  bsp_adc.o
    0x08000e58   0x08000e58   0x00000004   Code   RO          171    i.HardFault_Handler  stm32f10x_it.o
    0x08000e5c   0x08000e5c   0x00000040   Code   RO         3700    i.IIC_Init          bsp_iic.o
    0x08000e9c   0x08000e9c   0x00000044   Code   RO         3705    i.IIC_Send_Byte     bsp_iic.o
    0x08000ee0   0x08000ee0   0x00000030   Code   RO         3708    i.IIC_Start         bsp_iic.o
    0x08000f10   0x08000f10   0x0000002c   Code   RO         3709    i.IIC_Stop          bsp_iic.o
    0x08000f3c   0x08000f3c   0x00000048   Code   RO         3710    i.IIC_Wait_Ack      bsp_iic.o
    0x08000f84   0x08000f84   0x000000d4   Code   RO         3493    i.Joystick_ADC_Init  bsp_adc.o
    0x08001058   0x08001058   0x00000060   Code   RO         3494    i.Joystick_DMA_Init  bsp_adc.o
    0x080010b8   0x080010b8   0x00000038   Code   RO         3383    i.LED_GPIO_Config   bsp_led.o
    0x080010f0   0x080010f0   0x00000004   Code   RO          172    i.MemManage_Handler  stm32f10x_it.o
    0x080010f4   0x080010f4   0x00000002   Code   RO          173    i.NMI_Handler       stm32f10x_it.o
    0x080010f6   0x080010f6   0x00000002   PAD
    0x080010f8   0x080010f8   0x0000005c   Code   RO         3396    i.NRF24L01_Init     bsp_24l01.o
    0x08001154   0x08001154   0x00000026   Code   RO          238    i.NVIC_Config       usart.o
    0x0800117a   0x0800117a   0x00000002   PAD
    0x0800117c   0x0800117c   0x00000070   Code   RO          305    i.NVIC_Init         misc.o
    0x080011ec   0x080011ec   0x00000014   Code   RO          306    i.NVIC_PriorityGroupConfig  misc.o
    0x08001200   0x08001200   0x0000003e   Code   RO         3580    i.OLED_Clear        bsp_oled.o
    0x0800123e   0x0800123e   0x00000002   PAD
    0x08001240   0x08001240   0x000000a8   Code   RO         3583    i.OLED_Display_XY   bsp_oled.o
    0x080012e8   0x080012e8   0x000000ea   Code   RO         3585    i.OLED_Init         bsp_oled.o
    0x080013d2   0x080013d2   0x00000028   Code   RO         3587    i.OLED_Set_Pos      bsp_oled.o
    0x080013fa   0x080013fa   0x00000002   PAD
    0x080013fc   0x080013fc   0x000000a4   Code   RO         3589    i.OLED_ShowChar     bsp_oled.o
    0x080014a0   0x080014a0   0x0000003a   Code   RO         3591    i.OLED_ShowString   bsp_oled.o
    0x080014da   0x080014da   0x00000018   Code   RO         3593    i.OLED_WR_Byte      bsp_oled.o
    0x080014f2   0x080014f2   0x00000002   Code   RO          174    i.PendSV_Handler    stm32f10x_it.o
    0x080014f4   0x080014f4   0x00000018   Code   RO         1903    i.RCC_ADCCLKConfig  stm32f10x_rcc.o
    0x0800150c   0x0800150c   0x00000020   Code   RO         1904    i.RCC_AHBPeriphClockCmd  stm32f10x_rcc.o
    0x0800152c   0x0800152c   0x00000020   Code   RO         1907    i.RCC_APB2PeriphClockCmd  stm32f10x_rcc.o
    0x0800154c   0x0800154c   0x00000020   Code   RO         1908    i.RCC_APB2PeriphResetCmd  stm32f10x_rcc.o
    0x0800156c   0x0800156c   0x000000d4   Code   RO         1915    i.RCC_GetClocksFreq  stm32f10x_rcc.o
    0x08001640   0x08001640   0x00000090   Code   RO         3467    i.SPI1_Init         bsp_spi.o
    0x080016d0   0x080016d0   0x00000038   Code   RO         3468    i.SPI1_ReadWriteByte  bsp_spi.o
    0x08001708   0x08001708   0x00000018   Code   RO         2390    i.SPI_Cmd           stm32f10x_spi.o
    0x08001720   0x08001720   0x00000012   Code   RO         2398    i.SPI_I2S_GetFlagStatus  stm32f10x_spi.o
    0x08001732   0x08001732   0x00000006   Code   RO         2401    i.SPI_I2S_ReceiveData  stm32f10x_spi.o
    0x08001738   0x08001738   0x00000004   Code   RO         2402    i.SPI_I2S_SendData  stm32f10x_spi.o
    0x0800173c   0x0800173c   0x0000003c   Code   RO         2403    i.SPI_Init          stm32f10x_spi.o
    0x08001778   0x08001778   0x00000002   Code   RO          175    i.SVC_Handler       stm32f10x_it.o
    0x0800177a   0x0800177a   0x00000008   Code   RO           17    i.SetSysClock       system_stm32f10x.o
    0x08001782   0x08001782   0x00000002   PAD
    0x08001784   0x08001784   0x000000e0   Code   RO           18    i.SetSysClockTo72   system_stm32f10x.o
    0x08001864   0x08001864   0x00000028   Code   RO          309    i.SysTick_CLKSourceConfig  misc.o
    0x0800188c   0x0800188c   0x00000002   Code   RO          176    i.SysTick_Handler   stm32f10x_it.o
    0x0800188e   0x0800188e   0x00000002   PAD
    0x08001890   0x08001890   0x00000060   Code   RO           20    i.SystemInit        system_stm32f10x.o
    0x080018f0   0x080018f0   0x00000024   Code   RO          177    i.USART1_IRQHandler  stm32f10x_it.o
    0x08001914   0x08001914   0x00000018   Code   RO         3084    i.USART_Cmd         stm32f10x_usart.o
    0x0800192c   0x0800192c   0x00000090   Code   RO          239    i.USART_Config      usart.o
    0x080019bc   0x080019bc   0x00000054   Code   RO         3088    i.USART_GetITStatus  stm32f10x_usart.o
    0x08001a10   0x08001a10   0x0000004a   Code   RO         3090    i.USART_ITConfig    stm32f10x_usart.o
    0x08001a5a   0x08001a5a   0x00000002   PAD
    0x08001a5c   0x08001a5c   0x000000d8   Code   RO         3091    i.USART_Init        stm32f10x_usart.o
    0x08001b34   0x08001b34   0x0000000a   Code   RO         3098    i.USART_ReceiveData  stm32f10x_usart.o
    0x08001b3e   0x08001b3e   0x00000008   Code   RO         3101    i.USART_SendData    stm32f10x_usart.o
    0x08001b46   0x08001b46   0x00000004   Code   RO          178    i.UsageFault_Handler  stm32f10x_it.o
    0x08001b4a   0x08001b4a   0x0000002c   Code   RO         3594    i.Write_IIC_Command  bsp_oled.o
    0x08001b76   0x08001b76   0x0000002c   Code   RO         3595    i.Write_IIC_Data    bsp_oled.o
    0x08001ba2   0x08001ba2   0x00000002   PAD
    0x08001ba4   0x08001ba4   0x00000028   Code   RO         3947    i.__0sprintf$5      mc_w.l(printf5.o)
    0x08001bcc   0x08001bcc   0x0000000e   Code   RO         4123    i.__scatterload_copy  mc_w.l(handlers.o)
    0x08001bda   0x08001bda   0x00000002   Code   RO         4124    i.__scatterload_null  mc_w.l(handlers.o)
    0x08001bdc   0x08001bdc   0x0000000e   Code   RO         4125    i.__scatterload_zeroinit  mc_w.l(handlers.o)
    0x08001bea   0x08001bea   0x00000002   PAD
    0x08001bec   0x08001bec   0x000002c0   Code   RO         3952    i._printf_core      mc_w.l(printf5.o)
    0x08001eac   0x08001eac   0x0000000a   Code   RO         3954    i._sputc            mc_w.l(printf5.o)
    0x08001eb6   0x08001eb6   0x00000002   PAD
    0x08001eb8   0x08001eb8   0x000000b8   Code   RO         3495    i.cal_range         bsp_adc.o
    0x08001f70   0x08001f70   0x00000044   Code   RO         3357    i.delay_init        bsp_systick.o
    0x08001fb4   0x08001fb4   0x0000004c   Code   RO         3358    i.delay_ms          bsp_systick.o
    0x08002000   0x08002000   0x0000000e   Code   RO         3713    i.iic_delay         bsp_iic.o
    0x0800200e   0x0800200e   0x00000002   PAD
    0x08002010   0x08002010   0x00000040   Code   RO           85    i.main              main.o
    0x08002050   0x08002050   0x0000002c   Code   RO           86    i.twinkle           main.o
    0x0800207c   0x0800207c   0x00000f98   Data   RO         3795    .constdata          oledfont.o
    0x08003014   0x08003014   0x00000020   Data   RO         4121    Region$$Table       anon$$obj.o


    Execution Region RW_IRAM1 (Exec base: 0x20000000, Load base: 0x08003034, Size: 0x00000470, Max: 0x00005000, ABSOLUTE)

    Exec Addr    Load Addr    Size         Type   Attr      Idx    E Section Name        Object

    0x20000000   0x08003034   0x00000014   Data   RW           21    .data               system_stm32f10x.o
    0x20000014   0x08003048   0x00000007   Data   RW          265    .data               communication.o
    0x2000001b   0x0800304f   0x00000014   Data   RW         1935    .data               stm32f10x_rcc.o
    0x2000002f   0x08003063   0x00000001   PAD
    0x20000030   0x08003064   0x00000004   Data   RW         3360    .data               bsp_systick.o
    0x20000034   0x08003068   0x00000014   Data   RW         3497    .data               bsp_adc.o
    0x20000048        -       0x00000028   Zero   RW         3496    .bss                bsp_adc.o
    0x20000070        -       0x00000400   Zero   RW          298    STACK               startup_stm32f10x_md.o


==============================================================================

Image component sizes


      Code (inc. data)   RO Data    RW Data    ZI Data      Debug   Object Name

        40          0          0          0          0        423   bsp.o
        92         14          0          0          0        476   bsp_24l01.o
       664         58          0         20         40       3498   bsp_adc.o
       396          8          0          0          0       3081   bsp_button.o
       310         46          0          0          0       2713   bsp_iic.o
        56          6          0          0          0        454   bsp_led.o
       934         72          0          0          0       5880   bsp_oled.o
       200         16          0          0          0       1069   bsp_spi.o
       144         22          0          4          0       1072   bsp_systick.o
       116          6          0          7          0       2317   communication.o
         0          0          0          0          0       4532   core_cm3.o
       108         18          0          0          0     215265   main.o
       172         22          0          0          0       1789   misc.o
         0          0       3992          0          0        586   oledfont.o
        36          8        236          0       1024        756   startup_stm32f10x_md.o
       482         24          0          0          0       7254   stm32f10x_adc.o
       416          8          0          0          0       3154   stm32f10x_dma.o
       200         18          0          0          0       1840   stm32f10x_exti.o
       350          4          0          0          0       3322   stm32f10x_gpio.o
        62          4          0          0          0       3922   stm32f10x_it.o
       332         44          0         20          0       5113   stm32f10x_rcc.o
       112          0          0          0          0       3438   stm32f10x_spi.o
       416          6          0          0          0       5075   stm32f10x_usart.o
       328         28          0         20          0      41573   system_stm32f10x.o
       182          8          0          0          0        935   usart.o

    ----------------------------------------------------------------------
      6174        440       4260         72       1064     319537   Object Totals
         0          0         32          0          0          0   (incl. Generated)
        26          0          0          1          0          0   (incl. Padding)

    ----------------------------------------------------------------------

      Code (inc. data)   RO Data    RW Data    ZI Data      Debug   Library Member Name

         0          0          0          0          0          0   entry.o
         0          0          0          0          0          0   entry10a.o
         0          0          0          0          0          0   entry11a.o
         8          4          0          0          0          0   entry2.o
         4          0          0          0          0          0   entry5.o
         0          0          0          0          0          0   entry7b.o
         0          0          0          0          0          0   entry8b.o
         8          4          0          0          0          0   entry9a.o
        30          0          0          0          0          0   handlers.o
        36          8          0          0          0         68   init.o
         0          0          0          0          0          0   iusefp.o
        30          0          0          0          0         68   llshl.o
        32          0          0          0          0         68   llushr.o
        36          0          0          0          0        108   memseta.o
       754         52          0          0          0        252   printf5.o
        98          0          0          0          0         92   uldiv.o
       222          0          0          0          0        100   ddiv.o
       186          0          0          0          0        176   depilogue.o
        62          0          0          0          0         80   dfixi.o
       228          0          0          0          0         96   dmul.o
        38          0          0          0          0         68   f2d.o
       110          0          0          0          0        168   fepilogue.o
        18          0          0          0          0         68   fflti.o

    ----------------------------------------------------------------------
      1906         68          0          0          0       1412   Library Totals
         6          0          0          0          0          0   (incl. Padding)

    ----------------------------------------------------------------------

      Code (inc. data)   RO Data    RW Data    ZI Data      Debug   Library Name

      1036         68          0          0          0        656   mc_w.l
       864          0          0          0          0        756   mf_w.l

    ----------------------------------------------------------------------
      1906         68          0          0          0       1412   Library Totals

    ----------------------------------------------------------------------

==============================================================================


      Code (inc. data)   RO Data    RW Data    ZI Data      Debug   

      8080        508       4260         72       1064     315693   Grand Totals
      8080        508       4260         72       1064     315693   ELF Image Totals
      8080        508       4260         72          0          0   ROM Totals

==============================================================================

    Total RO  Size (Code + RO Data)                12340 (  12.05kB)
    Total RW  Size (RW Data + ZI Data)              1136 (   1.11kB)
    Total ROM Size (Code + RO Data + RW Data)      12412 (  12.12kB)

==============================================================================

