Component: ARM Compiler 5.06 update 6 (build 750) Tool: armlink [4d35ed]

==============================================================================

Section Cross References

    startup_stm32f407xx.o(RESET) refers to startup_stm32f407xx.o(STACK) for __initial_sp
    startup_stm32f407xx.o(RESET) refers to startup_stm32f407xx.o(.text) for Reset_Handler
    startup_stm32f407xx.o(RESET) refers to stm32f4xx_it.o(i.NMI_Handler) for NMI_Handler
    startup_stm32f407xx.o(RESET) refers to stm32f4xx_it.o(i.HardFault_Handler) for HardFault_Handler
    startup_stm32f407xx.o(RESET) refers to stm32f4xx_it.o(i.MemManage_Handler) for MemManage_Handler
    startup_stm32f407xx.o(RESET) refers to stm32f4xx_it.o(i.BusFault_Handler) for BusFault_Handler
    startup_stm32f407xx.o(RESET) refers to stm32f4xx_it.o(i.UsageFault_Handler) for UsageFault_Handler
    startup_stm32f407xx.o(RESET) refers to port.o(.emb_text) for SVC_Handler
    startup_stm32f407xx.o(RESET) refers to stm32f4xx_it.o(i.DebugMon_Handler) for DebugMon_Handler
    startup_stm32f407xx.o(RESET) refers to port.o(i.SysTick_Handler) for SysTick_Handler
    startup_stm32f407xx.o(.text) refers to system_stm32f4xx.o(i.SystemInit) for SystemInit
    startup_stm32f407xx.o(.text) refers to entry.o(.ARM.Collect$$$$00000000) for __main
    system_stm32f4xx.o(i.SystemCoreClockUpdate) refers to system_stm32f4xx.o(.data) for SystemCoreClock
    system_stm32f4xx.o(i.SystemInit) refers to system_stm32f4xx.o(i.SetSysClock) for SetSysClock
    stm32f4xx_adc.o(i.ADC_DeInit) refers to stm32f4xx_rcc.o(i.RCC_APB2PeriphResetCmd) for RCC_APB2PeriphResetCmd
    stm32f4xx_can.o(i.CAN_DeInit) refers to stm32f4xx_rcc.o(i.RCC_APB1PeriphResetCmd) for RCC_APB1PeriphResetCmd
    stm32f4xx_can.o(i.CAN_GetITStatus) refers to stm32f4xx_can.o(i.CheckITStatus) for CheckITStatus
    stm32f4xx_cryp.o(i.CRYP_DeInit) refers to stm32f4xx_rcc.o(i.RCC_AHB2PeriphResetCmd) for RCC_AHB2PeriphResetCmd
    stm32f4xx_cryp_aes.o(i.CRYP_AES_CBC) refers to stm32f4xx_cryp.o(i.CRYP_KeyStructInit) for CRYP_KeyStructInit
    stm32f4xx_cryp_aes.o(i.CRYP_AES_CBC) refers to stm32f4xx_cryp.o(i.CRYP_FIFOFlush) for CRYP_FIFOFlush
    stm32f4xx_cryp_aes.o(i.CRYP_AES_CBC) refers to stm32f4xx_cryp.o(i.CRYP_Init) for CRYP_Init
    stm32f4xx_cryp_aes.o(i.CRYP_AES_CBC) refers to stm32f4xx_cryp.o(i.CRYP_KeyInit) for CRYP_KeyInit
    stm32f4xx_cryp_aes.o(i.CRYP_AES_CBC) refers to stm32f4xx_cryp.o(i.CRYP_Cmd) for CRYP_Cmd
    stm32f4xx_cryp_aes.o(i.CRYP_AES_CBC) refers to stm32f4xx_cryp.o(i.CRYP_GetFlagStatus) for CRYP_GetFlagStatus
    stm32f4xx_cryp_aes.o(i.CRYP_AES_CBC) refers to stm32f4xx_cryp.o(i.CRYP_IVInit) for CRYP_IVInit
    stm32f4xx_cryp_aes.o(i.CRYP_AES_CBC) refers to stm32f4xx_cryp.o(i.CRYP_GetCmdStatus) for CRYP_GetCmdStatus
    stm32f4xx_cryp_aes.o(i.CRYP_AES_CBC) refers to stm32f4xx_cryp.o(i.CRYP_DataIn) for CRYP_DataIn
    stm32f4xx_cryp_aes.o(i.CRYP_AES_CBC) refers to stm32f4xx_cryp.o(i.CRYP_DataOut) for CRYP_DataOut
    stm32f4xx_cryp_aes.o(i.CRYP_AES_CCM) refers to stm32f4xx_cryp.o(i.CRYP_KeyStructInit) for CRYP_KeyStructInit
    stm32f4xx_cryp_aes.o(i.CRYP_AES_CCM) refers to stm32f4xx_cryp.o(i.CRYP_FIFOFlush) for CRYP_FIFOFlush
    stm32f4xx_cryp_aes.o(i.CRYP_AES_CCM) refers to stm32f4xx_cryp.o(i.CRYP_KeyInit) for CRYP_KeyInit
    stm32f4xx_cryp_aes.o(i.CRYP_AES_CCM) refers to stm32f4xx_cryp.o(i.CRYP_IVInit) for CRYP_IVInit
    stm32f4xx_cryp_aes.o(i.CRYP_AES_CCM) refers to stm32f4xx_cryp.o(i.CRYP_Init) for CRYP_Init
    stm32f4xx_cryp_aes.o(i.CRYP_AES_CCM) refers to stm32f4xx_cryp.o(i.CRYP_PhaseConfig) for CRYP_PhaseConfig
    stm32f4xx_cryp_aes.o(i.CRYP_AES_CCM) refers to stm32f4xx_cryp.o(i.CRYP_DataIn) for CRYP_DataIn
    stm32f4xx_cryp_aes.o(i.CRYP_AES_CCM) refers to stm32f4xx_cryp.o(i.CRYP_Cmd) for CRYP_Cmd
    stm32f4xx_cryp_aes.o(i.CRYP_AES_CCM) refers to stm32f4xx_cryp.o(i.CRYP_GetCmdStatus) for CRYP_GetCmdStatus
    stm32f4xx_cryp_aes.o(i.CRYP_AES_CCM) refers to stm32f4xx_cryp.o(i.CRYP_GetFlagStatus) for CRYP_GetFlagStatus
    stm32f4xx_cryp_aes.o(i.CRYP_AES_CCM) refers to stm32f4xx_cryp.o(i.CRYP_DataOut) for CRYP_DataOut
    stm32f4xx_cryp_aes.o(i.CRYP_AES_CTR) refers to stm32f4xx_cryp.o(i.CRYP_KeyStructInit) for CRYP_KeyStructInit
    stm32f4xx_cryp_aes.o(i.CRYP_AES_CTR) refers to stm32f4xx_cryp.o(i.CRYP_KeyInit) for CRYP_KeyInit
    stm32f4xx_cryp_aes.o(i.CRYP_AES_CTR) refers to stm32f4xx_cryp.o(i.CRYP_Init) for CRYP_Init
    stm32f4xx_cryp_aes.o(i.CRYP_AES_CTR) refers to stm32f4xx_cryp.o(i.CRYP_IVInit) for CRYP_IVInit
    stm32f4xx_cryp_aes.o(i.CRYP_AES_CTR) refers to stm32f4xx_cryp.o(i.CRYP_FIFOFlush) for CRYP_FIFOFlush
    stm32f4xx_cryp_aes.o(i.CRYP_AES_CTR) refers to stm32f4xx_cryp.o(i.CRYP_Cmd) for CRYP_Cmd
    stm32f4xx_cryp_aes.o(i.CRYP_AES_CTR) refers to stm32f4xx_cryp.o(i.CRYP_GetCmdStatus) for CRYP_GetCmdStatus
    stm32f4xx_cryp_aes.o(i.CRYP_AES_CTR) refers to stm32f4xx_cryp.o(i.CRYP_DataIn) for CRYP_DataIn
[...]
    .text                                    0x08000748   Section        0  iusefp.o(.text)
    .text                                    0x08000748   Section        0  fepilogue.o(.text)
    .text                                    0x080007b6   Section        0  depilogue.o(.text)
    .text                                    0x08000870   Section        0  dsqrt.o(.text)
    .text                                    0x08000912   Section        0  dfixul.o(.text)
    .text                                    0x08000944   Section       48  cdrcmple.o(.text)
    .text                                    0x08000974   Section       36  init.o(.text)
    i.BSP_Init                               0x08000998   Section        0  bsp.o(i.BSP_Init)
    i.BusFault_Handler                       0x08000a14   Section        0  stm32f4xx_it.o(i.BusFault_Handler)
    i.DebugMon_Handler                       0x08000a18   Section        0  stm32f4xx_it.o(i.DebugMon_Handler)
    i.GPIO_AF_Set                            0x08000a1a   Section        0  bsp_sys.o(i.GPIO_AF_Set)
    i.GPIO_Init                              0x08000a5a   Section        0  stm32f4xx_gpio.o(i.GPIO_Init)
    i.GPIO_PinAFConfig                       0x08000aea   Section        0  stm32f4xx_gpio.o(i.GPIO_PinAFConfig)
    i.GPIO_Set                               0x08000b30   Section        0  bsp_sys.o(i.GPIO_Set)
    i.HardFault_Handler                      0x08000c0e   Section        0  stm32f4xx_it.o(i.HardFault_Handler)
    i.IIC_Ack                                0x08000c14   Section        0  bsp_myiic.o(i.IIC_Ack)
    i.IIC_Init                               0x08000c64   Section        0  bsp_myiic.o(i.IIC_Init)
    i.IIC_NAck                               0x08000cac   Section        0  bsp_myiic.o(i.IIC_NAck)
    i.IIC_Read_Byte                          0x08000cfc   Section        0  bsp_myiic.o(i.IIC_Read_Byte)
    i.IIC_Read_NByte                         0x08000d68   Section        0  bsp_myiic.o(i.IIC_Read_NByte)
    i.IIC_Read_One_Byte                      0x08000dd8   Section        0  bsp_myiic.o(i.IIC_Read_One_Byte)
    i.IIC_Send_Byte                          0x08000e20   Section        0  bsp_myiic.o(i.IIC_Send_Byte)
    i.IIC_Slave_List                         0x08000e88   Section        0  bsp_myiic.o(i.IIC_Slave_List)
    i.IIC_Start                              0x08000ee0   Section        0  bsp_myiic.o(i.IIC_Start)
    i.IIC_Stop                               0x08000f2c   Section        0  bsp_myiic.o(i.IIC_Stop)
    i.IIC_Wait_Ack                           0x08000f78   Section        0  bsp_myiic.o(i.IIC_Wait_Ack)
    i.IIC_Write_One_Byte                     0x08000fd8   Section        0  bsp_myiic.o(i.IIC_Write_One_Byte)
    i.IMUupdate                              0x08001024   Section        0  imu.o(i.IMUupdate)
    i.LED_Init                               0x08001644   Section        0  bsp_led.o(i.LED_Init)
    i.MOTOR_TIM_Init                         0x08001688   Section        0  bsp_motor.o(i.MOTOR_TIM_Init)
    i.MPU9250_Init                           0x0800183c   Section        0  bsp_mpu9250.o(i.MPU9250_Init)
    i.MPU_Get_Accelerometer                  0x080018ca   Section        0  bsp_mpu9250.o(i.MPU_Get_Accelerometer)
    i.MPU_Get_Gyroscope                      0x08001912   Section        0  bsp_mpu9250.o(i.MPU_Get_Gyroscope)
    i.MPU_Get_Magnetometer                   0x0800195a   Section        0  bsp_ak8963.o(i.MPU_Get_Magnetometer)
    i.MPU_Get_Temperature                    0x080019ac   Section        0  bsp_mpu9250.o(i.MPU_Get_Temperature)
    i.MPU_Set_Accel_Fsr                      0x08001a30   Section        0  bsp_mpu9250.o(i.MPU_Set_Accel_Fsr)
    i.MPU_Set_Gyro_Fsr                       0x08001a42   Section        0  bsp_mpu9250.o(i.MPU_Set_Gyro_Fsr)
    i.MPU_Set_LPF                            0x08001a54   Section        0  bsp_mpu9250.o(i.MPU_Set_LPF)
    i.MPU_Set_Rate                           0x08001a90   Section        0  bsp_mpu9250.o(i.MPU_Set_Rate)
    i.MY_NVIC_Init                           0x08001acc   Section        0  bsp_sys.o(i.MY_NVIC_Init)
    i.MY_NVIC_PriorityGroupConfig            0x08001b44   Section        0  bsp_sys.o(i.MY_NVIC_PriorityGroupConfig)
    i.MY_NVIC_SetVectorTable                 0x08001b6c   Section        0  bsp_sys.o(i.MY_NVIC_SetVectorTable)
    i.MemManage_Handler                      0x08001b7c   Section        0  stm32f4xx_it.o(i.MemManage_Handler)
    i.NMI_Handler                            0x08001b80   Section        0  stm32f4xx_it.o(i.NMI_Handler)
    i.NRF24L01_Check                         0x08001b84   Section        0  bsp_24l01.o(i.NRF24L01_Check)
    i.NRF24L01_Init                          0x08001bd0   Section        0  bsp_24l01.o(i.NRF24L01_Init)
    i.NRF24L01_Read_Buf                      0x08001c48   Section        0  bsp_24l01.o(i.NRF24L01_Read_Buf)
    i.NRF24L01_Write_Buf                     0x08001c84   Section        0  bsp_24l01.o(i.NRF24L01_Write_Buf)
    i.NRF24L01_Write_Reg                     0x08001cc0   Section        0  bsp_24l01.o(i.NRF24L01_Write_Reg)
    i.RCC_AHB1PeriphClockCmd                 0x08001cf0   Section        0  stm32f4xx_rcc.o(i.RCC_AHB1PeriphClockCmd)
    i.RCC_APB1PeriphClockCmd                 0x08001d10   Section        0  stm32f4xx_rcc.o(i.RCC_APB1PeriphClockCmd)
    i.RCC_APB1PeriphResetCmd                 0x08001d30   Section        0  stm32f4xx_rcc.o(i.RCC_APB1PeriphResetCmd)
    i.RCC_APB2PeriphClockCmd                 0x08001d50   Section        0  stm32f4xx_rcc.o(i.RCC_APB2PeriphClockCmd)
    i.RCC_APB2PeriphResetCmd                 0x08001d70   Section        0  stm32f4xx_rcc.o(i.RCC_APB2PeriphResetCmd)
    i.RX_Mode                                0x08001d90   Section        0  bsp_24l01.o(i.RX_Mode)
    i.SPI1_Init                              0x08001de8   Section        0  bsp_spi.o(i.SPI1_Init)
    i.SPI1_ReadWriteByte                     0x08001e90   Section        0  bsp_spi.o(i.SPI1_ReadWriteByte)
    i.SPI_Cmd                                0x08001ec8   Section        0  stm32f4xx_spi.o(i.SPI_Cmd)
    i.SPI_I2S_GetFlagStatus                  0x08001ee0   Section        0  stm32f4xx_spi.o(i.SPI_I2S_GetFlagStatus)
    i.SPI_I2S_ReceiveData                    0x08001ef2   Section        0  stm32f4xx_spi.o(i.SPI_I2S_ReceiveData)
    i.SPI_I2S_SendData                       0x08001ef8   Section        0  stm32f4xx_spi.o(i.SPI_I2S_SendData)
    i.SPI_Init                               0x08001efc   Section        0  stm32f4xx_spi.o(i.SPI_Init)
    i.SetSysClock                            0x08001f38   Section        0  system_stm32f4xx.o(i.SetSysClock)
    SetSysClock                              0x08001f39   Thumb Code   220  system_stm32f4xx.o(i.SetSysClock)
    i.Stm32_Clock_Init                       0x08002024   Section        0  bsp_sys.o(i.Stm32_Clock_Init)
    i.SysTick_Handler                        0x0800208c   Section        0  port.o(i.SysTick_Handler)
    i.Sys_Clock_Set                          0x080020c0   Section        0  bsp_sys.o(i.Sys_Clock_Set)
    i.SystemInit                             0x080021cc   Section        0  system_stm32f4xx.o(i.SystemInit)
    i.TIM_ARRPreloadConfig                   0x08002234   Section        0  stm32f4xx_tim.o(i.TIM_ARRPreloadConfig)
    i.TIM_Cmd                                0x0800224c   Section        0  stm32f4xx_tim.o(i.TIM_Cmd)
    i.TIM_CtrlPWMOutputs                     0x08002264   Section        0  stm32f4xx_tim.o(i.TIM_CtrlPWMOutputs)
    i.TIM_DeInit                             0x08002284   Section        0  stm32f4xx_tim.o(i.TIM_DeInit)
    i.TIM_OC1Init                            0x08002414   Section        0  stm32f4xx_tim.o(i.TIM_OC1Init)
    i.TIM_OC1PreloadConfig                   0x08002490   Section        0  stm32f4xx_tim.o(i.TIM_OC1PreloadConfig)
    i.TIM_OC2Init                            0x080024a4   Section        0  stm32f4xx_tim.o(i.TIM_OC2Init)
    i.TIM_OC2PreloadConfig                   0x08002548   Section        0  stm32f4xx_tim.o(i.TIM_OC2PreloadConfig)
    i.TIM_TimeBaseInit                       0x08002564   Section        0  stm32f4xx_tim.o(i.TIM_TimeBaseInit)
    i.UsageFault_Handler                     0x080025e8   Section        0  stm32f4xx_it.o(i.UsageFault_Handler)
    i.__0printf                              0x080025ec   Section        0  printfa.o(i.__0printf)
    i.__ARM_fpclassify                       0x0800260c   Section        0  fpclassify.o(i.__ARM_fpclassify)
    i.__hardfp_asin                          0x08002640   Section        0  asin.o(i.__hardfp_asin)
    i.__hardfp_atan                          0x080029a0   Section        0  atan.o(i.__hardfp_atan)
    i.__hardfp_atan2                         0x08002c78   Section        0  atan2.o(i.__hardfp_atan2)
    i.__hardfp_sqrt                          0x08002e68   Section        0  sqrt.o(i.__hardfp_sqrt)
    i.__kernel_poly                          0x08002ee2   Section        0  poly.o(i.__kernel_poly)
    i.__mathlib_dbl_infnan                   0x08002fda   Section        0  dunder.o(i.__mathlib_dbl_infnan)
    i.__mathlib_dbl_infnan2                  0x08002fee   Section        0  dunder.o(i.__mathlib_dbl_infnan2)
    i.__mathlib_dbl_invalid                  0x08003008   Section        0  dunder.o(i.__mathlib_dbl_invalid)
    i.__mathlib_dbl_underflow                0x08003028   Section        0  dunder.o(i.__mathlib_dbl_underflow)
    i.__scatterload_copy                     0x08003048   Section       14  handlers.o(i.__scatterload_copy)
    i.__scatterload_null                     0x08003056   Section        2  handlers.o(i.__scatterload_null)
    i.__scatterload_zeroinit                 0x08003058   Section       14  handlers.o(i.__scatterload_zeroinit)
    i.__set_errno                            0x08003068   Section        0  errno.o(i.__set_errno)
    i._fp_digits                             0x08003074   Section        0  printfa.o(i._fp_digits)
    _fp_digits                               0x08003075   Thumb Code   366  printfa.o(i._fp_digits)
    i._printf_core                           0x080031f8   Section        0  printfa.o(i._printf_core)
    _printf_core                             0x080031f9   Thumb Code  1744  printfa.o(i._printf_core)
    i._printf_post_padding                   0x080038d4   Section        0  printfa.o(i._printf_post_padding)
    _printf_post_padding                     0x080038d5   Thumb Code    36  printfa.o(i._printf_post_padding)
    i._printf_pre_padding                    0x080038f8   Section        0  printfa.o(i._printf_pre_padding)
    _printf_pre_padding                      0x080038f9   Thumb Code    46  printfa.o(i._printf_pre_padding)
    i.atan                                   0x08003926   Section        0  atan.o(i.atan)
    i.delay_us                               0x08003936   Section        0  bsp_myiic.o(i.delay_us)
    i.fabs                                   0x08003950   Section        0  fabs.o(i.fabs)
    i.fputc                                  0x08003968   Section        0  bsp_usart.o(i.fputc)
    i.get_attitude_task                      0x08003984   Section        0  main.o(i.get_attitude_task)
    i.led1_task                              0x08003b50   Section        0  main.o(i.led1_task)
    i.main                                   0x08003b7c   Section        0  main.o(i.main)
    i.prvAddCurrentTaskToDelayedList         0x08003bb4   Section        0  tasks.o(i.prvAddCurrentTaskToDelayedList)
    prvAddCurrentTaskToDelayedList           0x08003bb5   Thumb Code   124  tasks.o(i.prvAddCurrentTaskToDelayedList)
    i.prvAddNewTaskToReadyList               0x08003c4c   Section        0  tasks.o(i.prvAddNewTaskToReadyList)
    prvAddNewTaskToReadyList                 0x08003c4d   Thumb Code   156  tasks.o(i.prvAddNewTaskToReadyList)
    i.prvCheckForValidListAndQueue           0x08003d04   Section        0  timers.o(i.prvCheckForValidListAndQueue)
    prvCheckForValidListAndQueue             0x08003d05   Thumb Code    72  timers.o(i.prvCheckForValidListAndQueue)
    i.prvCheckTasksWaitingTermination        0x08003d68   Section        0  tasks.o(i.prvCheckTasksWaitingTermination)
    prvCheckTasksWaitingTermination          0x08003d69   Thumb Code    60  tasks.o(i.prvCheckTasksWaitingTermination)
    i.prvCopyDataFromQueue                   0x08003db0   Section        0  queue.o(i.prvCopyDataFromQueue)
    prvCopyDataFromQueue                     0x08003db1   Thumb Code    42  queue.o(i.prvCopyDataFromQueue)
    i.prvCopyDataToQueue                     0x08003dda   Section        0  queue.o(i.prvCopyDataToQueue)
    prvCopyDataToQueue                       0x08003ddb   Thumb Code   126  queue.o(i.prvCopyDataToQueue)
    i.prvDeleteTCB                           0x08003e58   Section        0  tasks.o(i.prvDeleteTCB)
    prvDeleteTCB                             0x08003e59   Thumb Code    18  tasks.o(i.prvDeleteTCB)
    i.prvGetNextExpireTime                   0x08003e6c   Section        0  timers.o(i.prvGetNextExpireTime)
    prvGetNextExpireTime                     0x08003e6d   Thumb Code    36  timers.o(i.prvGetNextExpireTime)
    i.prvHeapInit                            0x08003e94   Section        0  heap_4.o(i.prvHeapInit)
    prvHeapInit                              0x08003e95   Thumb Code    98  heap_4.o(i.prvHeapInit)
    i.prvIdleTask                            0x08003f10   Section        0  tasks.o(i.prvIdleTask)
    prvIdleTask                              0x08003f11   Thumb Code    32  tasks.o(i.prvIdleTask)
    i.prvInitialiseNewQueue                  0x08003f38   Section        0  queue.o(i.prvInitialiseNewQueue)
    prvInitialiseNewQueue                    0x08003f39   Thumb Code    46  queue.o(i.prvInitialiseNewQueue)
    i.prvInitialiseNewTask                   0x08003f66   Section        0  tasks.o(i.prvInitialiseNewTask)
    prvInitialiseNewTask                     0x08003f67   Thumb Code   190  tasks.o(i.prvInitialiseNewTask)
    i.prvInitialiseTaskLists                 0x08004024   Section        0  tasks.o(i.prvInitialiseTaskLists)
    prvInitialiseTaskLists                   0x08004025   Thumb Code    70  tasks.o(i.prvInitialiseTaskLists)
    i.prvInsertBlockIntoFreeList             0x0800408c   Section        0  heap_4.o(i.prvInsertBlockIntoFreeList)
    prvInsertBlockIntoFreeList               0x0800408d   Thumb Code    96  heap_4.o(i.prvInsertBlockIntoFreeList)
    i.prvInsertTimerInActiveList             0x080040f4   Section        0  timers.o(i.prvInsertTimerInActiveList)
    prvInsertTimerInActiveList               0x080040f5   Thumb Code    80  timers.o(i.prvInsertTimerInActiveList)
    i.prvIsQueueEmpty                        0x0800414c   Section        0  queue.o(i.prvIsQueueEmpty)
    prvIsQueueEmpty                          0x0800414d   Thumb Code    26  queue.o(i.prvIsQueueEmpty)
    i.prvIsQueueFull                         0x08004166   Section        0  queue.o(i.prvIsQueueFull)
    prvIsQueueFull                           0x08004167   Thumb Code    30  queue.o(i.prvIsQueueFull)
    i.prvNotifyQueueSetContainer             0x08004184   Section        0  queue.o(i.prvNotifyQueueSetContainer)
    prvNotifyQueueSetContainer               0x08004185   Thumb Code   144  queue.o(i.prvNotifyQueueSetContainer)
    i.prvProcessExpiredTimer                 0x08004214   Section        0  timers.o(i.prvProcessExpiredTimer)
    prvProcessExpiredTimer                   0x08004215   Thumb Code   110  timers.o(i.prvProcessExpiredTimer)
    i.prvProcessReceivedCommands             0x08004288   Section        0  timers.o(i.prvProcessReceivedCommands)
    prvProcessReceivedCommands               0x08004289   Thumb Code   308  timers.o(i.prvProcessReceivedCommands)
    i.prvProcessTimerOrBlockTask             0x080043c0   Section        0  timers.o(i.prvProcessTimerOrBlockTask)
    prvProcessTimerOrBlockTask               0x080043c1   Thumb Code   102  timers.o(i.prvProcessTimerOrBlockTask)
    i.prvResetNextTaskUnblockTime            0x08004434   Section        0  tasks.o(i.prvResetNextTaskUnblockTime)
    prvResetNextTaskUnblockTime              0x08004435   Thumb Code    42  tasks.o(i.prvResetNextTaskUnblockTime)
    i.prvSampleTimeNow                       0x08004468   Section        0  timers.o(i.prvSampleTimeNow)
    prvSampleTimeNow                         0x08004469   Thumb Code    40  timers.o(i.prvSampleTimeNow)
    i.prvSwitchTimerLists                    0x08004494   Section        0  timers.o(i.prvSwitchTimerLists)
    prvSwitchTimerLists                      0x08004495   Thumb Code   154  timers.o(i.prvSwitchTimerLists)
    i.prvTaskExitError                       0x08004538   Section        0  port.o(i.prvTaskExitError)
    prvTaskExitError                         0x08004539   Thumb Code    60  port.o(i.prvTaskExitError)
    i.prvTimerTask                           0x08004578   Section        0  timers.o(i.prvTimerTask)
    prvTimerTask                             0x08004579   Thumb Code    26  timers.o(i.prvTimerTask)
    i.prvUnlockQueue                         0x08004592   Section        0  queue.o(i.prvUnlockQueue)
    prvUnlockQueue                           0x08004593   Thumb Code   146  queue.o(i.prvUnlockQueue)
    i.pvPortMalloc                           0x08004624   Section        0  heap_4.o(i.pvPortMalloc)
    i.pxPortInitialiseStack                  0x08004760   Section        0  port.o(i.pxPortInitialiseStack)
    i.sqrt                                   0x0800478c   Section        0  sqrt.o(i.sqrt)
    i.start_task                             0x080047fc   Section        0  main.o(i.start_task)
    i.uart_init                              0x0800486c   Section        0  bsp_usart.o(i.uart_init)
    i.uxListRemove                           0x0800496c   Section        0  list.o(i.uxListRemove)
    i.vListInitialise                        0x08004994   Section        0  list.o(i.vListInitialise)
    i.vListInitialiseItem                    0x080049ae   Section        0  list.o(i.vListInitialiseItem)
    i.vListInsert                            0x080049b4   Section        0  list.o(i.vListInsert)
    i.vListInsertEnd                         0x080049e8   Section        0  list.o(i.vListInsertEnd)
    i.vPortEnterCritical                     0x08004a00   Section        0  port.o(i.vPortEnterCritical)
    i.vPortExitCritical                      0x08004a54   Section        0  port.o(i.vPortExitCritical)
    i.vPortFree                              0x08004a90   Section        0  heap_4.o(i.vPortFree)
    i.vPortSetupTimerInterrupt               0x08004b24   Section        0  port.o(i.vPortSetupTimerInterrupt)
    i.vPortValidateInterruptPriority         0x08004b3c   Section        0  port.o(i.vPortValidateInterruptPriority)
    i.vQueueAddToRegistry                    0x08004bb4   Section        0  queue.o(i.vQueueAddToRegistry)
    i.vQueueWaitForMessageRestricted         0x08004be0   Section        0  queue.o(i.vQueueWaitForMessageRestricted)
    i.vTaskDelay                             0x08004c2c   Section        0  tasks.o(i.vTaskDelay)
    i.vTaskDelete                            0x08004c88   Section        0  tasks.o(i.vTaskDelete)
    i.vTaskInternalSetTimeOutState           0x08004d7c   Section        0  tasks.o(i.vTaskInternalSetTimeOutState)
    i.vTaskMissedYield                       0x08004d94   Section        0  tasks.o(i.vTaskMissedYield)
    i.vTaskPlaceOnEventList                  0x08004da0   Section        0  tasks.o(i.vTaskPlaceOnEventList)
    i.vTaskPlaceOnEventListRestricted        0x08004dd8   Section        0  tasks.o(i.vTaskPlaceOnEventListRestricted)
    i.vTaskStartScheduler                    0x08004e18   Section        0  tasks.o(i.vTaskStartScheduler)
    i.vTaskSuspendAll                        0x08004eac   Section        0  tasks.o(i.vTaskSuspendAll)
    i.vTaskSwitchContext                     0x08004ebc   Section        0  tasks.o(i.vTaskSwitchContext)
    i.xPortStartScheduler                    0x08004f48   Section        0  port.o(i.xPortStartScheduler)
    i.xQueueGenericCreate                    0x080050b0   Section        0  queue.o(i.xQueueGenericCreate)
    i.xQueueGenericReset                     0x0800510c   Section        0  queue.o(i.xQueueGenericReset)
    i.xQueueGenericSend                      0x080051a4   Section        0  queue.o(i.xQueueGenericSend)
    i.xQueueGenericSendFromISR               0x0800537c   Section        0  queue.o(i.xQueueGenericSendFromISR)
    i.xQueueReceive                          0x08005484   Section        0  queue.o(i.xQueueReceive)
    i.xTaskCheckForTimeOut                   0x080055ec   Section        0  tasks.o(i.xTaskCheckForTimeOut)
    i.xTaskCreate                            0x08005678   Section        0  tasks.o(i.xTaskCreate)
    i.xTaskGetSchedulerState                 0x080056d8   Section        0  tasks.o(i.xTaskGetSchedulerState)
    i.xTaskGetTickCount                      0x080056f8   Section        0  tasks.o(i.xTaskGetTickCount)
    i.xTaskIncrementTick                     0x08005704   Section        0  tasks.o(i.xTaskIncrementTick)
    i.xTaskPriorityDisinherit                0x0800584c   Section        0  tasks.o(i.xTaskPriorityDisinherit)
    i.xTaskRemoveFromEventList               0x08005914   Section        0  tasks.o(i.xTaskRemoveFromEventList)
    i.xTaskResumeAll                         0x080059ac   Section        0  tasks.o(i.xTaskResumeAll)
    i.xTimerCreateTimerTask                  0x08005ab0   Section        0  timers.o(i.xTimerCreateTimerTask)
    i.xTimerGenericCommand                   0x08005b08   Section        0  timers.o(i.xTimerGenericCommand)
    .constdata                               0x08005b8c   Section       10  bsp_24l01.o(.constdata)
    .constdata                               0x08005b98   Section       80  asin.o(.constdata)
    pS                                       0x08005b98   Data          48  asin.o(.constdata)
    qS                                       0x08005bc8   Data          32  asin.o(.constdata)
    .constdata                               0x08005be8   Section      152  atan.o(.constdata)
    atanhi                                   0x08005be8   Data          32  atan.o(.constdata)
    atanlo                                   0x08005c08   Data          32  atan.o(.constdata)
    aTodd                                    0x08005c28   Data          40  atan.o(.constdata)
    aTeven                                   0x08005c50   Data          48  atan.o(.constdata)
    .constdata                               0x08005c80   Section        8  qnan.o(.constdata)
    .data                                    0x20000000   Section       34  main.o(.data)
    .data                                    0x20000024   Section       36  imu.o(.data)
    q0                                       0x20000028   Data           4  imu.o(.data)
    q1                                       0x2000002c   Data           4  imu.o(.data)
    q2                                       0x20000030   Data           4  imu.o(.data)
    q3                                       0x20000034   Data           4  imu.o(.data)
    q0                                       0x20000038   Data           4  imu.o(.data)
    q1                                       0x2000003c   Data           4  imu.o(.data)
    q2                                       0x20000040   Data           4  imu.o(.data)
    q3                                       0x20000044   Data           4  imu.o(.data)
    .data                                    0x20000048   Section        6  bsp_usart.o(.data)
    .data                                    0x20000050   Section       60  tasks.o(.data)
    pxDelayedTaskList                        0x20000054   Data           4  tasks.o(.data)
    pxOverflowDelayedTaskList                0x20000058   Data           4  tasks.o(.data)
    uxDeletedTasksWaitingCleanUp             0x2000005c   Data           4  tasks.o(.data)
    uxCurrentNumberOfTasks                   0x20000060   Data           4  tasks.o(.data)
    xTickCount                               0x20000064   Data           4  tasks.o(.data)
    uxTopReadyPriority                       0x20000068   Data           4  tasks.o(.data)
    xSchedulerRunning                        0x2000006c   Data           4  tasks.o(.data)
    uxPendedTicks                            0x20000070   Data           4  tasks.o(.data)
    xYieldPending                            0x20000074   Data           4  tasks.o(.data)
    xNumOfOverflows                          0x20000078   Data           4  tasks.o(.data)
    uxTaskNumber                             0x2000007c   Data           4  tasks.o(.data)
    xNextTaskUnblockTime                     0x20000080   Data           4  tasks.o(.data)
    xIdleTaskHandle                          0x20000084   Data           4  tasks.o(.data)
    uxSchedulerSuspended                     0x20000088   Data           4  tasks.o(.data)
    .data                                    0x2000008c   Section       20  timers.o(.data)
    pxCurrentTimerList                       0x2000008c   Data           4  timers.o(.data)
    pxOverflowTimerList                      0x20000090   Data           4  timers.o(.data)
    xTimerQueue                              0x20000094   Data           4  timers.o(.data)
    xTimerTaskHandle                         0x20000098   Data           4  timers.o(.data)
    xLastTime                                0x2000009c   Data           4  timers.o(.data)
    .data                                    0x200000a0   Section       24  heap_4.o(.data)
    xStart                                   0x200000a0   Data           8  heap_4.o(.data)
    pxEnd                                    0x200000a8   Data           4  heap_4.o(.data)
    xFreeBytesRemaining                      0x200000ac   Data           4  heap_4.o(.data)
    xMinimumEverFreeBytesRemaining           0x200000b0   Data           4  heap_4.o(.data)
    xBlockAllocatedBit                       0x200000b4   Data           4  heap_4.o(.data)
    .data                                    0x200000b8   Section       12  port.o(.data)
    uxCriticalNesting                        0x200000b8   Data           4  port.o(.data)
    ucMaxSysCallPriority                     0x200000bc   Data           1  port.o(.data)
    ulMaxPRIGROUPValue                       0x200000c0   Data           4  port.o(.data)
    .data                                    0x200000c4   Section        4  errno.o(.data)
    _errno                                   0x200000c4   Data           4  errno.o(.data)
    .bss                                     0x200000c8   Section       12  imu.o(.bss)
    .bss                                     0x200000d4   Section       64  queue.o(.bss)
    .bss                                     0x20000114   Section      200  tasks.o(.bss)
    pxReadyTasksLists                        0x20000114   Data         100  tasks.o(.bss)
    xDelayedTaskList1                        0x20000178   Data          20  tasks.o(.bss)
    xDelayedTaskList2                        0x2000018c   Data          20  tasks.o(.bss)
    xPendingReadyList                        0x200001a0   Data          20  tasks.o(.bss)
    xTasksWaitingTermination                 0x200001b4   Data          20  tasks.o(.bss)
    xSuspendedTaskList                       0x200001c8   Data          20  tasks.o(.bss)
    .bss                                     0x200001dc   Section       40  timers.o(.bss)
    xActiveTimerList1                        0x200001dc   Data          20  timers.o(.bss)
    xActiveTimerList2                        0x200001f0   Data          20  timers.o(.bss)
    .bss                                     0x20000204   Section    76800  heap_4.o(.bss)
    ucHeap                                   0x20000204   Data       76800  heap_4.o(.bss)
    STACK                                    0x20012e08   Section     1024  startup_stm32f407xx.o(STACK)

    Global Symbols

    Symbol Name                              Value     Ov Type        Size  Object(Section)

    BuildAttributes$$THM_ISAv4$E$P$D$K$B$S$7EM$VFPi3$EXTD16$VFPS$VFMA$PE$A:L22UL41UL21$X:L11$S22US41US21$IEEE1$IW$USESV6$~STKCKD$USESV7$~SHL$OTIME$ROPI$IEEEX$EBA8$MICROLIB$REQ8$PRES8$EABIv2 0x00000000   Number         0  anon$$obj.o ABSOLUTE
    __ARM_use_no_argv                        0x00000000   Number         0  main.o ABSOLUTE
    __use_no_errno                           0x00000000   Number         0  useno.o ABSOLUTE
    __use_no_exception_handling              0x00000000   Number         0  useno.o ABSOLUTE
    __use_no_fp                              0x00000000   Number         0  useno.o ABSOLUTE
    __use_no_heap                            0x00000000   Number         0  useno.o ABSOLUTE
    __use_no_heap_region                     0x00000000   Number         0  useno.o ABSOLUTE
    __use_no_semihosting                     0x00000000   Number         0  useno.o ABSOLUTE
    __use_no_semihosting_swi                 0x00000000   Number         0  useno.o ABSOLUTE
    __use_no_signal_handling                 0x00000000   Number         0  useno.o ABSOLUTE
    _printf_a                                0x00000000   Number         0  stubs.o ABSOLUTE
    _printf_c                                0x00000000   Number         0  stubs.o ABSOLUTE
    _printf_charcount                        0x00000000   Number         0  stubs.o ABSOLUTE
    _printf_d                                0x00000000   Number         0  stubs.o ABSOLUTE
    _printf_e                                0x00000000   Number         0  stubs.o ABSOLUTE
    _printf_f                                0x00000000   Number         0  stubs.o ABSOLUTE
    _printf_flags                            0x00000000   Number         0  stubs.o ABSOLUTE
    _printf_fp_dec                           0x00000000   Number         0  stubs.o ABSOLUTE
    _printf_fp_hex                           0x00000000   Number         0  stubs.o ABSOLUTE
    _printf_g                                0x00000000   Number         0  stubs.o ABSOLUTE
    _printf_i                                0x00000000   Number         0  stubs.o ABSOLUTE
    _printf_int_dec                          0x00000000   Number         0  stubs.o ABSOLUTE
    _printf_l                                0x00000000   Number         0  stubs.o ABSOLUTE
    _printf_lc                               0x00000000   Number         0  stubs.o ABSOLUTE
    _printf_ll                               0x00000000   Number         0  stubs.o ABSOLUTE
    _printf_lld                              0x00000000   Number         0  stubs.o ABSOLUTE
    _printf_lli                              0x00000000   Number         0  stubs.o ABSOLUTE
    _printf_llo                              0x00000000   Number         0  stubs.o ABSOLUTE
    _printf_llu                              0x00000000   Number         0  stubs.o ABSOLUTE
    _printf_llx                              0x00000000   Number         0  stubs.o ABSOLUTE
    _printf_longlong_dec                     0x00000000   Number         0  stubs.o ABSOLUTE
    _printf_longlong_hex                     0x00000000   Number         0  stubs.o ABSOLUTE
    _printf_longlong_oct                     0x00000000   Number         0  stubs.o ABSOLUTE
    _printf_ls                               0x00000000   Number         0  stubs.o ABSOLUTE
    _printf_mbtowc                           0x00000000   Number         0  stubs.o ABSOLUTE
    _printf_n                                0x00000000   Number         0  stubs.o ABSOLUTE
    _printf_o                                0x00000000   Number         0  stubs.o ABSOLUTE
    _printf_p                                0x00000000   Number         0  stubs.o ABSOLUTE
    _printf_percent                          0x00000000   Number         0  stubs.o ABSOLUTE
    _printf_pre_padding                      0x00000000   Number         0  stubs.o ABSOLUTE
    _printf_return_value                     0x00000000   Number         0  stubs.o ABSOLUTE
    _printf_s                                0x00000000   Number         0  stubs.o ABSOLUTE
    _printf_sizespec                         0x00000000   Number         0  stubs.o ABSOLUTE
    _printf_str                              0x00000000   Number         0  stubs.o ABSOLUTE
    _printf_truncate_signed                  0x00000000   Number         0  stubs.o ABSOLUTE
    _printf_truncate_unsigned                0x00000000   Number         0  stubs.o ABSOLUTE
    _printf_u                                0x00000000   Number         0  stubs.o ABSOLUTE
    _printf_wc                               0x00000000   Number         0  stubs.o ABSOLUTE
    _printf_wctomb                           0x00000000   Number         0  stubs.o ABSOLUTE
    _printf_widthprec                        0x00000000   Number         0  stubs.o ABSOLUTE
    _printf_x                                0x00000000   Number         0  stubs.o ABSOLUTE
    __cpp_initialize__aeabi_                  - Undefined Weak Reference
    __cxa_finalize                            - Undefined Weak Reference
    __decompress                              - Undefined Weak Reference
    _clock_init                               - Undefined Weak Reference
    _microlib_exit                            - Undefined Weak Reference
    __Vectors_Size                           0x00000188   Number         0  startup_stm32f407xx.o ABSOLUTE
    __Vectors                                0x08000000   Data           4  startup_stm32f407xx.o(RESET)
    __Vectors_End                            0x08000188   Data           0  startup_stm32f407xx.o(RESET)
    __main                                   0x08000189   Thumb Code     0  entry.o(.ARM.Collect$$$$00000000)
    _main_stk                                0x08000189   Thumb Code     0  entry2.o(.ARM.Collect$$$$00000001)
    _main_scatterload                        0x0800018d   Thumb Code     0  entry5.o(.ARM.Collect$$$$00000004)
    __main_after_scatterload                 0x08000191   Thumb Code     0  entry5.o(.ARM.Collect$$$$00000004)
    _main_clock                              0x08000191   Thumb Code     0  entry7b.o(.ARM.Collect$$$$00000008)
    _main_cpp_init                           0x08000191   Thumb Code     0  entry8b.o(.ARM.Collect$$$$0000000A)
    _main_init                               0x08000191   Thumb Code     0  entry9a.o(.ARM.Collect$$$$0000000B)
    __rt_final_cpp                           0x08000199   Thumb Code     0  entry10a.o(.ARM.Collect$$$$0000000D)
    __rt_final_exit                          0x08000199   Thumb Code     0  entry11a.o(.ARM.Collect$$$$0000000F)
    SVC_Handler                              0x0800019d   Thumb Code    28  port.o(.emb_text)
    __asm___6_port_c_39a90d8d__prvStartFirstTask 0x080001bd   Thumb Code    36  port.o(.emb_text)
    __asm___6_port_c_39a90d8d__prvEnableVFP  0x080001e5   Thumb Code    16  port.o(.emb_text)
    PendSV_Handler                           0x080001f9   Thumb Code    88  port.o(.emb_text)
    vPortGetIPSR                             0x08000255   Thumb Code     6  port.o(.emb_text)
    Reset_Handler                            0x0800025d   Thumb Code     8  startup_stm32f407xx.o(.text)
    ADC_IRQHandler                           0x08000277   Thumb Code     0  startup_stm32f407xx.o(.text)
    CAN1_RX0_IRQHandler                      0x08000277   Thumb Code     0  startup_stm32f407xx.o(.text)
    CAN1_RX1_IRQHandler                      0x08000277   Thumb Code     0  startup_stm32f407xx.o(.text)
    CAN1_SCE_IRQHandler                      0x08000277   Thumb Code     0  startup_stm32f407xx.o(.text)
    CAN1_TX_IRQHandler                       0x08000277   Thumb Code     0  startup_stm32f407xx.o(.text)
    CAN2_RX0_IRQHandler                      0x08000277   Thumb Code     0  startup_stm32f407xx.o(.text)
    CAN2_RX1_IRQHandler                      0x08000277   Thumb Code     0  startup_stm32f407xx.o(.text)
    CAN2_SCE_IRQHandler                      0x08000277   Thumb Code     0  startup_stm32f407xx.o(.text)
    CAN2_TX_IRQHandler                       0x08000277   Thumb Code     0  startup_stm32f407xx.o(.text)
    DCMI_IRQHandler                          0x08000277   Thumb Code     0  startup_stm32f407xx.o(.text)
    DMA1_Stream0_IRQHandler                  0x08000277   Thumb Code     0  startup_stm32f407xx.o(.text)
    DMA1_Stream1_IRQHandler                  0x08000277   Thumb Code     0  startup_stm32f407xx.o(.text)
    DMA1_Stream2_IRQHandler                  0x08000277   Thumb Code     0  startup_stm32f407xx.o(.text)
    DMA1_Stream3_IRQHandler                  0x08000277   Thumb Code     0  startup_stm32f407xx.o(.text)
    DMA1_Stream4_IRQHandler                  0x08000277   Thumb Code     0  startup_stm32f407xx.o(.text)
    DMA1_Stream5_IRQHandler                  0x08000277   Thumb Code     0  startup_stm32f407xx.o(.text)
    DMA1_Stream6_IRQHandler                  0x08000277   Thumb Code     0  startup_stm32f407xx.o(.text)
    DMA1_Stream7_IRQHandler                  0x08000277   Thumb Code     0  startup_stm32f407xx.o(.text)
    DMA2_Stream0_IRQHandler                  0x08000277   Thumb Code     0  startup_stm32f407xx.o(.text)
    DMA2_Stream1_IRQHandler                  0x08000277   Thumb Code     0  startup_stm32f407xx.o(.text)
    DMA2_Stream2_IRQHandler                  0x08000277   Thumb Code     0  startup_stm32f407xx.o(.text)
    DMA2_Stream3_IRQHandler                  0x08000277   Thumb Code     0  startup_stm32f407xx.o(.text)
    DMA2_Stream4_IRQHandler                  0x08000277   Thumb Code     0  startup_stm32f407xx.o(.text)
    DMA2_Stream5_IRQHandler                  0x08000277   Thumb Code     0  startup_stm32f407xx.o(.text)
    DMA2_Stream6_IRQHandler                  0x08000277   Thumb Code     0  startup_stm32f407xx.o(.text)
    DMA2_Stream7_IRQHandler                  0x08000277   Thumb Code     0  startup_stm32f407xx.o(.text)
    ETH_IRQHandler                           0x08000277   Thumb Code     0  startup_stm32f407xx.o(.text)
    ETH_WKUP_IRQHandler                      0x08000277   Thumb Code     0  startup_stm32f407xx.o(.text)
    EXTI0_IRQHandler                         0x08000277   Thumb Code     0  startup_stm32f407xx.o(.text)
    EXTI15_10_IRQHandler                     0x08000277   Thumb Code     0  startup_stm32f407xx.o(.text)
    EXTI1_IRQHandler                         0x08000277   Thumb Code     0  startup_stm32f407xx.o(.text)
    EXTI2_IRQHandler                         0x08000277   Thumb Code     0  startup_stm32f407xx.o(.text)
    EXTI3_IRQHandler                         0x08000277   Thumb Code     0  startup_stm32f407xx.o(.text)
    EXTI4_IRQHandler                         0x08000277   Thumb Code     0  startup_stm32f407xx.o(.text)
    EXTI9_5_IRQHandler                       0x08000277   Thumb Code     0  startup_stm32f407xx.o(.text)
    FLASH_IRQHandler                         0x08000277   Thumb Code     0  startup_stm32f407xx.o(.text)
    FMC_IRQHandler                           0x08000277   Thumb Code     0  startup_stm32f407xx.o(.text)
    FPU_IRQHandler                           0x08000277   Thumb Code     0  startup_stm32f407xx.o(.text)
    HASH_RNG_IRQHandler                      0x08000277   Thumb Code     0  startup_stm32f407xx.o(.text)
    I2C1_ER_IRQHandler                       0x08000277   Thumb Code     0  startup_stm32f407xx.o(.text)
    I2C1_EV_IRQHandler                       0x08000277   Thumb Code     0  startup_stm32f407xx.o(.text)
    I2C2_ER_IRQHandler                       0x08000277   Thumb Code     0  startup_stm32f407xx.o(.text)
    I2C2_EV_IRQHandler                       0x08000277   Thumb Code     0  startup_stm32f407xx.o(.text)
    I2C3_ER_IRQHandler                       0x08000277   Thumb Code     0  startup_stm32f407xx.o(.text)
    I2C3_EV_IRQHandler                       0x08000277   Thumb Code     0  startup_stm32f407xx.o(.text)
    OTG_FS_IRQHandler                        0x08000277   Thumb Code     0  startup_stm32f407xx.o(.text)
    OTG_FS_WKUP_IRQHandler                   0x08000277   Thumb Code     0  startup_stm32f407xx.o(.text)
    OTG_HS_EP1_IN_IRQHandler                 0x08000277   Thumb Code     0  startup_stm32f407xx.o(.text)
    OTG_HS_EP1_OUT_IRQHandler                0x08000277   Thumb Code     0  startup_stm32f407xx.o(.text)
    OTG_HS_IRQHandler                        0x08000277   Thumb Code     0  startup_stm32f407xx.o(.text)
    OTG_HS_WKUP_IRQHandler                   0x08000277   Thumb Code     0  startup_stm32f407xx.o(.text)
    PVD_IRQHandler                           0x08000277   Thumb Code     0  startup_stm32f407xx.o(.text)
    RCC_IRQHandler                           0x08000277   Thumb Code     0  startup_stm32f407xx.o(.text)
    RTC_Alarm_IRQHandler                     0x08000277   Thumb Code     0  startup_stm32f407xx.o(.text)
    RTC_WKUP_IRQHandler                      0x08000277   Thumb Code     0  startup_stm32f407xx.o(.text)
    SDIO_IRQHandler                          0x08000277   Thumb Code     0  startup_stm32f407xx.o(.text)
    SPI1_IRQHandler                          0x08000277   Thumb Code     0  startup_stm32f407xx.o(.text)
    SPI2_IRQHandler                          0x08000277   Thumb Code     0  startup_stm32f407xx.o(.text)
    SPI3_IRQHandler                          0x08000277   Thumb Code     0  startup_stm32f407xx.o(.text)
    TAMP_STAMP_IRQHandler                    0x08000277   Thumb Code     0  startup_stm32f407xx.o(.text)
    TIM1_BRK_TIM9_IRQHandler                 0x08000277   Thumb Code     0  startup_stm32f407xx.o(.text)
    TIM1_CC_IRQHandler                       0x08000277   Thumb Code     0  startup_stm32f407xx.o(.text)
    TIM1_TRG_COM_TIM11_IRQHandler            0x08000277   Thumb Code     0  startup_stm32f407xx.o(.text)
    TIM1_UP_TIM10_IRQHandler                 0x08000277   Thumb Code     0  startup_stm32f407xx.o(.text)
    TIM2_IRQHandler                          0x08000277   Thumb Code     0  startup_stm32f407xx.o(.text)
    TIM3_IRQHandler                          0x08000277   Thumb Code     0  startup_stm32f407xx.o(.text)
    TIM4_IRQHandler                          0x08000277   Thumb Code     0  startup_stm32f407xx.o(.text)
    TIM5_IRQHandler                          0x08000277   Thumb Code     0  startup_stm32f407xx.o(.text)
    TIM6_DAC_IRQHandler                      0x08000277   Thumb Code     0  startup_stm32f407xx.o(.text)
    TIM7_IRQHandler                          0x08000277   Thumb Code     0  startup_stm32f407xx.o(.text)
    TIM8_BRK_TIM12_IRQHandler                0x08000277   Thumb Code     0  startup_stm32f407xx.o(.text)
    TIM8_CC_IRQHandler                       0x08000277   Thumb Code     0  startup_stm32f407xx.o(.text)
    TIM8_TRG_COM_TIM14_IRQHandler            0x08000277   Thumb Code     0  startup_stm32f407xx.o(.text)
    TIM8_UP_TIM13_IRQHandler                 0x08000277   Thumb Code     0  startup_stm32f407xx.o(.text)
    UART4_IRQHandler                         0x08000277   Thumb Code     0  startup_stm32f407xx.o(.text)
    UART5_IRQHandler                         0x08000277   Thumb Code     0  startup_stm32f407xx.o(.text)
    USART1_IRQHandler                        0x08000277   Thumb Code     0  startup_stm32f407xx.o(.text)
    USART2_IRQHandler                        0x08000277   Thumb Code     0  startup_stm32f407xx.o(.text)
    USART3_IRQHandler                        0x08000277   Thumb Code     0  startup_stm32f407xx.o(.text)
    USART6_IRQHandler                        0x08000277   Thumb Code     0  startup_stm32f407xx.o(.text)
    WWDG_IRQHandler                          0x08000277   Thumb Code     0  startup_stm32f407xx.o(.text)
    __aeabi_memcpy                           0x08000281   Thumb Code    36  memcpya.o(.text)
    __aeabi_memcpy4                          0x08000281   Thumb Code     0  memcpya.o(.text)
    __aeabi_memcpy8                          0x08000281   Thumb Code     0  memcpya.o(.text)
    __aeabi_memset                           0x080002a5   Thumb Code    14  memseta.o(.text)
    __aeabi_memset4                          0x080002a5   Thumb Code     0  memseta.o(.text)
    __aeabi_memset8                          0x080002a5   Thumb Code     0  memseta.o(.text)
    __aeabi_memclr                           0x080002b3   Thumb Code     4  memseta.o(.text)
    __aeabi_memclr4                          0x080002b3   Thumb Code     0  memseta.o(.text)
    __aeabi_memclr8                          0x080002b3   Thumb Code     0  memseta.o(.text)
    memset                                   0x080002b7   Thumb Code    18  memseta.o(.text)
    __aeabi_dadd                             0x080002c9   Thumb Code   322  dadd.o(.text)
    __aeabi_dsub                             0x0800040b   Thumb Code     6  dadd.o(.text)
    __aeabi_drsub                            0x08000411   Thumb Code     6  dadd.o(.text)
    __aeabi_dmul                             0x08000417   Thumb Code   228  dmul.o(.text)
    __aeabi_ddiv                             0x080004fb   Thumb Code   222  ddiv.o(.text)
    __aeabi_i2d                              0x080005d9   Thumb Code    34  dflti.o(.text)
    __aeabi_f2d                              0x080005fb   Thumb Code    38  f2d.o(.text)
    __aeabi_d2f                              0x08000621   Thumb Code    56  d2f.o(.text)
    __aeabi_uidiv                            0x08000659   Thumb Code     0  uidiv.o(.text)
    __aeabi_uidivmod                         0x08000659   Thumb Code    44  uidiv.o(.text)
    __aeabi_uldivmod                         0x08000685   Thumb Code    98  uldiv.o(.text)
    __aeabi_llsl                             0x080006e7   Thumb Code    30  llshl.o(.text)
    _ll_shift_l                              0x080006e7   Thumb Code     0  llshl.o(.text)
    __aeabi_llsr                             0x08000705   Thumb Code    32  llushr.o(.text)
    _ll_ushift_r                             0x08000705   Thumb Code     0  llushr.o(.text)
    __aeabi_lasr                             0x08000725   Thumb Code    36  llsshr.o(.text)
    _ll_sshift_r                             0x08000725   Thumb Code     0  llsshr.o(.text)
    __I$use$fp                               0x08000749   Thumb Code     0  iusefp.o(.text)
    _float_round                             0x08000749   Thumb Code    18  fepilogue.o(.text)
    _float_epilogue                          0x0800075b   Thumb Code    92  fepilogue.o(.text)
    _double_round                            0x080007b7   Thumb Code    30  depilogue.o(.text)
    _double_epilogue                         0x080007d5   Thumb Code   156  depilogue.o(.text)
    _dsqrt                                   0x08000871   Thumb Code   162  dsqrt.o(.text)
    __aeabi_d2ulz                            0x08000913   Thumb Code    48  dfixul.o(.text)
    __aeabi_cdrcmple                         0x08000945   Thumb Code    48  cdrcmple.o(.text)
    __scatterload                            0x08000975   Thumb Code    28  init.o(.text)
    __scatterload_rt2                        0x08000975   Thumb Code     0  init.o(.text)
    BSP_Init                                 0x08000999   Thumb Code    78  bsp.o(i.BSP_Init)
    BusFault_Handler                         0x08000a15   Thumb Code     4  stm32f4xx_it.o(i.BusFault_Handler)
    DebugMon_Handler                         0x08000a19   Thumb Code     2  stm32f4xx_it.o(i.DebugMon_Handler)
    GPIO_AF_Set                              0x08000a1b   Thumb Code    64  bsp_sys.o(i.GPIO_AF_Set)
    GPIO_Init                                0x08000a5b   Thumb Code   144  stm32f4xx_gpio.o(i.GPIO_Init)
    GPIO_PinAFConfig                         0x08000aeb   Thumb Code    70  stm32f4xx_gpio.o(i.GPIO_PinAFConfig)
    GPIO_Set                                 0x08000b31   Thumb Code   222  bsp_sys.o(i.GPIO_Set)
    HardFault_Handler                        0x08000c0f   Thumb Code     4  stm32f4xx_it.o(i.HardFault_Handler)
    IIC_Ack                                  0x08000c15   Thumb Code    66  bsp_myiic.o(i.IIC_Ack)
    IIC_Init                                 0x08000c65   Thumb Code    60  bsp_myiic.o(i.IIC_Init)
    IIC_NAck                                 0x08000cad   Thumb Code    66  bsp_myiic.o(i.IIC_NAck)
    IIC_Read_Byte                            0x08000cfd   Thumb Code    94  bsp_myiic.o(i.IIC_Read_Byte)
    IIC_Read_NByte                           0x08000d69   Thumb Code   112  bsp_myiic.o(i.IIC_Read_NByte)
    IIC_Read_One_Byte                        0x08000dd9   Thumb Code    72  bsp_myiic.o(i.IIC_Read_One_Byte)
    IIC_Send_Byte                            0x08000e21   Thumb Code    90  bsp_myiic.o(i.IIC_Send_Byte)
    IIC_Slave_List                           0x08000e89   Thumb Code    62  bsp_myiic.o(i.IIC_Slave_List)
    IIC_Start                                0x08000ee1   Thumb Code    64  bsp_myiic.o(i.IIC_Start)
    IIC_Stop                                 0x08000f2d   Thumb Code    62  bsp_myiic.o(i.IIC_Stop)
    IIC_Wait_Ack                             0x08000f79   Thumb Code    82  bsp_myiic.o(i.IIC_Wait_Ack)
    IIC_Write_One_Byte                       0x08000fd9   Thumb Code    76  bsp_myiic.o(i.IIC_Write_One_Byte)
    IMUupdate                                0x08001025   Thumb Code  1538  imu.o(i.IMUupdate)
    LED_Init                                 0x08001645   Thumb Code    50  bsp_led.o(i.LED_Init)
    MOTOR_TIM_Init                           0x08001689   Thumb Code   406  bsp_motor.o(i.MOTOR_TIM_Init)
    MPU9250_Init                             0x0800183d   Thumb Code   142  bsp_mpu9250.o(i.MPU9250_Init)
    MPU_Get_Accelerometer                    0x080018cb   Thumb Code    72  bsp_mpu9250.o(i.MPU_Get_Accelerometer)
    MPU_Get_Gyroscope                        0x08001913   Thumb Code    72  bsp_mpu9250.o(i.MPU_Get_Gyroscope)
    MPU_Get_Magnetometer                     0x0800195b   Thumb Code    82  bsp_ak8963.o(i.MPU_Get_Magnetometer)
    MPU_Get_Temperature                      0x080019ad   Thumb Code   110  bsp_mpu9250.o(i.MPU_Get_Temperature)
    MPU_Set_Accel_Fsr                        0x08001a31   Thumb Code    18  bsp_mpu9250.o(i.MPU_Set_Accel_Fsr)
    MPU_Set_Gyro_Fsr                         0x08001a43   Thumb Code    18  bsp_mpu9250.o(i.MPU_Set_Gyro_Fsr)
    MPU_Set_LPF                              0x08001a55   Thumb Code    60  bsp_mpu9250.o(i.MPU_Set_LPF)
    MPU_Set_Rate                             0x08001a91   Thumb Code    60  bsp_mpu9250.o(i.MPU_Set_Rate)
    MY_NVIC_Init                             0x08001acd   Thumb Code   116  bsp_sys.o(i.MY_NVIC_Init)
    MY_NVIC_PriorityGroupConfig              0x08001b45   Thumb Code    32  bsp_sys.o(i.MY_NVIC_PriorityGroupConfig)
    MY_NVIC_SetVectorTable                   0x08001b6d   Thumb Code    12  bsp_sys.o(i.MY_NVIC_SetVectorTable)
    MemManage_Handler                        0x08001b7d   Thumb Code     4  stm32f4xx_it.o(i.MemManage_Handler)
    NMI_Handler                              0x08001b81   Thumb Code     2  stm32f4xx_it.o(i.NMI_Handler)
    NRF24L01_Check                           0x08001b85   Thumb Code    66  bsp_24l01.o(i.NRF24L01_Check)
    NRF24L01_Init                            0x08001bd1   Thumb Code   102  bsp_24l01.o(i.NRF24L01_Init)
    NRF24L01_Read_Buf                        0x08001c49   Thumb Code    56  bsp_24l01.o(i.NRF24L01_Read_Buf)
    NRF24L01_Write_Buf                       0x08001c85   Thumb Code    56  bsp_24l01.o(i.NRF24L01_Write_Buf)
    NRF24L01_Write_Reg                       0x08001cc1   Thumb Code    38  bsp_24l01.o(i.NRF24L01_Write_Reg)
    RCC_AHB1PeriphClockCmd                   0x08001cf1   Thumb Code    26  stm32f4xx_rcc.o(i.RCC_AHB1PeriphClockCmd)
    RCC_APB1PeriphClockCmd                   0x08001d11   Thumb Code    26  stm32f4xx_rcc.o(i.RCC_APB1PeriphClockCmd)
    RCC_APB1PeriphResetCmd                   0x08001d31   Thumb Code    26  stm32f4xx_rcc.o(i.RCC_APB1PeriphResetCmd)
    RCC_APB2PeriphClockCmd                   0x08001d51   Thumb Code    26  stm32f4xx_rcc.o(i.RCC_APB2PeriphClockCmd)
    RCC_APB2PeriphResetCmd                   0x08001d71   Thumb Code    26  stm32f4xx_rcc.o(i.RCC_APB2PeriphResetCmd)
    RX_Mode                                  0x08001d91   Thumb Code    76  bsp_24l01.o(i.RX_Mode)
    SPI1_Init                                0x08001de9   Thumb Code   160  bsp_spi.o(i.SPI1_Init)
    SPI1_ReadWriteByte                       0x08001e91   Thumb Code    50  bsp_spi.o(i.SPI1_ReadWriteByte)
    SPI_Cmd                                  0x08001ec9   Thumb Code    24  stm32f4xx_spi.o(i.SPI_Cmd)
    SPI_I2S_GetFlagStatus                    0x08001ee1   Thumb Code    18  stm32f4xx_spi.o(i.SPI_I2S_GetFlagStatus)
    SPI_I2S_ReceiveData                      0x08001ef3   Thumb Code     6  stm32f4xx_spi.o(i.SPI_I2S_ReceiveData)
    SPI_I2S_SendData                         0x08001ef9   Thumb Code     4  stm32f4xx_spi.o(i.SPI_I2S_SendData)
    SPI_Init                                 0x08001efd   Thumb Code    60  stm32f4xx_spi.o(i.SPI_Init)
    Stm32_Clock_Init                         0x08002025   Thumb Code    90  bsp_sys.o(i.Stm32_Clock_Init)
    SysTick_Handler                          0x0800208d   Thumb Code    46  port.o(i.SysTick_Handler)
    Sys_Clock_Set                            0x080020c1   Thumb Code   254  bsp_sys.o(i.Sys_Clock_Set)
    SystemInit                               0x080021cd   Thumb Code    88  system_stm32f4xx.o(i.SystemInit)
    TIM_ARRPreloadConfig                     0x08002235   Thumb Code    24  stm32f4xx_tim.o(i.TIM_ARRPreloadConfig)
    TIM_Cmd                                  0x0800224d   Thumb Code    24  stm32f4xx_tim.o(i.TIM_Cmd)
    TIM_CtrlPWMOutputs                       0x08002265   Thumb Code    30  stm32f4xx_tim.o(i.TIM_CtrlPWMOutputs)
    TIM_DeInit                               0x08002285   Thumb Code   346  stm32f4xx_tim.o(i.TIM_DeInit)
    TIM_OC1Init                              0x08002415   Thumb Code   114  stm32f4xx_tim.o(i.TIM_OC1Init)
    TIM_OC1PreloadConfig                     0x08002491   Thumb Code    18  stm32f4xx_tim.o(i.TIM_OC1PreloadConfig)
    TIM_OC2Init                              0x080024a5   Thumb Code   154  stm32f4xx_tim.o(i.TIM_OC2Init)
    TIM_OC2PreloadConfig                     0x08002549   Thumb Code    26  stm32f4xx_tim.o(i.TIM_OC2PreloadConfig)
    TIM_TimeBaseInit                         0x08002565   Thumb Code   104  stm32f4xx_tim.o(i.TIM_TimeBaseInit)
    UsageFault_Handler                       0x080025e9   Thumb Code     4  stm32f4xx_it.o(i.UsageFault_Handler)
    __0printf                                0x080025ed   Thumb Code    22  printfa.o(i.__0printf)
    __1printf                                0x080025ed   Thumb Code     0  printfa.o(i.__0printf)
    __2printf                                0x080025ed   Thumb Code     0  printfa.o(i.__0printf)
    __c89printf                              0x080025ed   Thumb Code     0  printfa.o(i.__0printf)
    printf                                   0x080025ed   Thumb Code     0  printfa.o(i.__0printf)
    __ARM_fpclassify                         0x0800260d   Thumb Code    48  fpclassify.o(i.__ARM_fpclassify)
    __hardfp_asin                            0x08002641   Thumb Code   770  asin.o(i.__hardfp_asin)
    __hardfp_atan                            0x080029a1   Thumb Code   622  atan.o(i.__hardfp_atan)
    __hardfp_atan2                           0x08002c79   Thumb Code   432  atan2.o(i.__hardfp_atan2)
    __hardfp_sqrt                            0x08002e69   Thumb Code   122  sqrt.o(i.__hardfp_sqrt)
    __kernel_poly                            0x08002ee3   Thumb Code   248  poly.o(i.__kernel_poly)
    __mathlib_dbl_infnan                     0x08002fdb   Thumb Code    20  dunder.o(i.__mathlib_dbl_infnan)
    __mathlib_dbl_infnan2                    0x08002fef   Thumb Code    20  dunder.o(i.__mathlib_dbl_infnan2)
    __mathlib_dbl_invalid                    0x08003009   Thumb Code    24  dunder.o(i.__mathlib_dbl_invalid)
    __mathlib_dbl_underflow                  0x08003029   Thumb Code    24  dunder.o(i.__mathlib_dbl_underflow)
    __scatterload_copy                       0x08003049   Thumb Code    14  handlers.o(i.__scatterload_copy)
    __scatterload_null                       0x08003057   Thumb Code     2  handlers.o(i.__scatterload_null)
    __scatterload_zeroinit                   0x08003059   Thumb Code    14  handlers.o(i.__scatterload_zeroinit)
    __set_errno                              0x08003069   Thumb Code     6  errno.o(i.__set_errno)
    atan                                     0x08003927   Thumb Code    16  atan.o(i.atan)
    delay_us                                 0x08003937   Thumb Code    26  bsp_myiic.o(i.delay_us)
    fabs                                     0x08003951   Thumb Code    24  fabs.o(i.fabs)
    fputc                                    0x08003969   Thumb Code    22  bsp_usart.o(i.fputc)
    get_attitude_task                        0x08003985   Thumb Code   320  main.o(i.get_attitude_task)
    led1_task                                0x08003b51   Thumb Code    38  main.o(i.led1_task)
    main                                     0x08003b7d   Thumb Code    34  main.o(i.main)
    pvPortMalloc                             0x08004625   Thumb Code   296  heap_4.o(i.pvPortMalloc)
    pxPortInitialiseStack                    0x08004761   Thumb Code    38  port.o(i.pxPortInitialiseStack)
    sqrt                                     0x0800478d   Thumb Code   110  sqrt.o(i.sqrt)
    start_task                               0x080047fd   Thumb Code    64  main.o(i.start_task)
    uart_init                                0x0800486d   Thumb Code   240  bsp_usart.o(i.uart_init)
    uxListRemove                             0x0800496d   Thumb Code    40  list.o(i.uxListRemove)
    vListInitialise                          0x08004995   Thumb Code    26  list.o(i.vListInitialise)
    vListInitialiseItem                      0x080049af   Thumb Code     6  list.o(i.vListInitialiseItem)
    vListInsert                              0x080049b5   Thumb Code    52  list.o(i.vListInsert)
    vListInsertEnd                           0x080049e9   Thumb Code    24  list.o(i.vListInsertEnd)
    vPortEnterCritical                       0x08004a01   Thumb Code    76  port.o(i.vPortEnterCritical)
    vPortExitCritical                        0x08004a55   Thumb Code    56  port.o(i.vPortExitCritical)
    vPortFree                                0x08004a91   Thumb Code   140  heap_4.o(i.vPortFree)
    vPortSetupTimerInterrupt                 0x08004b25   Thumb Code    20  port.o(i.vPortSetupTimerInterrupt)
    vPortValidateInterruptPriority           0x08004b3d   Thumb Code   106  port.o(i.vPortValidateInterruptPriority)
    vQueueAddToRegistry                      0x08004bb5   Thumb Code    38  queue.o(i.vQueueAddToRegistry)
    vQueueWaitForMessageRestricted           0x08004be1   Thumb Code    74  queue.o(i.vQueueWaitForMessageRestricted)
    vTaskDelay                               0x08004c2d   Thumb Code    82  tasks.o(i.vTaskDelay)
    vTaskDelete                              0x08004c89   Thumb Code   202  tasks.o(i.vTaskDelete)
    vTaskInternalSetTimeOutState             0x08004d7d   Thumb Code    14  tasks.o(i.vTaskInternalSetTimeOutState)
    vTaskMissedYield                         0x08004d95   Thumb Code     8  tasks.o(i.vTaskMissedYield)
    vTaskPlaceOnEventList                    0x08004da1   Thumb Code    52  tasks.o(i.vTaskPlaceOnEventList)
    vTaskPlaceOnEventListRestricted          0x08004dd9   Thumb Code    60  tasks.o(i.vTaskPlaceOnEventListRestricted)
    vTaskStartScheduler                      0x08004e19   Thumb Code   118  tasks.o(i.vTaskStartScheduler)
    vTaskSuspendAll                          0x08004ead   Thumb Code    12  tasks.o(i.vTaskSuspendAll)
    vTaskSwitchContext                       0x08004ebd   Thumb Code   118  tasks.o(i.vTaskSwitchContext)
    xPortStartScheduler                      0x08004f49   Thumb Code   330  port.o(i.xPortStartScheduler)
    xQueueGenericCreate                      0x080050b1   Thumb Code    90  queue.o(i.xQueueGenericCreate)
    xQueueGenericReset                       0x0800510d   Thumb Code   146  queue.o(i.xQueueGenericReset)
    xQueueGenericSend                        0x080051a5   Thumb Code   468  queue.o(i.xQueueGenericSend)
    xQueueGenericSendFromISR                 0x0800537d   Thumb Code   264  queue.o(i.xQueueGenericSendFromISR)
    xQueueReceive                            0x08005485   Thumb Code   356  queue.o(i.xQueueReceive)
    xTaskCheckForTimeOut                     0x080055ed   Thumb Code   132  tasks.o(i.xTaskCheckForTimeOut)
    xTaskCreate                              0x08005679   Thumb Code    96  tasks.o(i.xTaskCreate)
    xTaskGetSchedulerState                   0x080056d9   Thumb Code    24  tasks.o(i.xTaskGetSchedulerState)
    xTaskGetTickCount                        0x080056f9   Thumb Code     6  tasks.o(i.xTaskGetTickCount)
    xTaskIncrementTick                       0x08005705   Thumb Code   282  tasks.o(i.xTaskIncrementTick)
    xTaskPriorityDisinherit                  0x0800584d   Thumb Code   188  tasks.o(i.xTaskPriorityDisinherit)
    xTaskRemoveFromEventList                 0x08005915   Thumb Code   128  tasks.o(i.xTaskRemoveFromEventList)
    xTaskResumeAll                           0x080059ad   Thumb Code   224  tasks.o(i.xTaskResumeAll)
    xTimerCreateTimerTask                    0x08005ab1   Thumb Code    66  timers.o(i.xTimerCreateTimerTask)
    xTimerGenericCommand                     0x08005b09   Thumb Code   126  timers.o(i.xTimerGenericCommand)
    TX_ADDRESS                               0x08005b8c   Data           5  bsp_24l01.o(.constdata)
    RX_ADDRESS                               0x08005b91   Data           5  bsp_24l01.o(.constdata)
    __mathlib_zero                           0x08005c80   Data           8  qnan.o(.constdata)
    Region$$Table$$Base                      0x08005c88   Number         0  anon$$obj.o(Region$$Table)
    Region$$Table$$Limit                     0x08005ca8   Number         0  anon$$obj.o(Region$$Table)
    gyro                                     0x20000000   Data           6  main.o(.data)
    acc                                      0x20000006   Data           6  main.o(.data)
    mag                                      0x2000000c   Data           6  main.o(.data)
    StartTask_Handler                        0x20000014   Data           4  main.o(.data)
    Task_Handler1                            0x20000018   Data           4  main.o(.data)
    Task_Handler2                            0x2000001c   Data           4  main.o(.data)
    temperature                              0x20000020   Data           2  main.o(.data)
    halfT                                    0x20000024   Data           4  imu.o(.data)
    __stdout                                 0x20000048   Data           4  bsp_usart.o(.data)
    USART_RX_STA                             0x2000004c   Data           2  bsp_usart.o(.data)
    pxCurrentTCB                             0x20000050   Data           4  tasks.o(.data)
    Q_ANGLE                                  0x200000c8   Data          12  imu.o(.bss)
    xQueueRegistry                           0x200000d4   Data          64  queue.o(.bss)
    __initial_sp                             0x20013208   Data           0  startup_stm32f407xx.o(STACK)



==============================================================================

Memory Map of the image

  Image Entry point : 0x08000189

  Load Region LR_IROM1 (Base: 0x08000000, Size: 0x00005d70, Max: 0x00100000, ABSOLUTE)

    Execution Region ER_IROM1 (Exec base: 0x08000000, Load base: 0x08000000, Size: 0x00005ca8, Max: 0x00100000, ABSOLUTE)

    Exec Addr    Load Addr    Size         Type   Attr      Idx    E Section Name        Object

    0x08000000   0x08000000   0x00000188   Data   RO            3    RESET               startup_stm32f407xx.o
    0x08000188   0x08000188   0x00000000   Code   RO         7125  * .ARM.Collect$$$$00000000  mc_w.l(entry.o)
    0x08000188   0x08000188   0x00000004   Code   RO         7454    .ARM.Collect$$$$00000001  mc_w.l(entry2.o)
    0x0800018c   0x0800018c   0x00000004   Code   RO         7457    .ARM.Collect$$$$00000004  mc_w.l(entry5.o)
    0x08000190   0x08000190   0x00000000   Code   RO         7459    .ARM.Collect$$$$00000008  mc_w.l(entry7b.o)
    0x08000190   0x08000190   0x00000000   Code   RO         7461    .ARM.Collect$$$$0000000A  mc_w.l(entry8b.o)
    0x08000190   0x08000190   0x00000008   Code   RO         7462    .ARM.Collect$$$$0000000B  mc_w.l(entry9a.o)
    0x08000198   0x08000198   0x00000000   Code   RO         7464    .ARM.Collect$$$$0000000D  mc_w.l(entry10a.o)
    0x08000198   0x08000198   0x00000000   Code   RO         7466    .ARM.Collect$$$$0000000F  mc_w.l(entry11a.o)
    0x08000198   0x08000198   0x00000004   Code   RO         7455    .ARM.Collect$$$$00002712  mc_w.l(entry2.o)
    0x0800019c   0x0800019c   0x000000be   Code   RO         6996    .emb_text           port.o
    0x0800025a   0x0800025a   0x00000002   PAD
    0x0800025c   0x0800025c   0x00000024   Code   RO            4    .text               startup_stm32f407xx.o
    0x08000280   0x08000280   0x00000024   Code   RO         7128    .text               mc_w.l(memcpya.o)
    0x080002a4   0x080002a4   0x00000024   Code   RO         7132    .text               mc_w.l(memseta.o)
    0x080002c8   0x080002c8   0x0000014e   Code   RO         7397    .text               mf_w.l(dadd.o)
    0x08000416   0x08000416   0x000000e4   Code   RO         7399    .text               mf_w.l(dmul.o)
    0x080004fa   0x080004fa   0x000000de   Code   RO         7401    .text               mf_w.l(ddiv.o)
    0x080005d8   0x080005d8   0x00000022   Code   RO         7405    .text               mf_w.l(dflti.o)
    0x080005fa   0x080005fa   0x00000026   Code   RO         7411    .text               mf_w.l(f2d.o)
    0x08000620   0x08000620   0x00000038   Code   RO         7413    .text               mf_w.l(d2f.o)
    0x08000658   0x08000658   0x0000002c   Code   RO         7468    .text               mc_w.l(uidiv.o)
    0x08000684   0x08000684   0x00000062   Code   RO         7470    .text               mc_w.l(uldiv.o)
    0x080006e6   0x080006e6   0x0000001e   Code   RO         7472    .text               mc_w.l(llshl.o)
    0x08000704   0x08000704   0x00000020   Code   RO         7474    .text               mc_w.l(llushr.o)
    0x08000724   0x08000724   0x00000024   Code   RO         7476    .text               mc_w.l(llsshr.o)
    0x08000748   0x08000748   0x00000000   Code   RO         7485    .text               mc_w.l(iusefp.o)
    0x08000748   0x08000748   0x0000006e   Code   RO         7486    .text               mf_w.l(fepilogue.o)
    0x080007b6   0x080007b6   0x000000ba   Code   RO         7488    .text               mf_w.l(depilogue.o)
    0x08000870   0x08000870   0x000000a2   Code   RO         7492    .text               mf_w.l(dsqrt.o)
    0x08000912   0x08000912   0x00000030   Code   RO         7494    .text               mf_w.l(dfixul.o)
    0x08000942   0x08000942   0x00000002   PAD
    0x08000944   0x08000944   0x00000030   Code   RO         7498    .text               mf_w.l(cdrcmple.o)
    0x08000974   0x08000974   0x00000024   Code   RO         7500    .text               mc_w.l(init.o)
    0x08000998   0x08000998   0x0000007c   Code   RO         5203    i.BSP_Init          bsp.o
    0x08000a14   0x08000a14   0x00000004   Code   RO         5069    i.BusFault_Handler  stm32f4xx_it.o
    0x08000a18   0x08000a18   0x00000002   Code   RO         5070    i.DebugMon_Handler  stm32f4xx_it.o
    0x08000a1a   0x08000a1a   0x00000040   Code   RO         5225    i.GPIO_AF_Set       bsp_sys.o
    0x08000a5a   0x08000a5a   0x00000090   Code   RO         1896    i.GPIO_Init         stm32f4xx_gpio.o
    0x08000aea   0x08000aea   0x00000046   Code   RO         1897    i.GPIO_PinAFConfig  stm32f4xx_gpio.o
    0x08000b30   0x08000b30   0x000000de   Code   RO         5226    i.GPIO_Set          bsp_sys.o
    0x08000c0e   0x08000c0e   0x00000004   Code   RO         5071    i.HardFault_Handler  stm32f4xx_it.o
    0x08000c12   0x08000c12   0x00000002   PAD
    0x08000c14   0x08000c14   0x00000050   Code   RO         5595    i.IIC_Ack           bsp_myiic.o
    0x08000c64   0x08000c64   0x00000048   Code   RO         5596    i.IIC_Init          bsp_myiic.o
    0x08000cac   0x08000cac   0x00000050   Code   RO         5597    i.IIC_NAck          bsp_myiic.o
    0x08000cfc   0x08000cfc   0x0000006c   Code   RO         5598    i.IIC_Read_Byte     bsp_myiic.o
    0x08000d68   0x08000d68   0x00000070   Code   RO         5599    i.IIC_Read_NByte    bsp_myiic.o
    0x08000dd8   0x08000dd8   0x00000048   Code   RO         5600    i.IIC_Read_One_Byte  bsp_myiic.o
    0x08000e20   0x08000e20   0x00000068   Code   RO         5601    i.IIC_Send_Byte     bsp_myiic.o
    0x08000e88   0x08000e88   0x00000058   Code   RO         5602    i.IIC_Slave_List    bsp_myiic.o
    0x08000ee0   0x08000ee0   0x0000004c   Code   RO         5604    i.IIC_Start         bsp_myiic.o
    0x08000f2c   0x08000f2c   0x0000004c   Code   RO         5605    i.IIC_Stop          bsp_myiic.o
    0x08000f78   0x08000f78   0x00000060   Code   RO         5606    i.IIC_Wait_Ack      bsp_myiic.o
    0x08000fd8   0x08000fd8   0x0000004c   Code   RO         5608    i.IIC_Write_One_Byte  bsp_myiic.o
    0x08001024   0x08001024   0x00000620   Code   RO         5159    i.IMUupdate         imu.o
    0x08001644   0x08001644   0x00000044   Code   RO         5533    i.LED_Init          bsp_led.o
    0x08001688   0x08001688   0x000001b4   Code   RO         5553    i.MOTOR_TIM_Init    bsp_motor.o
    0x0800183c   0x0800183c   0x0000008e   Code   RO         5699    i.MPU9250_Init      bsp_mpu9250.o
    0x080018ca   0x080018ca   0x00000048   Code   RO         5700    i.MPU_Get_Accelerometer  bsp_mpu9250.o
    0x08001912   0x08001912   0x00000048   Code   RO         5701    i.MPU_Get_Gyroscope  bsp_mpu9250.o
    0x0800195a   0x0800195a   0x00000052   Code   RO         5440    i.MPU_Get_Magnetometer  bsp_ak8963.o
    0x080019ac   0x080019ac   0x00000084   Code   RO         5702    i.MPU_Get_Temperature  bsp_mpu9250.o
    0x08001a30   0x08001a30   0x00000012   Code   RO         5703    i.MPU_Set_Accel_Fsr  bsp_mpu9250.o
    0x08001a42   0x08001a42   0x00000012   Code   RO         5704    i.MPU_Set_Gyro_Fsr  bsp_mpu9250.o
    0x08001a54   0x08001a54   0x0000003c   Code   RO         5705    i.MPU_Set_LPF       bsp_mpu9250.o
    0x08001a90   0x08001a90   0x0000003c   Code   RO         5706    i.MPU_Set_Rate      bsp_mpu9250.o
    0x08001acc   0x08001acc   0x00000078   Code   RO         5229    i.MY_NVIC_Init      bsp_sys.o
    0x08001b44   0x08001b44   0x00000028   Code   RO         5230    i.MY_NVIC_PriorityGroupConfig  bsp_sys.o
    0x08001b6c   0x08001b6c   0x00000010   Code   RO         5231    i.MY_NVIC_SetVectorTable  bsp_sys.o
    0x08001b7c   0x08001b7c   0x00000004   Code   RO         5072    i.MemManage_Handler  stm32f4xx_it.o
    0x08001b80   0x08001b80   0x00000002   Code   RO         5073    i.NMI_Handler       stm32f4xx_it.o
    0x08001b82   0x08001b82   0x00000002   PAD
    0x08001b84   0x08001b84   0x0000004c   Code   RO         5362    i.NRF24L01_Check    bsp_24l01.o
    0x08001bd0   0x08001bd0   0x00000078   Code   RO         5363    i.NRF24L01_Init     bsp_24l01.o
    0x08001c48   0x08001c48   0x0000003c   Code   RO         5364    i.NRF24L01_Read_Buf  bsp_24l01.o
    0x08001c84   0x08001c84   0x0000003c   Code   RO         5368    i.NRF24L01_Write_Buf  bsp_24l01.o
    0x08001cc0   0x08001cc0   0x00000030   Code   RO         5369    i.NRF24L01_Write_Reg  bsp_24l01.o
    0x08001cf0   0x08001cf0   0x00000020   Code   RO         2760    i.RCC_AHB1PeriphClockCmd  stm32f4xx_rcc.o
    0x08001d10   0x08001d10   0x00000020   Code   RO         2769    i.RCC_APB1PeriphClockCmd  stm32f4xx_rcc.o
    0x08001d30   0x08001d30   0x00000020   Code   RO         2771    i.RCC_APB1PeriphResetCmd  stm32f4xx_rcc.o
    0x08001d50   0x08001d50   0x00000020   Code   RO         2772    i.RCC_APB2PeriphClockCmd  stm32f4xx_rcc.o
    0x08001d70   0x08001d70   0x00000020   Code   RO         2774    i.RCC_APB2PeriphResetCmd  stm32f4xx_rcc.o
    0x08001d90   0x08001d90   0x00000058   Code   RO         5370    i.RX_Mode           bsp_24l01.o
    0x08001de8   0x08001de8   0x000000a8   Code   RO         5765    i.SPI1_Init         bsp_spi.o
    0x08001e90   0x08001e90   0x00000038   Code   RO         5766    i.SPI1_ReadWriteByte  bsp_spi.o
    0x08001ec8   0x08001ec8   0x00000018   Code   RO         3877    i.SPI_Cmd           stm32f4xx_spi.o
    0x08001ee0   0x08001ee0   0x00000012   Code   RO         3885    i.SPI_I2S_GetFlagStatus  stm32f4xx_spi.o
    0x08001ef2   0x08001ef2   0x00000006   Code   RO         3888    i.SPI_I2S_ReceiveData  stm32f4xx_spi.o
    0x08001ef8   0x08001ef8   0x00000004   Code   RO         3889    i.SPI_I2S_SendData  stm32f4xx_spi.o
    0x08001efc   0x08001efc   0x0000003c   Code   RO         3890    i.SPI_Init          stm32f4xx_spi.o
    0x08001f38   0x08001f38   0x000000ec   Code   RO           12    i.SetSysClock       system_stm32f4xx.o
    0x08002024   0x08002024   0x00000068   Code   RO         5232    i.Stm32_Clock_Init  bsp_sys.o
    0x0800208c   0x0800208c   0x00000034   Code   RO         6997    i.SysTick_Handler   port.o
    0x080020c0   0x080020c0   0x0000010c   Code   RO         5233    i.Sys_Clock_Set     bsp_sys.o
    0x080021cc   0x080021cc   0x00000068   Code   RO           14    i.SystemInit        system_stm32f4xx.o
    0x08002234   0x08002234   0x00000018   Code   RO         4095    i.TIM_ARRPreloadConfig  stm32f4xx_tim.o
    0x0800224c   0x0800224c   0x00000018   Code   RO         4107    i.TIM_Cmd           stm32f4xx_tim.o
    0x08002264   0x08002264   0x0000001e   Code   RO         4109    i.TIM_CtrlPWMOutputs  stm32f4xx_tim.o
    0x08002282   0x08002282   0x00000002   PAD
    0x08002284   0x08002284   0x00000190   Code   RO         4112    i.TIM_DeInit        stm32f4xx_tim.o
    0x08002414   0x08002414   0x0000007c   Code   RO         4136    i.TIM_OC1Init       stm32f4xx_tim.o
    0x08002490   0x08002490   0x00000012   Code   RO         4139    i.TIM_OC1PreloadConfig  stm32f4xx_tim.o
    0x080024a2   0x080024a2   0x00000002   PAD
    0x080024a4   0x080024a4   0x000000a4   Code   RO         4141    i.TIM_OC2Init       stm32f4xx_tim.o
    0x08002548   0x08002548   0x0000001a   Code   RO         4144    i.TIM_OC2PreloadConfig  stm32f4xx_tim.o
    0x08002562   0x08002562   0x00000002   PAD
    0x08002564   0x08002564   0x00000084   Code   RO         4179    i.TIM_TimeBaseInit  stm32f4xx_tim.o
    0x080025e8   0x080025e8   0x00000004   Code   RO         5074    i.UsageFault_Handler  stm32f4xx_it.o
    0x080025ec   0x080025ec   0x00000020   Code   RO         7369    i.__0printf         mc_w.l(printfa.o)
    0x0800260c   0x0800260c   0x00000030   Code   RO         7449    i.__ARM_fpclassify  m_wm.l(fpclassify.o)
    0x0800263c   0x0800263c   0x00000004   PAD
    0x08002640   0x08002640   0x00000360   Code   RO         7073    i.__hardfp_asin     m_wm.l(asin.o)
    0x080029a0   0x080029a0   0x000002d8   Code   RO         7415    i.__hardfp_atan     m_wm.l(atan.o)
    0x08002c78   0x08002c78   0x000001f0   Code   RO         7087    i.__hardfp_atan2    m_wm.l(atan2.o)
    0x08002e68   0x08002e68   0x0000007a   Code   RO         7113    i.__hardfp_sqrt     m_wm.l(sqrt.o)
    0x08002ee2   0x08002ee2   0x000000f8   Code   RO         7451    i.__kernel_poly     m_wm.l(poly.o)
    0x08002fda   0x08002fda   0x00000014   Code   RO         7430    i.__mathlib_dbl_infnan  m_wm.l(dunder.o)
    0x08002fee   0x08002fee   0x00000014   Code   RO         7431    i.__mathlib_dbl_infnan2  m_wm.l(dunder.o)
    0x08003002   0x08003002   0x00000006   PAD
    0x08003008   0x08003008   0x00000020   Code   RO         7432    i.__mathlib_dbl_invalid  m_wm.l(dunder.o)
    0x08003028   0x08003028   0x00000020   Code   RO         7435    i.__mathlib_dbl_underflow  m_wm.l(dunder.o)
    0x08003048   0x08003048   0x0000000e   Code   RO         7504    i.__scatterload_copy  mc_w.l(handlers.o)
    0x08003056   0x08003056   0x00000002   Code   RO         7505    i.__scatterload_null  mc_w.l(handlers.o)
    0x08003058   0x08003058   0x0000000e   Code   RO         7506    i.__scatterload_zeroinit  mc_w.l(handlers.o)
    0x08003066   0x08003066   0x00000002   PAD
    0x08003068   0x08003068   0x0000000c   Code   RO         7480    i.__set_errno       mc_w.l(errno.o)
    0x08003074   0x08003074   0x00000184   Code   RO         7376    i._fp_digits        mc_w.l(printfa.o)
    0x080031f8   0x080031f8   0x000006dc   Code   RO         7377    i._printf_core      mc_w.l(printfa.o)
    0x080038d4   0x080038d4   0x00000024   Code   RO         7378    i._printf_post_padding  mc_w.l(printfa.o)
    0x080038f8   0x080038f8   0x0000002e   Code   RO         7379    i._printf_pre_padding  mc_w.l(printfa.o)
    0x08003926   0x08003926   0x00000010   Code   RO         7417    i.atan              m_wm.l(atan.o)
    0x08003936   0x08003936   0x0000001a   Code   RO         5609    i.delay_us          bsp_myiic.o
    0x08003950   0x08003950   0x00000018   Code   RO         7445    i.fabs              m_wm.l(fabs.o)
    0x08003968   0x08003968   0x0000001c   Code   RO         5320    i.fputc             bsp_usart.o
    0x08003984   0x08003984   0x000001cc   Code   RO         4927    i.get_attitude_task  main.o
    0x08003b50   0x08003b50   0x0000002c   Code   RO         4928    i.led1_task         main.o
    0x08003b7c   0x08003b7c   0x00000038   Code   RO         4929    i.main              main.o
    0x08003bb4   0x08003bb4   0x00000098   Code   RO         6444    i.prvAddCurrentTaskToDelayedList  tasks.o
    0x08003c4c   0x08003c4c   0x000000b8   Code   RO         6445    i.prvAddNewTaskToReadyList  tasks.o
    0x08003d04   0x08003d04   0x00000064   Code   RO         6796    i.prvCheckForValidListAndQueue  timers.o
    0x08003d68   0x08003d68   0x00000048   Code   RO         6446    i.prvCheckTasksWaitingTermination  tasks.o
    0x08003db0   0x08003db0   0x0000002a   Code   RO         6041    i.prvCopyDataFromQueue  queue.o
    0x08003dda   0x08003dda   0x0000007e   Code   RO         6042    i.prvCopyDataToQueue  queue.o
    0x08003e58   0x08003e58   0x00000012   Code   RO         6447    i.prvDeleteTCB      tasks.o
    0x08003e6a   0x08003e6a   0x00000002   PAD
    0x08003e6c   0x08003e6c   0x00000028   Code   RO         6797    i.prvGetNextExpireTime  timers.o
    0x08003e94   0x08003e94   0x0000007c   Code   RO         6947    i.prvHeapInit       heap_4.o
    0x08003f10   0x08003f10   0x00000028   Code   RO         6448    i.prvIdleTask       tasks.o
    0x08003f38   0x08003f38   0x0000002e   Code   RO         6045    i.prvInitialiseNewQueue  queue.o
    0x08003f66   0x08003f66   0x000000be   Code   RO         6449    i.prvInitialiseNewTask  tasks.o
    0x08004024   0x08004024   0x00000068   Code   RO         6450    i.prvInitialiseTaskLists  tasks.o
    0x0800408c   0x0800408c   0x00000068   Code   RO         6948    i.prvInsertBlockIntoFreeList  heap_4.o
    0x080040f4   0x080040f4   0x00000058   Code   RO         6799    i.prvInsertTimerInActiveList  timers.o
    0x0800414c   0x0800414c   0x0000001a   Code   RO         6046    i.prvIsQueueEmpty   queue.o
    0x08004166   0x08004166   0x0000001e   Code   RO         6047    i.prvIsQueueFull    queue.o
    0x08004184   0x08004184   0x00000090   Code   RO         6048    i.prvNotifyQueueSetContainer  queue.o
    0x08004214   0x08004214   0x00000074   Code   RO         6800    i.prvProcessExpiredTimer  timers.o
    0x08004288   0x08004288   0x00000138   Code   RO         6801    i.prvProcessReceivedCommands  timers.o
    0x080043c0   0x080043c0   0x00000074   Code   RO         6802    i.prvProcessTimerOrBlockTask  timers.o
    0x08004434   0x08004434   0x00000034   Code   RO         6452    i.prvResetNextTaskUnblockTime  tasks.o
    0x08004468   0x08004468   0x0000002c   Code   RO         6803    i.prvSampleTimeNow  timers.o
    0x08004494   0x08004494   0x000000a4   Code   RO         6804    i.prvSwitchTimerLists  timers.o
    0x08004538   0x08004538   0x00000040   Code   RO         6998    i.prvTaskExitError  port.o
    0x08004578   0x08004578   0x0000001a   Code   RO         6805    i.prvTimerTask      timers.o
    0x08004592   0x08004592   0x00000092   Code   RO         6049    i.prvUnlockQueue    queue.o
    0x08004624   0x08004624   0x0000013c   Code   RO         6949    i.pvPortMalloc      heap_4.o
    0x08004760   0x08004760   0x0000002c   Code   RO         6999    i.pxPortInitialiseStack  port.o
    0x0800478c   0x0800478c   0x0000006e   Code   RO         7115    i.sqrt              m_wm.l(sqrt.o)
    0x080047fa   0x080047fa   0x00000002   PAD
    0x080047fc   0x080047fc   0x00000070   Code   RO         4930    i.start_task        main.o
    0x0800486c   0x0800486c   0x00000100   Code   RO         5321    i.uart_init         bsp_usart.o
    0x0800496c   0x0800496c   0x00000028   Code   RO         6001    i.uxListRemove      list.o
    0x08004994   0x08004994   0x0000001a   Code   RO         6002    i.vListInitialise   list.o
    0x080049ae   0x080049ae   0x00000006   Code   RO         6003    i.vListInitialiseItem  list.o
    0x080049b4   0x080049b4   0x00000034   Code   RO         6004    i.vListInsert       list.o
    0x080049e8   0x080049e8   0x00000018   Code   RO         6005    i.vListInsertEnd    list.o
    0x08004a00   0x08004a00   0x00000054   Code   RO         7001    i.vPortEnterCritical  port.o
    0x08004a54   0x08004a54   0x0000003c   Code   RO         7002    i.vPortExitCritical  port.o
    0x08004a90   0x08004a90   0x00000094   Code   RO         6950    i.vPortFree         heap_4.o
    0x08004b24   0x08004b24   0x00000018   Code   RO         7003    i.vPortSetupTimerInterrupt  port.o
    0x08004b3c   0x08004b3c   0x00000078   Code   RO         7004    i.vPortValidateInterruptPriority  port.o
    0x08004bb4   0x08004bb4   0x0000002c   Code   RO         6055    i.vQueueAddToRegistry  queue.o
    0x08004be0   0x08004be0   0x0000004a   Code   RO         6059    i.vQueueWaitForMessageRestricted  queue.o
    0x08004c2a   0x08004c2a   0x00000002   PAD
    0x08004c2c   0x08004c2c   0x0000005c   Code   RO         6463    i.vTaskDelay        tasks.o
    0x08004c88   0x08004c88   0x000000f4   Code   RO         6465    i.vTaskDelete       tasks.o
    0x08004d7c   0x08004d7c   0x00000018   Code   RO         6468    i.vTaskInternalSetTimeOutState  tasks.o
    0x08004d94   0x08004d94   0x0000000c   Code   RO         6469    i.vTaskMissedYield  tasks.o
    0x08004da0   0x08004da0   0x00000038   Code   RO         6471    i.vTaskPlaceOnEventList  tasks.o
    0x08004dd8   0x08004dd8   0x00000040   Code   RO         6472    i.vTaskPlaceOnEventListRestricted  tasks.o
    0x08004e18   0x08004e18   0x00000094   Code   RO         6480    i.vTaskStartScheduler  tasks.o
    0x08004eac   0x08004eac   0x00000010   Code   RO         6482    i.vTaskSuspendAll   tasks.o
    0x08004ebc   0x08004ebc   0x0000008c   Code   RO         6483    i.vTaskSwitchContext  tasks.o
    0x08004f48   0x08004f48   0x00000168   Code   RO         7005    i.xPortStartScheduler  port.o
    0x080050b0   0x080050b0   0x0000005a   Code   RO         6064    i.xQueueGenericCreate  queue.o
    0x0800510a   0x0800510a   0x00000002   PAD
    0x0800510c   0x0800510c   0x00000098   Code   RO         6065    i.xQueueGenericReset  queue.o
    0x080051a4   0x080051a4   0x000001d8   Code   RO         6066    i.xQueueGenericSend  queue.o
    0x0800537c   0x0800537c   0x00000108   Code   RO         6067    i.xQueueGenericSendFromISR  queue.o
    0x08005484   0x08005484   0x00000168   Code   RO         6074    i.xQueueReceive     queue.o
    0x080055ec   0x080055ec   0x0000008c   Code   RO         6484    i.xTaskCheckForTimeOut  tasks.o
    0x08005678   0x08005678   0x00000060   Code   RO         6485    i.xTaskCreate       tasks.o
    0x080056d8   0x080056d8   0x00000020   Code   RO         6489    i.xTaskGetSchedulerState  tasks.o
    0x080056f8   0x080056f8   0x0000000c   Code   RO         6490    i.xTaskGetTickCount  tasks.o
    0x08005704   0x08005704   0x00000148   Code   RO         6492    i.xTaskIncrementTick  tasks.o
    0x0800584c   0x0800584c   0x000000c8   Code   RO         6495    i.xTaskPriorityDisinherit  tasks.o
    0x08005914   0x08005914   0x00000098   Code   RO         6497    i.xTaskRemoveFromEventList  tasks.o
    0x080059ac   0x080059ac   0x00000104   Code   RO         6498    i.xTaskResumeAll    tasks.o
    0x08005ab0   0x08005ab0   0x00000058   Code   RO         6812    i.xTimerCreateTimerTask  timers.o
    0x08005b08   0x08005b08   0x00000084   Code   RO         6813    i.xTimerGenericCommand  timers.o
    0x08005b8c   0x08005b8c   0x0000000a   Data   RO         5372    .constdata          bsp_24l01.o
    0x08005b96   0x08005b96   0x00000002   PAD
    0x08005b98   0x08005b98   0x00000050   Data   RO         7076    .constdata          m_wm.l(asin.o)
    0x08005be8   0x08005be8   0x00000098   Data   RO         7418    .constdata          m_wm.l(atan.o)
    0x08005c80   0x08005c80   0x00000008   Data   RO         7453    .constdata          m_wm.l(qnan.o)
    0x08005c88   0x08005c88   0x00000020   Data   RO         7502    Region$$Table       anon$$obj.o


    Execution Region RW_IRAM1 (Exec base: 0x20000000, Load base: 0x08005ca8, Size: 0x00013208, Max: 0x00020000, ABSOLUTE)

    Exec Addr    Load Addr    Size         Type   Attr      Idx    E Section Name        Object

    0x20000000   0x08005ca8   0x00000022   Data   RW         4931    .data               main.o
    0x20000022   0x08005cca   0x00000002   PAD
    0x20000024   0x08005ccc   0x00000024   Data   RW         5161    .data               imu.o
    0x20000048   0x08005cf0   0x00000006   Data   RW         5323    .data               bsp_usart.o
    0x2000004e   0x08005cf6   0x00000002   PAD
    0x20000050   0x08005cf8   0x0000003c   Data   RW         6501    .data               tasks.o
    0x2000008c   0x08005d34   0x00000014   Data   RW         6819    .data               timers.o
    0x200000a0   0x08005d48   0x00000018   Data   RW         6955    .data               heap_4.o
    0x200000b8   0x08005d60   0x0000000c   Data   RW         7006    .data               port.o
    0x200000c4   0x08005d6c   0x00000004   Data   RW         7481    .data               mc_w.l(errno.o)
    0x200000c8        -       0x0000000c   Zero   RW         5160    .bss                imu.o
    0x200000d4        -       0x00000040   Zero   RW         6081    .bss                queue.o
    0x20000114        -       0x000000c8   Zero   RW         6500    .bss                tasks.o
    0x200001dc        -       0x00000028   Zero   RW         6818    .bss                timers.o
    0x20000204        -       0x00012c00   Zero   RW         6954    .bss                heap_4.o
    0x20012e04   0x08005d70   0x00000004   PAD
    0x20012e08        -       0x00000400   Zero   RW            1    STACK               startup_stm32f407xx.o


==============================================================================

Image component sizes


      Code (inc. data)   RO Data    RW Data    ZI Data      Debug   Object Name

       124         46          0          0          0        499   bsp.o
       452         58         10          0          0       4269   bsp_24l01.o
        82          0          0          0          0        887   bsp_ak8963.o
        68         18          0          0          0        467   bsp_led.o
       436         30          0          0          0        813   bsp_motor.o
       574         22          0          0          0       5177   bsp_mpu9250.o
      1066        134          0          0          0       7824   bsp_myiic.o
       224         14          0          0          0       1201   bsp_spi.o
       834         44          0          0          0       4938   bsp_sys.o
       284         22          0          6          0       3060   bsp_usart.o
         0          0          0          0          0       9664   event_groups.o
       692         62          0         24      76800       4451   heap_4.o
      1568         58          0         36         12       3511   imu.o
       148          0          0          0          0       3262   list.o
       672        216          0         34          0      27457   main.o
         0          0          0          0          0     227488   misc.o
       998         92          0         12          0      11829   port.o
      2016         20          0          0         64      17018   queue.o
        36          8        392          0       1024        836   startup_stm32f407xx.o
       214          0          0          0          0       1667   stm32f4xx_gpio.o
        20          0          0          0          0       2621   stm32f4xx_it.o
       160         30          0          0          0       2785   stm32f4xx_rcc.o
       112          0          0          0          0       3294   stm32f4xx_spi.o
       942        102          0          0          0       6088   stm32f4xx_tim.o
       340         32          0          0          0      40689   system_stm32f4xx.o
      2828        390          0         60        200      25108   tasks.o
      1226        116          0         20         40      20363   timers.o

    ----------------------------------------------------------------------
     16134       1514        436        196      78144     437266   Object Totals
         0          0         32          0          0          0   (incl. Generated)
        18          0          2          4          4          0   (incl. Padding)

    ----------------------------------------------------------------------

      Code (inc. data)   RO Data    RW Data    ZI Data      Debug   Library Member Name

       864         94         80          0          0        280   asin.o
       744        106        152          0          0        352   atan.o
       496         64          0          0          0        192   atan2.o
       104         16          0          0          0        496   dunder.o
        24          0          0          0          0        124   fabs.o
        48          0          0          0          0        124   fpclassify.o
       248          0          0          0          0        152   poly.o
         0          0          8          0          0          0   qnan.o
       232          0          0          0          0        296   sqrt.o
         0          0          0          0          0          0   entry.o
         0          0          0          0          0          0   entry10a.o
         0          0          0          0          0          0   entry11a.o
         8          4          0          0          0          0   entry2.o
         4          0          0          0          0          0   entry5.o
         0          0          0          0          0          0   entry7b.o
         0          0          0          0          0          0   entry8b.o
         8          4          0          0          0          0   entry9a.o
        12          6          0          4          0         68   errno.o
        30          0          0          0          0          0   handlers.o
        36          8          0          0          0         68   init.o
         0          0          0          0          0          0   iusefp.o
        30          0          0          0          0         68   llshl.o
        36          0          0          0          0         68   llsshr.o
        32          0          0          0          0         68   llushr.o
        36          0          0          0          0         68   memcpya.o
        36          0          0          0          0        108   memseta.o
      2258         90          0          0          0        452   printfa.o
        44          0          0          0          0         80   uidiv.o
        98          0          0          0          0         92   uldiv.o
        48          0          0          0          0         68   cdrcmple.o
        56          0          0          0          0         88   d2f.o
       334          0          0          0          0        148   dadd.o
       222          0          0          0          0        100   ddiv.o
       186          0          0          0          0        176   depilogue.o
        48          0          0          0          0         68   dfixul.o
        34          0          0          0          0         76   dflti.o
       228          0          0          0          0         96   dmul.o
       162          0          0          0          0        100   dsqrt.o
        38          0          0          0          0         68   f2d.o
       110          0          0          0          0        168   fepilogue.o

    ----------------------------------------------------------------------
      6910        392        240          4          0       4312   Library Totals
        16          0          0          0          0          0   (incl. Padding)

    ----------------------------------------------------------------------

      Code (inc. data)   RO Data    RW Data    ZI Data      Debug   Library Name

      2760        280        240          0          0       2016   m_wm.l
      2668        112          0          4          0       1140   mc_w.l
      1466          0          0          0          0       1156   mf_w.l

    ----------------------------------------------------------------------
      6910        392        240          4          0       4312   Library Totals

    ----------------------------------------------------------------------

==============================================================================


      Code (inc. data)   RO Data    RW Data    ZI Data      Debug   

     23044       1906        676        200      78144     425438   Grand Totals
     23044       1906        676        200      78144     425438   ELF Image Totals
     23044       1906        676        200          0          0   ROM Totals

==============================================================================

    Total RO  Size (Code + RO Data)                23720 (  23.16kB)
    Total RW  Size (RW Data + ZI Data)             78344 (  76.51kB)
    Total ROM Size (Code + RO Data + RW Data)      23920 (  23.36kB)

==============================================================================

