Component: ARM Compiler 5.06 update 6 (build 750) Tool: armlink [4d35ed]

==============================================================================

Section Cross References

    startup_stm32f407xx.o(RESET) refers to startup_stm32f407xx.o(STACK) for __initial_sp
    startup_stm32f407xx.o(RESET) refers to startup_stm32f407xx.o(.text) for Reset_Handler
    startup_stm32f407xx.o(RESET) refers to stm32f4xx_it.o(i.NMI_Handler) for NMI_Handler
    startup_stm32f407xx.o(RESET) refers to stm32f4xx_it.o(i.HardFault_Handler) for HardFault_Handler
    startup_stm32f407xx.o(RESET) refers to stm32f4xx_it.o(i.MemManage_Handler) for MemManage_Handler
    startup_stm32f407xx.o(RESET) refers to stm32f4xx_it.o(i.BusFault_Handler) for BusFault_Handler
    startup_stm32f407xx.o(RESET) refers to stm32f4xx_it.o(i.UsageFault_Handler) for UsageFault_Handler
    startup_stm32f407xx.o(RESET) refers to port.o(.emb_text) for SVC_Handler
    startup_stm32f407xx.o(RESET) refers to stm32f4xx_it.o(i.DebugMon_Handler) for DebugMon_Handler
    startup_stm32f407xx.o(RESET) refers to port.o(i.SysTick_Handler) for SysTick_Handler
    startup_stm32f407xx.o(.text) refers to system_stm32f4xx.o(i.SystemInit) for SystemInit
    startup_stm32f407xx.o(.text) refers to entry.o(.ARM.Collect$$$$00000000) for __main
    system_stm32f4xx.o(i.SystemCoreClockUpdate) refers to system_stm32f4xx.o(.data) for SystemCoreClock
    system_stm32f4xx.o(i.SystemInit) refers to system_stm32f4xx.o(i.SetSysClock) for SetSysClock
    stm32f4xx_adc.o(i.ADC_DeInit) refers to stm32f4xx_rcc.o(i.RCC_APB2PeriphResetCmd) for RCC_APB2PeriphResetCmd
    stm32f4xx_can.o(i.CAN_DeInit) refers to stm32f4xx_rcc.o(i.RCC_APB1PeriphResetCmd) for RCC_APB1PeriphResetCmd
    stm32f4xx_can.o(i.CAN_GetITStatus) refers to stm32f4xx_can.o(i.CheckITStatus) for CheckITStatus
    stm32f4xx_cryp.o(i.CRYP_DeInit) refers to stm32f4xx_rcc.o(i.RCC_AHB2PeriphResetCmd) for RCC_AHB2PeriphResetCmd
    stm32f4xx_cryp_aes.o(i.CRYP_AES_CBC) refers to stm32f4xx_cryp.o(i.CRYP_KeyStructInit) for CRYP_KeyStructInit
    stm32f4xx_cryp_aes.o(i.CRYP_AES_CBC) refers to stm32f4xx_cryp.o(i.CRYP_FIFOFlush) for CRYP_FIFOFlush
    stm32f4xx_cryp_aes.o(i.CRYP_AES_CBC) refers to stm32f4xx_cryp.o(i.CRYP_Init) for CRYP_Init
    stm32f4xx_cryp_aes.o(i.CRYP_AES_CBC) refers to stm32f4xx_cryp.o(i.CRYP_KeyInit) for CRYP_KeyInit
    stm32f4xx_cryp_aes.o(i.CRYP_AES_CBC) refers to stm32f4xx_cryp.o(i.CRYP_Cmd) for CRYP_Cmd
    stm32f4xx_cryp_aes.o(i.CRYP_AES_CBC) refers to stm32f4xx_cryp.o(i.CRYP_GetFlagStatus) for CRYP_GetFlagStatus
    stm32f4xx_cryp_aes.o(i.CRYP_AES_CBC) refers to stm32f4xx_cryp.o(i.CRYP_IVInit) for CRYP_IVInit
    stm32f4xx_cryp_aes.o(i.CRYP_AES_CBC) refers to stm32f4xx_cryp.o(i.CRYP_GetCmdStatus) for CRYP_GetCmdStatus
    stm32f4xx_cryp_aes.o(i.CRYP_AES_CBC) refers to stm32f4xx_cryp.o(i.CRYP_DataIn) for CRYP_DataIn
    stm32f4xx_cryp_aes.o(i.CRYP_AES_CBC) refers to stm32f4xx_cryp.o(i.CRYP_DataOut) for CRYP_DataOut
    stm32f4xx_cryp_aes.o(i.CRYP_AES_CCM) refers to stm32f4xx_cryp.o(i.CRYP_KeyStructInit) for CRYP_KeyStructInit
    stm32f4xx_cryp_aes.o(i.CRYP_AES_CCM) refers to stm32f4xx_cryp.o(i.CRYP_FIFOFlush) for CRYP_FIFOFlush
    stm32f4xx_cryp_aes.o(i.CRYP_AES_CCM) refers to stm32f4xx_cryp.o(i.CRYP_KeyInit) for CRYP_KeyInit
    stm32f4xx_cryp_aes.o(i.CRYP_AES_CCM) refers to stm32f4xx_cryp.o(i.CRYP_IVInit) for CRYP_IVInit
    stm32f4xx_cryp_aes.o(i.CRYP_AES_CCM) refers to stm32f4xx_cryp.o(i.CRYP_Init) for CRYP_Init
    stm32f4xx_cryp_aes.o(i.CRYP_AES_CCM) refers to stm32f4xx_cryp.o(i.CRYP_PhaseConfig) for CRYP_PhaseConfig
    stm32f4xx_cryp_aes.o(i.CRYP_AES_CCM) refers to stm32f4xx_cryp.o(i.CRYP_DataIn) for CRYP_DataIn
    stm32f4xx_cryp_aes.o(i.CRYP_AES_CCM) refers to stm32f4xx_cryp.o(i.CRYP_Cmd) for CRYP_Cmd
    stm32f4xx_cryp_aes.o(i.CRYP_AES_CCM) refers to stm32f4xx_cryp.o(i.CRYP_GetCmdStatus) for CRYP_GetCmdStatus
    stm32f4xx_cryp_aes.o(i.CRYP_AES_CCM) refers to stm32f4xx_cryp.o(i.CRYP_GetFlagStatus) for CRYP_GetFlagStatus
    stm32f4xx_cryp_aes.o(i.CRYP_AES_CCM) refers to stm32f4xx_cryp.o(i.CRYP_DataOut) for CRYP_DataOut
    stm32f4xx_cryp_aes.o(i.CRYP_AES_CTR) refers to stm32f4xx_cryp.o(i.CRYP_KeyStructInit) for CRYP_KeyStructInit
    stm32f4xx_cryp_aes.o(i.CRYP_AES_CTR) refers to stm32f4xx_cryp.o(i.CRYP_KeyInit) for CRYP_KeyInit
    stm32f4xx_cryp_aes.o(i.CRYP_AES_CTR) refers to stm32f4xx_cryp.o(i.CRYP_Init) for CRYP_Init
    stm32f4xx_cryp_aes.o(i.CRYP_AES_CTR) refers to stm32f4xx_cryp.o(i.CRYP_IVInit) for CRYP_IVInit
    stm32f4xx_cryp_aes.o(i.CRYP_AES_CTR) refers to stm32f4xx_cryp.o(i.CRYP_FIFOFlush) for CRYP_FIFOFlush
    stm32f4xx_cryp_aes.o(i.CRYP_AES_CTR) refers to stm32f4xx_cryp.o(i.CRYP_Cmd) for CRYP_Cmd
    stm32f4xx_cryp_aes.o(i.CRYP_AES_CTR) refers to stm32f4xx_cryp.o(i.CRYP_GetCmdStatus) for CRYP_GetCmdStatus
    stm32f4xx_cryp_aes.o(i.CRYP_AES_CTR) refers to stm32f4xx_cryp.o(i.CRYP_DataIn) for CRYP_DataIn
[...]
    FREERTOS_Test\queue\queue_createMailbox.c 0x00000000   Number         0  queue_createmailbox.o ABSOLUTE
    FREERTOS_Test\queue\queue_rxDataFromMultiQueue.c 0x00000000   Number         0  queue_rxdatafrommultiqueue.o ABSOLUTE
    FREERTOS_Test\queue\queue_rxDataformMultiSource.c 0x00000000   Number         0  queue_rxdataformmultisource.o ABSOLUTE
    FREERTOS_Test\queue\queue_rxDatafromMultiQueueRealistic.c 0x00000000   Number         0  queue_rxdatafrommultiqueuerealistic.o ABSOLUTE
    FREERTOS_Test\queue\queue_rxLargeData.c  0x00000000   Number         0  queue_rxlargedata.o ABSOLUTE
    FWlib\\src\\misc.c                       0x00000000   Number         0  misc.o ABSOLUTE
    FWlib\\src\\stm32f4xx_adc.c              0x00000000   Number         0  stm32f4xx_adc.o ABSOLUTE
    FWlib\\src\\stm32f4xx_can.c              0x00000000   Number         0  stm32f4xx_can.o ABSOLUTE
    FWlib\\src\\stm32f4xx_crc.c              0x00000000   Number         0  stm32f4xx_crc.o ABSOLUTE
    FWlib\\src\\stm32f4xx_cryp.c             0x00000000   Number         0  stm32f4xx_cryp.o ABSOLUTE
    FWlib\\src\\stm32f4xx_cryp_aes.c         0x00000000   Number         0  stm32f4xx_cryp_aes.o ABSOLUTE
    FWlib\\src\\stm32f4xx_cryp_des.c         0x00000000   Number         0  stm32f4xx_cryp_des.o ABSOLUTE
    FWlib\\src\\stm32f4xx_cryp_tdes.c        0x00000000   Number         0  stm32f4xx_cryp_tdes.o ABSOLUTE
    FWlib\\src\\stm32f4xx_dac.c              0x00000000   Number         0  stm32f4xx_dac.o ABSOLUTE
    FWlib\\src\\stm32f4xx_dbgmcu.c           0x00000000   Number         0  stm32f4xx_dbgmcu.o ABSOLUTE
    FWlib\\src\\stm32f4xx_dcmi.c             0x00000000   Number         0  stm32f4xx_dcmi.o ABSOLUTE
    FWlib\\src\\stm32f4xx_dma.c              0x00000000   Number         0  stm32f4xx_dma.o ABSOLUTE
    FWlib\\src\\stm32f4xx_dma2d.c            0x00000000   Number         0  stm32f4xx_dma2d.o ABSOLUTE
    FWlib\\src\\stm32f4xx_exti.c             0x00000000   Number         0  stm32f4xx_exti.o ABSOLUTE
    FWlib\\src\\stm32f4xx_flash.c            0x00000000   Number         0  stm32f4xx_flash.o ABSOLUTE
    FWlib\\src\\stm32f4xx_flash_ramfunc.c    0x00000000   Number         0  stm32f4xx_flash_ramfunc.o ABSOLUTE
    FWlib\\src\\stm32f4xx_fsmc.c             0x00000000   Number         0  stm32f4xx_fsmc.o ABSOLUTE
    FWlib\\src\\stm32f4xx_gpio.c             0x00000000   Number         0  stm32f4xx_gpio.o ABSOLUTE
    FWlib\\src\\stm32f4xx_hash.c             0x00000000   Number         0  stm32f4xx_hash.o ABSOLUTE
    FWlib\\src\\stm32f4xx_hash_md5.c         0x00000000   Number         0  stm32f4xx_hash_md5.o ABSOLUTE
    FWlib\\src\\stm32f4xx_hash_sha1.c        0x00000000   Number         0  stm32f4xx_hash_sha1.o ABSOLUTE
    FWlib\\src\\stm32f4xx_i2c.c              0x00000000   Number         0  stm32f4xx_i2c.o ABSOLUTE
    FWlib\\src\\stm32f4xx_iwdg.c             0x00000000   Number         0  stm32f4xx_iwdg.o ABSOLUTE
    FWlib\\src\\stm32f4xx_ltdc.c             0x00000000   Number         0  stm32f4xx_ltdc.o ABSOLUTE
    FWlib\\src\\stm32f4xx_pwr.c              0x00000000   Number         0  stm32f4xx_pwr.o ABSOLUTE
    FWlib\\src\\stm32f4xx_rcc.c              0x00000000   Number         0  stm32f4xx_rcc.o ABSOLUTE
    FWlib\\src\\stm32f4xx_rng.c              0x00000000   Number         0  stm32f4xx_rng.o ABSOLUTE
    FWlib\\src\\stm32f4xx_rtc.c              0x00000000   Number         0  stm32f4xx_rtc.o ABSOLUTE
    FWlib\\src\\stm32f4xx_sai.c              0x00000000   Number         0  stm32f4xx_sai.o ABSOLUTE
    FWlib\\src\\stm32f4xx_sdio.c             0x00000000   Number         0  stm32f4xx_sdio.o ABSOLUTE
    FWlib\\src\\stm32f4xx_spi.c              0x00000000   Number         0  stm32f4xx_spi.o ABSOLUTE
    FWlib\\src\\stm32f4xx_syscfg.c           0x00000000   Number         0  stm32f4xx_syscfg.o ABSOLUTE
    FWlib\\src\\stm32f4xx_tim.c              0x00000000   Number         0  stm32f4xx_tim.o ABSOLUTE
    FWlib\\src\\stm32f4xx_usart.c            0x00000000   Number         0  stm32f4xx_usart.o ABSOLUTE
    FWlib\\src\\stm32f4xx_wwdg.c             0x00000000   Number         0  stm32f4xx_wwdg.o ABSOLUTE
    FWlib\src\misc.c                         0x00000000   Number         0  misc.o ABSOLUTE
    FWlib\src\stm32f4xx_adc.c                0x00000000   Number         0  stm32f4xx_adc.o ABSOLUTE
    FWlib\src\stm32f4xx_can.c                0x00000000   Number         0  stm32f4xx_can.o ABSOLUTE
    FWlib\src\stm32f4xx_crc.c                0x00000000   Number         0  stm32f4xx_crc.o ABSOLUTE
    FWlib\src\stm32f4xx_cryp.c               0x00000000   Number         0  stm32f4xx_cryp.o ABSOLUTE
    FWlib\src\stm32f4xx_cryp_aes.c           0x00000000   Number         0  stm32f4xx_cryp_aes.o ABSOLUTE
    FWlib\src\stm32f4xx_cryp_des.c           0x00000000   Number         0  stm32f4xx_cryp_des.o ABSOLUTE
    FWlib\src\stm32f4xx_cryp_tdes.c          0x00000000   Number         0  stm32f4xx_cryp_tdes.o ABSOLUTE
    FWlib\src\stm32f4xx_dac.c                0x00000000   Number         0  stm32f4xx_dac.o ABSOLUTE
    FWlib\src\stm32f4xx_dbgmcu.c             0x00000000   Number         0  stm32f4xx_dbgmcu.o ABSOLUTE
    FWlib\src\stm32f4xx_dcmi.c               0x00000000   Number         0  stm32f4xx_dcmi.o ABSOLUTE
    FWlib\src\stm32f4xx_dma.c                0x00000000   Number         0  stm32f4xx_dma.o ABSOLUTE
    FWlib\src\stm32f4xx_dma2d.c              0x00000000   Number         0  stm32f4xx_dma2d.o ABSOLUTE
    FWlib\src\stm32f4xx_exti.c               0x00000000   Number         0  stm32f4xx_exti.o ABSOLUTE
    FWlib\src\stm32f4xx_flash.c              0x00000000   Number         0  stm32f4xx_flash.o ABSOLUTE
    FWlib\src\stm32f4xx_flash_ramfunc.c      0x00000000   Number         0  stm32f4xx_flash_ramfunc.o ABSOLUTE
    FWlib\src\stm32f4xx_fsmc.c               0x00000000   Number         0  stm32f4xx_fsmc.o ABSOLUTE
    FWlib\src\stm32f4xx_gpio.c               0x00000000   Number         0  stm32f4xx_gpio.o ABSOLUTE
    FWlib\src\stm32f4xx_hash.c               0x00000000   Number         0  stm32f4xx_hash.o ABSOLUTE
    FWlib\src\stm32f4xx_hash_md5.c           0x00000000   Number         0  stm32f4xx_hash_md5.o ABSOLUTE
    FWlib\src\stm32f4xx_hash_sha1.c          0x00000000   Number         0  stm32f4xx_hash_sha1.o ABSOLUTE
    FWlib\src\stm32f4xx_i2c.c                0x00000000   Number         0  stm32f4xx_i2c.o ABSOLUTE
    FWlib\src\stm32f4xx_iwdg.c               0x00000000   Number         0  stm32f4xx_iwdg.o ABSOLUTE
    FWlib\src\stm32f4xx_ltdc.c               0x00000000   Number         0  stm32f4xx_ltdc.o ABSOLUTE
    FWlib\src\stm32f4xx_pwr.c                0x00000000   Number         0  stm32f4xx_pwr.o ABSOLUTE
    FWlib\src\stm32f4xx_rcc.c                0x00000000   Number         0  stm32f4xx_rcc.o ABSOLUTE
    FWlib\src\stm32f4xx_rng.c                0x00000000   Number         0  stm32f4xx_rng.o ABSOLUTE
    FWlib\src\stm32f4xx_rtc.c                0x00000000   Number         0  stm32f4xx_rtc.o ABSOLUTE
    FWlib\src\stm32f4xx_sai.c                0x00000000   Number         0  stm32f4xx_sai.o ABSOLUTE
    FWlib\src\stm32f4xx_sdio.c               0x00000000   Number         0  stm32f4xx_sdio.o ABSOLUTE
    FWlib\src\stm32f4xx_spi.c                0x00000000   Number         0  stm32f4xx_spi.o ABSOLUTE
    FWlib\src\stm32f4xx_syscfg.c             0x00000000   Number         0  stm32f4xx_syscfg.o ABSOLUTE
    FWlib\src\stm32f4xx_tim.c                0x00000000   Number         0  stm32f4xx_tim.o ABSOLUTE
    FWlib\src\stm32f4xx_usart.c              0x00000000   Number         0  stm32f4xx_usart.o ABSOLUTE
    FWlib\src\stm32f4xx_wwdg.c               0x00000000   Number         0  stm32f4xx_wwdg.o ABSOLUTE
    Flight\\src\\attitude_pid.c              0x00000000   Number         0  attitude_pid.o ABSOLUTE
    Flight\\src\\config.c                    0x00000000   Number         0  config.o ABSOLUTE
    Flight\\src\\pid.c                       0x00000000   Number         0  pid.o ABSOLUTE
    Flight\src\attitude_pid.c                0x00000000   Number         0  attitude_pid.o ABSOLUTE
    Flight\src\config.c                      0x00000000   Number         0  config.o ABSOLUTE
    Flight\src\pid.c                         0x00000000   Number         0  pid.o ABSOLUTE
    Hardware\\src\\bsp_24l01.c               0x00000000   Number         0  bsp_24l01.o ABSOLUTE
    Hardware\\src\\bsp_ak8963.c              0x00000000   Number         0  bsp_ak8963.o ABSOLUTE
    Hardware\\src\\bsp_bmp180.c              0x00000000   Number         0  bsp_bmp180.o ABSOLUTE
    Hardware\\src\\bsp_led.c                 0x00000000   Number         0  bsp_led.o ABSOLUTE
    Hardware\\src\\bsp_motor.c               0x00000000   Number         0  bsp_motor.o ABSOLUTE
    Hardware\\src\\bsp_mpu9250.c             0x00000000   Number         0  bsp_mpu9250.o ABSOLUTE
    Hardware\\src\\bsp_myiic.c               0x00000000   Number         0  bsp_myiic.o ABSOLUTE
    Hardware\\src\\bsp_spi.c                 0x00000000   Number         0  bsp_spi.o ABSOLUTE
    Hardware\\src\\stmflash.c                0x00000000   Number         0  stmflash.o ABSOLUTE
    Hardware\\src\\watchdog.c                0x00000000   Number         0  watchdog.o ABSOLUTE
    Hardware\src\bsp_24l01.c                 0x00000000   Number         0  bsp_24l01.o ABSOLUTE
    Hardware\src\bsp_ak8963.c                0x00000000   Number         0  bsp_ak8963.o ABSOLUTE
    Hardware\src\bsp_bmp180.c                0x00000000   Number         0  bsp_bmp180.o ABSOLUTE
    Hardware\src\bsp_led.c                   0x00000000   Number         0  bsp_led.o ABSOLUTE
    Hardware\src\bsp_motor.c                 0x00000000   Number         0  bsp_motor.o ABSOLUTE
    Hardware\src\bsp_mpu9250.c               0x00000000   Number         0  bsp_mpu9250.o ABSOLUTE
    Hardware\src\bsp_myiic.c                 0x00000000   Number         0  bsp_myiic.o ABSOLUTE
    Hardware\src\bsp_spi.c                   0x00000000   Number         0  bsp_spi.o ABSOLUTE
    Hardware\src\stmflash.c                  0x00000000   Number         0  stmflash.o ABSOLUTE
    Hardware\src\watchdog.c                  0x00000000   Number         0  watchdog.o ABSOLUTE
    System\\src\\bsp.c                       0x00000000   Number         0  bsp.o ABSOLUTE
    System\\src\\bsp_sys.c                   0x00000000   Number         0  bsp_sys.o ABSOLUTE
    System\\src\\bsp_usart.c                 0x00000000   Number         0  bsp_usart.o ABSOLUTE
    System\src\bsp.c                         0x00000000   Number         0  bsp.o ABSOLUTE
    System\src\bsp_sys.c                     0x00000000   Number         0  bsp_sys.o ABSOLUTE
    System\src\bsp_usart.c                   0x00000000   Number         0  bsp_usart.o ABSOLUTE
    ThirdParty\FreeRTOSV10.2.1\croutine.c    0x00000000   Number         0  croutine.o ABSOLUTE
    ThirdParty\FreeRTOSV10.2.1\event_groups.c 0x00000000   Number         0  event_groups.o ABSOLUTE
    ThirdParty\FreeRTOSV10.2.1\list.c        0x00000000   Number         0  list.o ABSOLUTE
    ThirdParty\FreeRTOSV10.2.1\portable\MemMang\heap_4.c 0x00000000   Number         0  heap_4.o ABSOLUTE
    ThirdParty\FreeRTOSV10.2.1\portable\RVDS\ARM_CM4F\port.c 0x00000000   Number         0  port.o ABSOLUTE
    ThirdParty\FreeRTOSV10.2.1\queue.c       0x00000000   Number         0  queue.o ABSOLUTE
    ThirdParty\FreeRTOSV10.2.1\stream_buffer.c 0x00000000   Number         0  stream_buffer.o ABSOLUTE
    ThirdParty\FreeRTOSV10.2.1\tasks.c       0x00000000   Number         0  tasks.o ABSOLUTE
    ThirdParty\FreeRTOSV10.2.1\timers.c      0x00000000   Number         0  timers.o ABSOLUTE
    ThirdParty\\FreeRTOSV10.2.1\\portable\\RVDS\\ARM_CM4F\\port.c 0x00000000   Number         0  port.o ABSOLUTE
    USER\\main.c                             0x00000000   Number         0  main.o ABSOLUTE
    USER\\stm32f4xx_it.c                     0x00000000   Number         0  stm32f4xx_it.o ABSOLUTE
    USER\main.c                              0x00000000   Number         0  main.o ABSOLUTE
    USER\stm32f4xx_it.c                      0x00000000   Number         0  stm32f4xx_it.o ABSOLUTE
    cdcmple.s                                0x00000000   Number         0  cdcmple.o ABSOLUTE
    cdrcmple.s                               0x00000000   Number         0  cdrcmple.o ABSOLUTE
    dc.s                                     0x00000000   Number         0  dc.o ABSOLUTE
    handlers.s                               0x00000000   Number         0  handlers.o ABSOLUTE
    init.s                                   0x00000000   Number         0  init.o ABSOLUTE
    startup\startup_stm32f407xx.s            0x00000000   Number         0  startup_stm32f407xx.o ABSOLUTE
    RESET                                    0x08000000   Section      392  startup_stm32f407xx.o(RESET)
    .ARM.Collect$$$$00000000                 0x08000188   Section        0  entry.o(.ARM.Collect$$$$00000000)
    .ARM.Collect$$$$00000001                 0x08000188   Section        4  entry2.o(.ARM.Collect$$$$00000001)
    .ARM.Collect$$$$00000004                 0x0800018c   Section        4  entry5.o(.ARM.Collect$$$$00000004)
    .ARM.Collect$$$$00000008                 0x08000190   Section        0  entry7b.o(.ARM.Collect$$$$00000008)
    .ARM.Collect$$$$0000000A                 0x08000190   Section        0  entry8b.o(.ARM.Collect$$$$0000000A)
    .ARM.Collect$$$$0000000B                 0x08000190   Section        8  entry9a.o(.ARM.Collect$$$$0000000B)
    .ARM.Collect$$$$0000000D                 0x08000198   Section        0  entry10a.o(.ARM.Collect$$$$0000000D)
    .ARM.Collect$$$$0000000F                 0x08000198   Section        0  entry11a.o(.ARM.Collect$$$$0000000F)
    .ARM.Collect$$$$00002712                 0x08000198   Section        4  entry2.o(.ARM.Collect$$$$00002712)
    __lit__00000000                          0x08000198   Data           4  entry2.o(.ARM.Collect$$$$00002712)
    .emb_text                                0x0800019c   Section      190  port.o(.emb_text)
    $v0                                      0x0800019c   Number         0  port.o(.emb_text)
    .text                                    0x0800025c   Section       36  startup_stm32f407xx.o(.text)
    $v0                                      0x0800025c   Number         0  startup_stm32f407xx.o(.text)
    .text                                    0x08000280   Section        0  memcpya.o(.text)
    .text                                    0x080002a4   Section        0  memseta.o(.text)
    .text                                    0x080002c8   Section        0  dadd.o(.text)
    .text                                    0x08000416   Section        0  dmul.o(.text)
    .text                                    0x080004fa   Section        0  ddiv.o(.text)
    .text                                    0x080005d8   Section        0  uidiv.o(.text)
    .text                                    0x08000604   Section        0  uldiv.o(.text)
    .text                                    0x08000666   Section        0  llshl.o(.text)
    .text                                    0x08000684   Section        0  llushr.o(.text)
    .text                                    0x080006a4   Section        0  llsshr.o(.text)
    .text                                    0x080006c8   Section        0  iusefp.o(.text)
    .text                                    0x080006c8   Section        0  depilogue.o(.text)
    .text                                    0x08000782   Section        0  dfixul.o(.text)
    .text                                    0x080007b4   Section       48  cdrcmple.o(.text)
    .text                                    0x080007e4   Section       36  init.o(.text)
    i.BSP_Init                               0x08000808   Section        0  bsp.o(i.BSP_Init)
    i.BusFault_Handler                       0x08000834   Section        0  stm32f4xx_it.o(i.BusFault_Handler)
    i.DebugMon_Handler                       0x08000838   Section        0  stm32f4xx_it.o(i.DebugMon_Handler)
    i.GPIO_AF_Set                            0x0800083a   Section        0  bsp_sys.o(i.GPIO_AF_Set)
    i.GPIO_Init                              0x0800087a   Section        0  stm32f4xx_gpio.o(i.GPIO_Init)
    i.GPIO_PinAFConfig                       0x0800090a   Section        0  stm32f4xx_gpio.o(i.GPIO_PinAFConfig)
    i.GPIO_Set                               0x08000950   Section        0  bsp_sys.o(i.GPIO_Set)
    i.HardFault_Handler                      0x08000a2e   Section        0  stm32f4xx_it.o(i.HardFault_Handler)
    i.IIC_Ack                                0x08000a34   Section        0  bsp_myiic.o(i.IIC_Ack)
    i.IIC_Init                               0x08000a84   Section        0  bsp_myiic.o(i.IIC_Init)
    i.IIC_NAck                               0x08000acc   Section        0  bsp_myiic.o(i.IIC_NAck)
    i.IIC_Read_Byte                          0x08000b1c   Section        0  bsp_myiic.o(i.IIC_Read_Byte)
    i.IIC_Read_One_Byte                      0x08000b88   Section        0  bsp_myiic.o(i.IIC_Read_One_Byte)
    i.IIC_Send_Byte                          0x08000bd0   Section        0  bsp_myiic.o(i.IIC_Send_Byte)
    i.IIC_Slave_List                         0x08000c38   Section        0  bsp_myiic.o(i.IIC_Slave_List)
    i.IIC_Start                              0x08000c90   Section        0  bsp_myiic.o(i.IIC_Start)
    i.IIC_Stop                               0x08000cdc   Section        0  bsp_myiic.o(i.IIC_Stop)
    i.IIC_Wait_Ack                           0x08000d28   Section        0  bsp_myiic.o(i.IIC_Wait_Ack)
    i.IIC_Write_One_Byte                     0x08000d88   Section        0  bsp_myiic.o(i.IIC_Write_One_Byte)
    i.LED_Init                               0x08000dd4   Section        0  bsp_led.o(i.LED_Init)
    i.MOTOR_TIM_Init                         0x08000e18   Section        0  bsp_motor.o(i.MOTOR_TIM_Init)
    i.MPU9250_Init                           0x08000fc8   Section        0  bsp_mpu9250.o(i.MPU9250_Init)
    i.MPU_Set_Accel_Fsr                      0x08001052   Section        0  bsp_mpu9250.o(i.MPU_Set_Accel_Fsr)
    i.MPU_Set_Gyro_Fsr                       0x08001064   Section        0  bsp_mpu9250.o(i.MPU_Set_Gyro_Fsr)
    i.MPU_Set_LPF                            0x08001076   Section        0  bsp_mpu9250.o(i.MPU_Set_LPF)
    i.MPU_Set_Rate                           0x080010b2   Section        0  bsp_mpu9250.o(i.MPU_Set_Rate)
    i.MY_NVIC_Init                           0x080010f0   Section        0  bsp_sys.o(i.MY_NVIC_Init)
    i.MY_NVIC_PriorityGroupConfig            0x08001168   Section        0  bsp_sys.o(i.MY_NVIC_PriorityGroupConfig)
    i.MY_NVIC_SetVectorTable                 0x08001190   Section        0  bsp_sys.o(i.MY_NVIC_SetVectorTable)
    i.MemManage_Handler                      0x080011a0   Section        0  stm32f4xx_it.o(i.MemManage_Handler)
    i.NMI_Handler                            0x080011a4   Section        0  stm32f4xx_it.o(i.NMI_Handler)
    i.RCC_AHB1PeriphClockCmd                 0x080011a8   Section        0  stm32f4xx_rcc.o(i.RCC_AHB1PeriphClockCmd)
    i.RCC_APB1PeriphClockCmd                 0x080011c8   Section        0  stm32f4xx_rcc.o(i.RCC_APB1PeriphClockCmd)
    i.RCC_APB1PeriphResetCmd                 0x080011e8   Section        0  stm32f4xx_rcc.o(i.RCC_APB1PeriphResetCmd)
    i.RCC_APB2PeriphClockCmd                 0x08001208   Section        0  stm32f4xx_rcc.o(i.RCC_APB2PeriphClockCmd)
    i.RCC_APB2PeriphResetCmd                 0x08001228   Section        0  stm32f4xx_rcc.o(i.RCC_APB2PeriphResetCmd)
    i.SetSysClock                            0x08001248   Section        0  system_stm32f4xx.o(i.SetSysClock)
    SetSysClock                              0x08001249   Thumb Code   220  system_stm32f4xx.o(i.SetSysClock)
    i.Stm32_Clock_Init                       0x08001334   Section        0  bsp_sys.o(i.Stm32_Clock_Init)
    i.SysTick_Handler                        0x0800139c   Section        0  port.o(i.SysTick_Handler)
    i.Sys_Clock_Set                          0x080013d0   Section        0  bsp_sys.o(i.Sys_Clock_Set)
    i.SystemInit                             0x080014dc   Section        0  system_stm32f4xx.o(i.SystemInit)
    i.TIM_ARRPreloadConfig                   0x08001544   Section        0  stm32f4xx_tim.o(i.TIM_ARRPreloadConfig)
    i.TIM_Cmd                                0x0800155c   Section        0  stm32f4xx_tim.o(i.TIM_Cmd)
    i.TIM_CtrlPWMOutputs                     0x08001574   Section        0  stm32f4xx_tim.o(i.TIM_CtrlPWMOutputs)
    i.TIM_DeInit                             0x08001594   Section        0  stm32f4xx_tim.o(i.TIM_DeInit)
    i.TIM_OC1Init                            0x08001724   Section        0  stm32f4xx_tim.o(i.TIM_OC1Init)
    i.TIM_OC1PreloadConfig                   0x080017a0   Section        0  stm32f4xx_tim.o(i.TIM_OC1PreloadConfig)
    i.TIM_OC2Init                            0x080017b4   Section        0  stm32f4xx_tim.o(i.TIM_OC2Init)
    i.TIM_OC2PreloadConfig                   0x08001858   Section        0  stm32f4xx_tim.o(i.TIM_OC2PreloadConfig)
    i.TIM_TimeBaseInit                       0x08001874   Section        0  stm32f4xx_tim.o(i.TIM_TimeBaseInit)
    i.UsageFault_Handler                     0x080018f8   Section        0  stm32f4xx_it.o(i.UsageFault_Handler)
    i.__0printf                              0x080018fc   Section        0  printfa.o(i.__0printf)
    i.__scatterload_copy                     0x0800191c   Section       14  handlers.o(i.__scatterload_copy)
    i.__scatterload_null                     0x0800192a   Section        2  handlers.o(i.__scatterload_null)
    i.__scatterload_zeroinit                 0x0800192c   Section       14  handlers.o(i.__scatterload_zeroinit)
    i._fp_digits                             0x0800193c   Section        0  printfa.o(i._fp_digits)
    _fp_digits                               0x0800193d   Thumb Code   366  printfa.o(i._fp_digits)
    i._printf_core                           0x08001ac0   Section        0  printfa.o(i._printf_core)
    _printf_core                             0x08001ac1   Thumb Code  1744  printfa.o(i._printf_core)
    i._printf_post_padding                   0x0800219c   Section        0  printfa.o(i._printf_post_padding)
    _printf_post_padding                     0x0800219d   Thumb Code    36  printfa.o(i._printf_post_padding)
    i._printf_pre_padding                    0x080021c0   Section        0  printfa.o(i._printf_pre_padding)
    _printf_pre_padding                      0x080021c1   Thumb Code    46  printfa.o(i._printf_pre_padding)
    i.delay_us                               0x080021ee   Section        0  bsp_myiic.o(i.delay_us)
    i.fputc                                  0x08002208   Section        0  bsp_usart.o(i.fputc)
    i.main                                   0x08002224   Section        0  queue_rxdatafrommultiqueuerealistic.o(i.main)
    i.prvAddCurrentTaskToDelayedList         0x0800233c   Section        0  tasks.o(i.prvAddCurrentTaskToDelayedList)
    prvAddCurrentTaskToDelayedList           0x0800233d   Thumb Code   124  tasks.o(i.prvAddCurrentTaskToDelayedList)
    i.prvAddNewTaskToReadyList               0x080023d4   Section        0  tasks.o(i.prvAddNewTaskToReadyList)
    prvAddNewTaskToReadyList                 0x080023d5   Thumb Code   156  tasks.o(i.prvAddNewTaskToReadyList)
    i.prvCheckForValidListAndQueue           0x0800248c   Section        0  timers.o(i.prvCheckForValidListAndQueue)
    prvCheckForValidListAndQueue             0x0800248d   Thumb Code    72  timers.o(i.prvCheckForValidListAndQueue)
    i.prvCheckTasksWaitingTermination        0x080024f0   Section        0  tasks.o(i.prvCheckTasksWaitingTermination)
    prvCheckTasksWaitingTermination          0x080024f1   Thumb Code    60  tasks.o(i.prvCheckTasksWaitingTermination)
    i.prvCopyDataFromQueue                   0x08002538   Section        0  queue.o(i.prvCopyDataFromQueue)
    prvCopyDataFromQueue                     0x08002539   Thumb Code    42  queue.o(i.prvCopyDataFromQueue)
    i.prvCopyDataToQueue                     0x08002562   Section        0  queue.o(i.prvCopyDataToQueue)
    prvCopyDataToQueue                       0x08002563   Thumb Code   126  queue.o(i.prvCopyDataToQueue)
    i.prvDeleteTCB                           0x080025e0   Section        0  tasks.o(i.prvDeleteTCB)
    prvDeleteTCB                             0x080025e1   Thumb Code    18  tasks.o(i.prvDeleteTCB)
    i.prvGetNextExpireTime                   0x080025f4   Section        0  timers.o(i.prvGetNextExpireTime)
    prvGetNextExpireTime                     0x080025f5   Thumb Code    36  timers.o(i.prvGetNextExpireTime)
    i.prvHeapInit                            0x0800261c   Section        0  heap_4.o(i.prvHeapInit)
    prvHeapInit                              0x0800261d   Thumb Code    98  heap_4.o(i.prvHeapInit)
    i.prvIdleTask                            0x08002698   Section        0  tasks.o(i.prvIdleTask)
    prvIdleTask                              0x08002699   Thumb Code    32  tasks.o(i.prvIdleTask)
    i.prvInitialiseNewQueue                  0x080026c0   Section        0  queue.o(i.prvInitialiseNewQueue)
    prvInitialiseNewQueue                    0x080026c1   Thumb Code    46  queue.o(i.prvInitialiseNewQueue)
    i.prvInitialiseNewTask                   0x080026ee   Section        0  tasks.o(i.prvInitialiseNewTask)
    prvInitialiseNewTask                     0x080026ef   Thumb Code   190  tasks.o(i.prvInitialiseNewTask)
    i.prvInitialiseTaskLists                 0x080027ac   Section        0  tasks.o(i.prvInitialiseTaskLists)
    prvInitialiseTaskLists                   0x080027ad   Thumb Code    70  tasks.o(i.prvInitialiseTaskLists)
    i.prvInsertBlockIntoFreeList             0x08002814   Section        0  heap_4.o(i.prvInsertBlockIntoFreeList)
    prvInsertBlockIntoFreeList               0x08002815   Thumb Code    96  heap_4.o(i.prvInsertBlockIntoFreeList)
    i.prvInsertTimerInActiveList             0x0800287c   Section        0  timers.o(i.prvInsertTimerInActiveList)
    prvInsertTimerInActiveList               0x0800287d   Thumb Code    80  timers.o(i.prvInsertTimerInActiveList)
    i.prvIsQueueEmpty                        0x080028d4   Section        0  queue.o(i.prvIsQueueEmpty)
    prvIsQueueEmpty                          0x080028d5   Thumb Code    26  queue.o(i.prvIsQueueEmpty)
    i.prvIsQueueFull                         0x080028ee   Section        0  queue.o(i.prvIsQueueFull)
    prvIsQueueFull                           0x080028ef   Thumb Code    30  queue.o(i.prvIsQueueFull)
    i.prvNotifyQueueSetContainer             0x0800290c   Section        0  queue.o(i.prvNotifyQueueSetContainer)
    prvNotifyQueueSetContainer               0x0800290d   Thumb Code   144  queue.o(i.prvNotifyQueueSetContainer)
    i.prvProcessExpiredTimer                 0x0800299c   Section        0  timers.o(i.prvProcessExpiredTimer)
    prvProcessExpiredTimer                   0x0800299d   Thumb Code   110  timers.o(i.prvProcessExpiredTimer)
    i.prvProcessReceivedCommands             0x08002a10   Section        0  timers.o(i.prvProcessReceivedCommands)
    prvProcessReceivedCommands               0x08002a11   Thumb Code   308  timers.o(i.prvProcessReceivedCommands)
    i.prvProcessTimerOrBlockTask             0x08002b48   Section        0  timers.o(i.prvProcessTimerOrBlockTask)
    prvProcessTimerOrBlockTask               0x08002b49   Thumb Code   102  timers.o(i.prvProcessTimerOrBlockTask)
    i.prvResetNextTaskUnblockTime            0x08002bbc   Section        0  tasks.o(i.prvResetNextTaskUnblockTime)
    prvResetNextTaskUnblockTime              0x08002bbd   Thumb Code    42  tasks.o(i.prvResetNextTaskUnblockTime)
    i.prvSampleTimeNow                       0x08002bf0   Section        0  timers.o(i.prvSampleTimeNow)
    prvSampleTimeNow                         0x08002bf1   Thumb Code    40  timers.o(i.prvSampleTimeNow)
    i.prvSwitchTimerLists                    0x08002c1c   Section        0  timers.o(i.prvSwitchTimerLists)
    prvSwitchTimerLists                      0x08002c1d   Thumb Code   154  timers.o(i.prvSwitchTimerLists)
    i.prvTaskExitError                       0x08002cc0   Section        0  port.o(i.prvTaskExitError)
    prvTaskExitError                         0x08002cc1   Thumb Code    60  port.o(i.prvTaskExitError)
    i.prvTimerTask                           0x08002d00   Section        0  timers.o(i.prvTimerTask)
    prvTimerTask                             0x08002d01   Thumb Code    26  timers.o(i.prvTimerTask)
    i.prvUnlockQueue                         0x08002d1a   Section        0  queue.o(i.prvUnlockQueue)
    prvUnlockQueue                           0x08002d1b   Thumb Code   146  queue.o(i.prvUnlockQueue)
    i.pvPortMalloc                           0x08002dac   Section        0  heap_4.o(i.pvPortMalloc)
    i.pxPortInitialiseStack                  0x08002ee8   Section        0  port.o(i.pxPortInitialiseStack)
    i.uart_init                              0x08002f14   Section        0  bsp_usart.o(i.uart_init)
    i.uxListRemove                           0x08003014   Section        0  list.o(i.uxListRemove)
    i.vListInitialise                        0x0800303c   Section        0  list.o(i.vListInitialise)
    i.vListInitialiseItem                    0x08003056   Section        0  list.o(i.vListInitialiseItem)
    i.vListInsert                            0x0800305c   Section        0  list.o(i.vListInsert)
    i.vListInsertEnd                         0x08003090   Section        0  list.o(i.vListInsertEnd)
    i.vPortEnterCritical                     0x080030a8   Section        0  port.o(i.vPortEnterCritical)
    i.vPortExitCritical                      0x080030fc   Section        0  port.o(i.vPortExitCritical)
    i.vPortFree                              0x08003138   Section        0  heap_4.o(i.vPortFree)
    i.vPortSetupTimerInterrupt               0x080031cc   Section        0  port.o(i.vPortSetupTimerInterrupt)
    i.vPortValidateInterruptPriority         0x080031e4   Section        0  port.o(i.vPortValidateInterruptPriority)
    i.vQueueAddToRegistry                    0x0800325c   Section        0  queue.o(i.vQueueAddToRegistry)
    i.vQueueWaitForMessageRestricted         0x08003288   Section        0  queue.o(i.vQueueWaitForMessageRestricted)
    i.vReceiverMultiTask                     0x080032d4   Section        0  queue_rxdatafrommultiqueuerealistic.o(i.vReceiverMultiTask)
    i.vSenderTaskBinary                      0x08003308   Section        0  queue_rxdatafrommultiqueuerealistic.o(i.vSenderTaskBinary)
    i.vSenderTaskChar                        0x08003350   Section        0  queue_rxdatafrommultiqueuerealistic.o(i.vSenderTaskChar)
    i.vSenderTaskUInt32                      0x08003394   Section        0  queue_rxdatafrommultiqueuerealistic.o(i.vSenderTaskUInt32)
    i.vTaskDelay                             0x080033dc   Section        0  tasks.o(i.vTaskDelay)
    i.vTaskInternalSetTimeOutState           0x08003438   Section        0  tasks.o(i.vTaskInternalSetTimeOutState)
    i.vTaskMissedYield                       0x08003450   Section        0  tasks.o(i.vTaskMissedYield)
    i.vTaskPlaceOnEventList                  0x0800345c   Section        0  tasks.o(i.vTaskPlaceOnEventList)
    i.vTaskPlaceOnEventListRestricted        0x08003494   Section        0  tasks.o(i.vTaskPlaceOnEventListRestricted)
    i.vTaskStartScheduler                    0x080034d4   Section        0  tasks.o(i.vTaskStartScheduler)
    i.vTaskSuspendAll                        0x08003568   Section        0  tasks.o(i.vTaskSuspendAll)
    i.vTaskSwitchContext                     0x08003578   Section        0  tasks.o(i.vTaskSwitchContext)
    i.xPortStartScheduler                    0x08003604   Section        0  port.o(i.xPortStartScheduler)
    i.xQueueAddToSet                         0x0800376c   Section        0  queue.o(i.xQueueAddToSet)
    i.xQueueCreateSet                        0x08003792   Section        0  queue.o(i.xQueueCreateSet)
    i.xQueueGenericCreate                    0x080037a6   Section        0  queue.o(i.xQueueGenericCreate)
    i.xQueueGenericReset                     0x08003800   Section        0  queue.o(i.xQueueGenericReset)
    i.xQueueGenericSend                      0x08003898   Section        0  queue.o(i.xQueueGenericSend)
    i.xQueueGenericSendFromISR               0x08003a70   Section        0  queue.o(i.xQueueGenericSendFromISR)
    i.xQueueReceive                          0x08003b78   Section        0  queue.o(i.xQueueReceive)
    i.xQueueSelectFromSet                    0x08003ce0   Section        0  queue.o(i.xQueueSelectFromSet)
    i.xTaskCheckForTimeOut                   0x08003cf8   Section        0  tasks.o(i.xTaskCheckForTimeOut)
    i.xTaskCreate                            0x08003d84   Section        0  tasks.o(i.xTaskCreate)
    i.xTaskGetSchedulerState                 0x08003de4   Section        0  tasks.o(i.xTaskGetSchedulerState)
    i.xTaskGetTickCount                      0x08003e04   Section        0  tasks.o(i.xTaskGetTickCount)
    i.xTaskIncrementTick                     0x08003e10   Section        0  tasks.o(i.xTaskIncrementTick)
    i.xTaskPriorityDisinherit                0x08003f58   Section        0  tasks.o(i.xTaskPriorityDisinherit)
    i.xTaskRemoveFromEventList               0x08004020   Section        0  tasks.o(i.xTaskRemoveFromEventList)
    i.xTaskResumeAll                         0x080040b8   Section        0  tasks.o(i.xTaskResumeAll)
    i.xTimerCreateTimerTask                  0x080041bc   Section        0  timers.o(i.xTimerCreateTimerTask)
    i.xTimerGenericCommand                   0x08004214   Section        0  timers.o(i.xTimerGenericCommand)
    .data                                    0x20000000   Section       16  queue_rxdatafrommultiqueuerealistic.o(.data)
    .data                                    0x20000010   Section        6  bsp_usart.o(.data)
    .data                                    0x20000018   Section       60  tasks.o(.data)
    pxDelayedTaskList                        0x2000001c   Data           4  tasks.o(.data)
    pxOverflowDelayedTaskList                0x20000020   Data           4  tasks.o(.data)
    uxDeletedTasksWaitingCleanUp             0x20000024   Data           4  tasks.o(.data)
    uxCurrentNumberOfTasks                   0x20000028   Data           4  tasks.o(.data)
    xTickCount                               0x2000002c   Data           4  tasks.o(.data)
    uxTopReadyPriority                       0x20000030   Data           4  tasks.o(.data)
    xSchedulerRunning                        0x20000034   Data           4  tasks.o(.data)
    uxPendedTicks                            0x20000038   Data           4  tasks.o(.data)
    xYieldPending                            0x2000003c   Data           4  tasks.o(.data)
    xNumOfOverflows                          0x20000040   Data           4  tasks.o(.data)
    uxTaskNumber                             0x20000044   Data           4  tasks.o(.data)
    xNextTaskUnblockTime                     0x20000048   Data           4  tasks.o(.data)
    xIdleTaskHandle                          0x2000004c   Data           4  tasks.o(.data)
    uxSchedulerSuspended                     0x20000050   Data           4  tasks.o(.data)
    .data                                    0x20000054   Section       20  timers.o(.data)
    pxCurrentTimerList                       0x20000054   Data           4  timers.o(.data)
    pxOverflowTimerList                      0x20000058   Data           4  timers.o(.data)
    xTimerQueue                              0x2000005c   Data           4  timers.o(.data)
    xTimerTaskHandle                         0x20000060   Data           4  timers.o(.data)
    xLastTime                                0x20000064   Data           4  timers.o(.data)
    .data                                    0x20000068   Section       24  heap_4.o(.data)
    xStart                                   0x20000068   Data           8  heap_4.o(.data)
    pxEnd                                    0x20000070   Data           4  heap_4.o(.data)
    xFreeBytesRemaining                      0x20000074   Data           4  heap_4.o(.data)
    xMinimumEverFreeBytesRemaining           0x20000078   Data           4  heap_4.o(.data)
    xBlockAllocatedBit                       0x2000007c   Data           4  heap_4.o(.data)
    .data                                    0x20000080   Section       12  port.o(.data)
    uxCriticalNesting                        0x20000080   Data           4  port.o(.data)
    ucMaxSysCallPriority                     0x20000084   Data           1  port.o(.data)
    ulMaxPRIGROUPValue                       0x20000088   Data           4  port.o(.data)
    .bss                                     0x2000008c   Section       64  queue.o(.bss)
    .bss                                     0x200000cc   Section      200  tasks.o(.bss)
    pxReadyTasksLists                        0x200000cc   Data         100  tasks.o(.bss)
    xDelayedTaskList1                        0x20000130   Data          20  tasks.o(.bss)
    xDelayedTaskList2                        0x20000144   Data          20  tasks.o(.bss)
    xPendingReadyList                        0x20000158   Data          20  tasks.o(.bss)
    xTasksWaitingTermination                 0x2000016c   Data          20  tasks.o(.bss)
    xSuspendedTaskList                       0x20000180   Data          20  tasks.o(.bss)
    .bss                                     0x20000194   Section       40  timers.o(.bss)
    xActiveTimerList1                        0x20000194   Data          20  timers.o(.bss)
    xActiveTimerList2                        0x200001a8   Data          20  timers.o(.bss)
    .bss                                     0x200001bc   Section    76800  heap_4.o(.bss)
    ucHeap                                   0x200001bc   Data       76800  heap_4.o(.bss)
    STACK                                    0x20012dc0   Section     1024  startup_stm32f407xx.o(STACK)

    Global Symbols

    Symbol Name                              Value     Ov Type        Size  Object(Section)

    BuildAttributes$$THM_ISAv4$E$P$D$K$B$S$7EM$VFPi3$EXTD16$VFPS$VFMA$PE$A:L22UL41UL21$X:L11$S22US41US21$IEEE1$IW$USESV6$~STKCKD$USESV7$~SHL$OTIME$ROPI$IEEEX$EBA8$MICROLIB$REQ8$PRES8$EABIv2 0x00000000   Number         0  anon$$obj.o ABSOLUTE
    __ARM_use_no_argv                        0x00000000   Number         0  queue_rxdatafrommultiqueuerealistic.o ABSOLUTE
    __use_no_errno                           0x00000000   Number         0  useno.o ABSOLUTE
    __use_no_exception_handling              0x00000000   Number         0  useno.o ABSOLUTE
    __use_no_fp                              0x00000000   Number         0  useno.o ABSOLUTE
    __use_no_heap                            0x00000000   Number         0  useno.o ABSOLUTE
    __use_no_heap_region                     0x00000000   Number         0  useno.o ABSOLUTE
    __use_no_semihosting                     0x00000000   Number         0  useno.o ABSOLUTE
    __use_no_semihosting_swi                 0x00000000   Number         0  useno.o ABSOLUTE
    __use_no_signal_handling                 0x00000000   Number         0  useno.o ABSOLUTE
    _printf_a                                0x00000000   Number         0  stubs.o ABSOLUTE
    _printf_c                                0x00000000   Number         0  stubs.o ABSOLUTE
    _printf_charcount                        0x00000000   Number         0  stubs.o ABSOLUTE
    _printf_d                                0x00000000   Number         0  stubs.o ABSOLUTE
    _printf_e                                0x00000000   Number         0  stubs.o ABSOLUTE
    _printf_f                                0x00000000   Number         0  stubs.o ABSOLUTE
    _printf_flags                            0x00000000   Number         0  stubs.o ABSOLUTE
    _printf_fp_dec                           0x00000000   Number         0  stubs.o ABSOLUTE
    _printf_fp_hex                           0x00000000   Number         0  stubs.o ABSOLUTE
    _printf_g                                0x00000000   Number         0  stubs.o ABSOLUTE
    _printf_i                                0x00000000   Number         0  stubs.o ABSOLUTE
    _printf_int_dec                          0x00000000   Number         0  stubs.o ABSOLUTE
    _printf_l                                0x00000000   Number         0  stubs.o ABSOLUTE
    _printf_lc                               0x00000000   Number         0  stubs.o ABSOLUTE
    _printf_ll                               0x00000000   Number         0  stubs.o ABSOLUTE
    _printf_lld                              0x00000000   Number         0  stubs.o ABSOLUTE
    _printf_lli                              0x00000000   Number         0  stubs.o ABSOLUTE
    _printf_llo                              0x00000000   Number         0  stubs.o ABSOLUTE
    _printf_llu                              0x00000000   Number         0  stubs.o ABSOLUTE
    _printf_llx                              0x00000000   Number         0  stubs.o ABSOLUTE
    _printf_longlong_dec                     0x00000000   Number         0  stubs.o ABSOLUTE
    _printf_longlong_hex                     0x00000000   Number         0  stubs.o ABSOLUTE
    _printf_longlong_oct                     0x00000000   Number         0  stubs.o ABSOLUTE
    _printf_ls                               0x00000000   Number         0  stubs.o ABSOLUTE
    _printf_mbtowc                           0x00000000   Number         0  stubs.o ABSOLUTE
    _printf_n                                0x00000000   Number         0  stubs.o ABSOLUTE
    _printf_o                                0x00000000   Number         0  stubs.o ABSOLUTE
    _printf_p                                0x00000000   Number         0  stubs.o ABSOLUTE
    _printf_percent                          0x00000000   Number         0  stubs.o ABSOLUTE
    _printf_pre_padding                      0x00000000   Number         0  stubs.o ABSOLUTE
    _printf_return_value                     0x00000000   Number         0  stubs.o ABSOLUTE
    _printf_s                                0x00000000   Number         0  stubs.o ABSOLUTE
    _printf_sizespec                         0x00000000   Number         0  stubs.o ABSOLUTE
    _printf_str                              0x00000000   Number         0  stubs.o ABSOLUTE
    _printf_truncate_signed                  0x00000000   Number         0  stubs.o ABSOLUTE
    _printf_truncate_unsigned                0x00000000   Number         0  stubs.o ABSOLUTE
    _printf_u                                0x00000000   Number         0  stubs.o ABSOLUTE
    _printf_wc                               0x00000000   Number         0  stubs.o ABSOLUTE
    _printf_wctomb                           0x00000000   Number         0  stubs.o ABSOLUTE
    _printf_widthprec                        0x00000000   Number         0  stubs.o ABSOLUTE
    _printf_x                                0x00000000   Number         0  stubs.o ABSOLUTE
    __cpp_initialize__aeabi_                  - Undefined Weak Reference
    __cxa_finalize                            - Undefined Weak Reference
    __decompress                              - Undefined Weak Reference
    _clock_init                               - Undefined Weak Reference
    _microlib_exit                            - Undefined Weak Reference
    __Vectors_Size                           0x00000188   Number         0  startup_stm32f407xx.o ABSOLUTE
    __Vectors                                0x08000000   Data           4  startup_stm32f407xx.o(RESET)
    __Vectors_End                            0x08000188   Data           0  startup_stm32f407xx.o(RESET)
    __main                                   0x08000189   Thumb Code     0  entry.o(.ARM.Collect$$$$00000000)
    _main_stk                                0x08000189   Thumb Code     0  entry2.o(.ARM.Collect$$$$00000001)
    _main_scatterload                        0x0800018d   Thumb Code     0  entry5.o(.ARM.Collect$$$$00000004)
    __main_after_scatterload                 0x08000191   Thumb Code     0  entry5.o(.ARM.Collect$$$$00000004)
    _main_clock                              0x08000191   Thumb Code     0  entry7b.o(.ARM.Collect$$$$00000008)
    _main_cpp_init                           0x08000191   Thumb Code     0  entry8b.o(.ARM.Collect$$$$0000000A)
    _main_init                               0x08000191   Thumb Code     0  entry9a.o(.ARM.Collect$$$$0000000B)
    __rt_final_cpp                           0x08000199   Thumb Code     0  entry10a.o(.ARM.Collect$$$$0000000D)
    __rt_final_exit                          0x08000199   Thumb Code     0  entry11a.o(.ARM.Collect$$$$0000000F)
    SVC_Handler                              0x0800019d   Thumb Code    28  port.o(.emb_text)
    __asm___6_port_c_39a90d8d__prvStartFirstTask 0x080001bd   Thumb Code    36  port.o(.emb_text)
    __asm___6_port_c_39a90d8d__prvEnableVFP  0x080001e5   Thumb Code    16  port.o(.emb_text)
    PendSV_Handler                           0x080001f9   Thumb Code    88  port.o(.emb_text)
    vPortGetIPSR                             0x08000255   Thumb Code     6  port.o(.emb_text)
    Reset_Handler                            0x0800025d   Thumb Code     8  startup_stm32f407xx.o(.text)
    ADC_IRQHandler                           0x08000277   Thumb Code     0  startup_stm32f407xx.o(.text)
    CAN1_RX0_IRQHandler                      0x08000277   Thumb Code     0  startup_stm32f407xx.o(.text)
    CAN1_RX1_IRQHandler                      0x08000277   Thumb Code     0  startup_stm32f407xx.o(.text)
    CAN1_SCE_IRQHandler                      0x08000277   Thumb Code     0  startup_stm32f407xx.o(.text)
    CAN1_TX_IRQHandler                       0x08000277   Thumb Code     0  startup_stm32f407xx.o(.text)
    CAN2_RX0_IRQHandler                      0x08000277   Thumb Code     0  startup_stm32f407xx.o(.text)
    CAN2_RX1_IRQHandler                      0x08000277   Thumb Code     0  startup_stm32f407xx.o(.text)
    CAN2_SCE_IRQHandler                      0x08000277   Thumb Code     0  startup_stm32f407xx.o(.text)
    CAN2_TX_IRQHandler                       0x08000277   Thumb Code     0  startup_stm32f407xx.o(.text)
    DCMI_IRQHandler                          0x08000277   Thumb Code     0  startup_stm32f407xx.o(.text)
    DMA1_Stream0_IRQHandler                  0x08000277   Thumb Code     0  startup_stm32f407xx.o(.text)
    DMA1_Stream1_IRQHandler                  0x08000277   Thumb Code     0  startup_stm32f407xx.o(.text)
    DMA1_Stream2_IRQHandler                  0x08000277   Thumb Code     0  startup_stm32f407xx.o(.text)
    DMA1_Stream3_IRQHandler                  0x08000277   Thumb Code     0  startup_stm32f407xx.o(.text)
    DMA1_Stream4_IRQHandler                  0x08000277   Thumb Code     0  startup_stm32f407xx.o(.text)
    DMA1_Stream5_IRQHandler                  0x08000277   Thumb Code     0  startup_stm32f407xx.o(.text)
    DMA1_Stream6_IRQHandler                  0x08000277   Thumb Code     0  startup_stm32f407xx.o(.text)
    DMA1_Stream7_IRQHandler                  0x08000277   Thumb Code     0  startup_stm32f407xx.o(.text)
    DMA2_Stream0_IRQHandler                  0x08000277   Thumb Code     0  startup_stm32f407xx.o(.text)
    DMA2_Stream1_IRQHandler                  0x08000277   Thumb Code     0  startup_stm32f407xx.o(.text)
    DMA2_Stream2_IRQHandler                  0x08000277   Thumb Code     0  startup_stm32f407xx.o(.text)
    DMA2_Stream3_IRQHandler                  0x08000277   Thumb Code     0  startup_stm32f407xx.o(.text)
    DMA2_Stream4_IRQHandler                  0x08000277   Thumb Code     0  startup_stm32f407xx.o(.text)
    DMA2_Stream5_IRQHandler                  0x08000277   Thumb Code     0  startup_stm32f407xx.o(.text)
    DMA2_Stream6_IRQHandler                  0x08000277   Thumb Code     0  startup_stm32f407xx.o(.text)
    DMA2_Stream7_IRQHandler                  0x08000277   Thumb Code     0  startup_stm32f407xx.o(.text)
    ETH_IRQHandler                           0x08000277   Thumb Code     0  startup_stm32f407xx.o(.text)
    ETH_WKUP_IRQHandler                      0x08000277   Thumb Code     0  startup_stm32f407xx.o(.text)
    EXTI0_IRQHandler                         0x08000277   Thumb Code     0  startup_stm32f407xx.o(.text)
    EXTI15_10_IRQHandler                     0x08000277   Thumb Code     0  startup_stm32f407xx.o(.text)
    EXTI1_IRQHandler                         0x08000277   Thumb Code     0  startup_stm32f407xx.o(.text)
    EXTI2_IRQHandler                         0x08000277   Thumb Code     0  startup_stm32f407xx.o(.text)
    EXTI3_IRQHandler                         0x08000277   Thumb Code     0  startup_stm32f407xx.o(.text)
    EXTI4_IRQHandler                         0x08000277   Thumb Code     0  startup_stm32f407xx.o(.text)
    EXTI9_5_IRQHandler                       0x08000277   Thumb Code     0  startup_stm32f407xx.o(.text)
    FLASH_IRQHandler                         0x08000277   Thumb Code     0  startup_stm32f407xx.o(.text)
    FMC_IRQHandler                           0x08000277   Thumb Code     0  startup_stm32f407xx.o(.text)
    FPU_IRQHandler                           0x08000277   Thumb Code     0  startup_stm32f407xx.o(.text)
    HASH_RNG_IRQHandler                      0x08000277   Thumb Code     0  startup_stm32f407xx.o(.text)
    I2C1_ER_IRQHandler                       0x08000277   Thumb Code     0  startup_stm32f407xx.o(.text)
    I2C1_EV_IRQHandler                       0x08000277   Thumb Code     0  startup_stm32f407xx.o(.text)
    I2C2_ER_IRQHandler                       0x08000277   Thumb Code     0  startup_stm32f407xx.o(.text)
    I2C2_EV_IRQHandler                       0x08000277   Thumb Code     0  startup_stm32f407xx.o(.text)
    I2C3_ER_IRQHandler                       0x08000277   Thumb Code     0  startup_stm32f407xx.o(.text)
    I2C3_EV_IRQHandler                       0x08000277   Thumb Code     0  startup_stm32f407xx.o(.text)
    OTG_FS_IRQHandler                        0x08000277   Thumb Code     0  startup_stm32f407xx.o(.text)
    OTG_FS_WKUP_IRQHandler                   0x08000277   Thumb Code     0  startup_stm32f407xx.o(.text)
    OTG_HS_EP1_IN_IRQHandler                 0x08000277   Thumb Code     0  startup_stm32f407xx.o(.text)
    OTG_HS_EP1_OUT_IRQHandler                0x08000277   Thumb Code     0  startup_stm32f407xx.o(.text)
    OTG_HS_IRQHandler                        0x08000277   Thumb Code     0  startup_stm32f407xx.o(.text)
    OTG_HS_WKUP_IRQHandler                   0x08000277   Thumb Code     0  startup_stm32f407xx.o(.text)
    PVD_IRQHandler                           0x08000277   Thumb Code     0  startup_stm32f407xx.o(.text)
    RCC_IRQHandler                           0x08000277   Thumb Code     0  startup_stm32f407xx.o(.text)
    RTC_Alarm_IRQHandler                     0x08000277   Thumb Code     0  startup_stm32f407xx.o(.text)
    RTC_WKUP_IRQHandler                      0x08000277   Thumb Code     0  startup_stm32f407xx.o(.text)
    SDIO_IRQHandler                          0x08000277   Thumb Code     0  startup_stm32f407xx.o(.text)
    SPI1_IRQHandler                          0x08000277   Thumb Code     0  startup_stm32f407xx.o(.text)
    SPI2_IRQHandler                          0x08000277   Thumb Code     0  startup_stm32f407xx.o(.text)
    SPI3_IRQHandler                          0x08000277   Thumb Code     0  startup_stm32f407xx.o(.text)
    TAMP_STAMP_IRQHandler                    0x08000277   Thumb Code     0  startup_stm32f407xx.o(.text)
    TIM1_BRK_TIM9_IRQHandler                 0x08000277   Thumb Code     0  startup_stm32f407xx.o(.text)
    TIM1_CC_IRQHandler                       0x08000277   Thumb Code     0  startup_stm32f407xx.o(.text)
    TIM1_TRG_COM_TIM11_IRQHandler            0x08000277   Thumb Code     0  startup_stm32f407xx.o(.text)
    TIM1_UP_TIM10_IRQHandler                 0x08000277   Thumb Code     0  startup_stm32f407xx.o(.text)
    TIM2_IRQHandler                          0x08000277   Thumb Code     0  startup_stm32f407xx.o(.text)
    TIM3_IRQHandler                          0x08000277   Thumb Code     0  startup_stm32f407xx.o(.text)
    TIM4_IRQHandler                          0x08000277   Thumb Code     0  startup_stm32f407xx.o(.text)
    TIM5_IRQHandler                          0x08000277   Thumb Code     0  startup_stm32f407xx.o(.text)
    TIM6_DAC_IRQHandler                      0x08000277   Thumb Code     0  startup_stm32f407xx.o(.text)
    TIM7_IRQHandler                          0x08000277   Thumb Code     0  startup_stm32f407xx.o(.text)
    TIM8_BRK_TIM12_IRQHandler                0x08000277   Thumb Code     0  startup_stm32f407xx.o(.text)
    TIM8_CC_IRQHandler                       0x08000277   Thumb Code     0  startup_stm32f407xx.o(.text)
    TIM8_TRG_COM_TIM14_IRQHandler            0x08000277   Thumb Code     0  startup_stm32f407xx.o(.text)
    TIM8_UP_TIM13_IRQHandler                 0x08000277   Thumb Code     0  startup_stm32f407xx.o(.text)
    UART4_IRQHandler                         0x08000277   Thumb Code     0  startup_stm32f407xx.o(.text)
    UART5_IRQHandler                         0x08000277   Thumb Code     0  startup_stm32f407xx.o(.text)
    USART1_IRQHandler                        0x08000277   Thumb Code     0  startup_stm32f407xx.o(.text)
    USART2_IRQHandler                        0x08000277   Thumb Code     0  startup_stm32f407xx.o(.text)
    USART3_IRQHandler                        0x08000277   Thumb Code     0  startup_stm32f407xx.o(.text)
    USART6_IRQHandler                        0x08000277   Thumb Code     0  startup_stm32f407xx.o(.text)
    WWDG_IRQHandler                          0x08000277   Thumb Code     0  startup_stm32f407xx.o(.text)
    __aeabi_memcpy                           0x08000281   Thumb Code    36  memcpya.o(.text)
    __aeabi_memcpy4                          0x08000281   Thumb Code     0  memcpya.o(.text)
    __aeabi_memcpy8                          0x08000281   Thumb Code     0  memcpya.o(.text)
    __aeabi_memset                           0x080002a5   Thumb Code    14  memseta.o(.text)
    __aeabi_memset4                          0x080002a5   Thumb Code     0  memseta.o(.text)
    __aeabi_memset8                          0x080002a5   Thumb Code     0  memseta.o(.text)
    __aeabi_memclr                           0x080002b3   Thumb Code     4  memseta.o(.text)
    __aeabi_memclr4                          0x080002b3   Thumb Code     0  memseta.o(.text)
    __aeabi_memclr8                          0x080002b3   Thumb Code     0  memseta.o(.text)
    memset                                   0x080002b7   Thumb Code    18  memseta.o(.text)
    __aeabi_dadd                             0x080002c9   Thumb Code   322  dadd.o(.text)
    __aeabi_dsub                             0x0800040b   Thumb Code     6  dadd.o(.text)
    __aeabi_drsub                            0x08000411   Thumb Code     6  dadd.o(.text)
    __aeabi_dmul                             0x08000417   Thumb Code   228  dmul.o(.text)
    __aeabi_ddiv                             0x080004fb   Thumb Code   222  ddiv.o(.text)
    __aeabi_uidiv                            0x080005d9   Thumb Code     0  uidiv.o(.text)
    __aeabi_uidivmod                         0x080005d9   Thumb Code    44  uidiv.o(.text)
    __aeabi_uldivmod                         0x08000605   Thumb Code    98  uldiv.o(.text)
    __aeabi_llsl                             0x08000667   Thumb Code    30  llshl.o(.text)
    _ll_shift_l                              0x08000667   Thumb Code     0  llshl.o(.text)
    __aeabi_llsr                             0x08000685   Thumb Code    32  llushr.o(.text)
    _ll_ushift_r                             0x08000685   Thumb Code     0  llushr.o(.text)
    __aeabi_lasr                             0x080006a5   Thumb Code    36  llsshr.o(.text)
    _ll_sshift_r                             0x080006a5   Thumb Code     0  llsshr.o(.text)
    __I$use$fp                               0x080006c9   Thumb Code     0  iusefp.o(.text)
    _double_round                            0x080006c9   Thumb Code    30  depilogue.o(.text)
    _double_epilogue                         0x080006e7   Thumb Code   156  depilogue.o(.text)
    __aeabi_d2ulz                            0x08000783   Thumb Code    48  dfixul.o(.text)
    __aeabi_cdrcmple                         0x080007b5   Thumb Code    48  cdrcmple.o(.text)
    __scatterload                            0x080007e5   Thumb Code    28  init.o(.text)
    __scatterload_rt2                        0x080007e5   Thumb Code     0  init.o(.text)
    BSP_Init                                 0x08000809   Thumb Code    44  bsp.o(i.BSP_Init)
    BusFault_Handler                         0x08000835   Thumb Code     4  stm32f4xx_it.o(i.BusFault_Handler)
    DebugMon_Handler                         0x08000839   Thumb Code     2  stm32f4xx_it.o(i.DebugMon_Handler)
    GPIO_AF_Set                              0x0800083b   Thumb Code    64  bsp_sys.o(i.GPIO_AF_Set)
    GPIO_Init                                0x0800087b   Thumb Code   144  stm32f4xx_gpio.o(i.GPIO_Init)
    GPIO_PinAFConfig                         0x0800090b   Thumb Code    70  stm32f4xx_gpio.o(i.GPIO_PinAFConfig)
    GPIO_Set                                 0x08000951   Thumb Code   222  bsp_sys.o(i.GPIO_Set)
    HardFault_Handler                        0x08000a2f   Thumb Code     4  stm32f4xx_it.o(i.HardFault_Handler)
    IIC_Ack                                  0x08000a35   Thumb Code    66  bsp_myiic.o(i.IIC_Ack)
    IIC_Init                                 0x08000a85   Thumb Code    60  bsp_myiic.o(i.IIC_Init)
    IIC_NAck                                 0x08000acd   Thumb Code    66  bsp_myiic.o(i.IIC_NAck)
    IIC_Read_Byte                            0x08000b1d   Thumb Code    94  bsp_myiic.o(i.IIC_Read_Byte)
    IIC_Read_One_Byte                        0x08000b89   Thumb Code    72  bsp_myiic.o(i.IIC_Read_One_Byte)
    IIC_Send_Byte                            0x08000bd1   Thumb Code    90  bsp_myiic.o(i.IIC_Send_Byte)
    IIC_Slave_List                           0x08000c39   Thumb Code    62  bsp_myiic.o(i.IIC_Slave_List)
    IIC_Start                                0x08000c91   Thumb Code    64  bsp_myiic.o(i.IIC_Start)
    IIC_Stop                                 0x08000cdd   Thumb Code    62  bsp_myiic.o(i.IIC_Stop)
    IIC_Wait_Ack                             0x08000d29   Thumb Code    82  bsp_myiic.o(i.IIC_Wait_Ack)
    IIC_Write_One_Byte                       0x08000d89   Thumb Code    76  bsp_myiic.o(i.IIC_Write_One_Byte)
    LED_Init                                 0x08000dd5   Thumb Code    50  bsp_led.o(i.LED_Init)
    MOTOR_TIM_Init                           0x08000e19   Thumb Code   404  bsp_motor.o(i.MOTOR_TIM_Init)
    MPU9250_Init                             0x08000fc9   Thumb Code   138  bsp_mpu9250.o(i.MPU9250_Init)
    MPU_Set_Accel_Fsr                        0x08001053   Thumb Code    18  bsp_mpu9250.o(i.MPU_Set_Accel_Fsr)
    MPU_Set_Gyro_Fsr                         0x08001065   Thumb Code    18  bsp_mpu9250.o(i.MPU_Set_Gyro_Fsr)
    MPU_Set_LPF                              0x08001077   Thumb Code    60  bsp_mpu9250.o(i.MPU_Set_LPF)
    MPU_Set_Rate                             0x080010b3   Thumb Code    60  bsp_mpu9250.o(i.MPU_Set_Rate)
    MY_NVIC_Init                             0x080010f1   Thumb Code   116  bsp_sys.o(i.MY_NVIC_Init)
    MY_NVIC_PriorityGroupConfig              0x08001169   Thumb Code    32  bsp_sys.o(i.MY_NVIC_PriorityGroupConfig)
    MY_NVIC_SetVectorTable                   0x08001191   Thumb Code    12  bsp_sys.o(i.MY_NVIC_SetVectorTable)
    MemManage_Handler                        0x080011a1   Thumb Code     4  stm32f4xx_it.o(i.MemManage_Handler)
    NMI_Handler                              0x080011a5   Thumb Code     2  stm32f4xx_it.o(i.NMI_Handler)
    RCC_AHB1PeriphClockCmd                   0x080011a9   Thumb Code    26  stm32f4xx_rcc.o(i.RCC_AHB1PeriphClockCmd)
    RCC_APB1PeriphClockCmd                   0x080011c9   Thumb Code    26  stm32f4xx_rcc.o(i.RCC_APB1PeriphClockCmd)
    RCC_APB1PeriphResetCmd                   0x080011e9   Thumb Code    26  stm32f4xx_rcc.o(i.RCC_APB1PeriphResetCmd)
    RCC_APB2PeriphClockCmd                   0x08001209   Thumb Code    26  stm32f4xx_rcc.o(i.RCC_APB2PeriphClockCmd)
    RCC_APB2PeriphResetCmd                   0x08001229   Thumb Code    26  stm32f4xx_rcc.o(i.RCC_APB2PeriphResetCmd)
    Stm32_Clock_Init                         0x08001335   Thumb Code    90  bsp_sys.o(i.Stm32_Clock_Init)
    SysTick_Handler                          0x0800139d   Thumb Code    46  port.o(i.SysTick_Handler)
    Sys_Clock_Set                            0x080013d1   Thumb Code   254  bsp_sys.o(i.Sys_Clock_Set)
    SystemInit                               0x080014dd   Thumb Code    88  system_stm32f4xx.o(i.SystemInit)
    TIM_ARRPreloadConfig                     0x08001545   Thumb Code    24  stm32f4xx_tim.o(i.TIM_ARRPreloadConfig)
    TIM_Cmd                                  0x0800155d   Thumb Code    24  stm32f4xx_tim.o(i.TIM_Cmd)
    TIM_CtrlPWMOutputs                       0x08001575   Thumb Code    30  stm32f4xx_tim.o(i.TIM_CtrlPWMOutputs)
    TIM_DeInit                               0x08001595   Thumb Code   346  stm32f4xx_tim.o(i.TIM_DeInit)
    TIM_OC1Init                              0x08001725   Thumb Code   114  stm32f4xx_tim.o(i.TIM_OC1Init)
    TIM_OC1PreloadConfig                     0x080017a1   Thumb Code    18  stm32f4xx_tim.o(i.TIM_OC1PreloadConfig)
    TIM_OC2Init                              0x080017b5   Thumb Code   154  stm32f4xx_tim.o(i.TIM_OC2Init)
    TIM_OC2PreloadConfig                     0x08001859   Thumb Code    26  stm32f4xx_tim.o(i.TIM_OC2PreloadConfig)
    TIM_TimeBaseInit                         0x08001875   Thumb Code   104  stm32f4xx_tim.o(i.TIM_TimeBaseInit)
    UsageFault_Handler                       0x080018f9   Thumb Code     4  stm32f4xx_it.o(i.UsageFault_Handler)
    __0printf                                0x080018fd   Thumb Code    22  printfa.o(i.__0printf)
    __1printf                                0x080018fd   Thumb Code     0  printfa.o(i.__0printf)
    __2printf                                0x080018fd   Thumb Code     0  printfa.o(i.__0printf)
    __c89printf                              0x080018fd   Thumb Code     0  printfa.o(i.__0printf)
    printf                                   0x080018fd   Thumb Code     0  printfa.o(i.__0printf)
    __scatterload_copy                       0x0800191d   Thumb Code    14  handlers.o(i.__scatterload_copy)
    __scatterload_null                       0x0800192b   Thumb Code     2  handlers.o(i.__scatterload_null)
    __scatterload_zeroinit                   0x0800192d   Thumb Code    14  handlers.o(i.__scatterload_zeroinit)
    delay_us                                 0x080021ef   Thumb Code    26  bsp_myiic.o(i.delay_us)
    fputc                                    0x08002209   Thumb Code    22  bsp_usart.o(i.fputc)
    main                                     0x08002225   Thumb Code   190  queue_rxdatafrommultiqueuerealistic.o(i.main)
    pvPortMalloc                             0x08002dad   Thumb Code   296  heap_4.o(i.pvPortMalloc)
    pxPortInitialiseStack                    0x08002ee9   Thumb Code    38  port.o(i.pxPortInitialiseStack)
    uart_init                                0x08002f15   Thumb Code   240  bsp_usart.o(i.uart_init)
    uxListRemove                             0x08003015   Thumb Code    40  list.o(i.uxListRemove)
    vListInitialise                          0x0800303d   Thumb Code    26  list.o(i.vListInitialise)
    vListInitialiseItem                      0x08003057   Thumb Code     6  list.o(i.vListInitialiseItem)
    vListInsert                              0x0800305d   Thumb Code    52  list.o(i.vListInsert)
    vListInsertEnd                           0x08003091   Thumb Code    24  list.o(i.vListInsertEnd)
    vPortEnterCritical                       0x080030a9   Thumb Code    76  port.o(i.vPortEnterCritical)
    vPortExitCritical                        0x080030fd   Thumb Code    56  port.o(i.vPortExitCritical)
    vPortFree                                0x08003139   Thumb Code   140  heap_4.o(i.vPortFree)
    vPortSetupTimerInterrupt                 0x080031cd   Thumb Code    20  port.o(i.vPortSetupTimerInterrupt)
    vPortValidateInterruptPriority           0x080031e5   Thumb Code   106  port.o(i.vPortValidateInterruptPriority)
    vQueueAddToRegistry                      0x0800325d   Thumb Code    38  queue.o(i.vQueueAddToRegistry)
    vQueueWaitForMessageRestricted           0x08003289   Thumb Code    74  queue.o(i.vQueueWaitForMessageRestricted)
    vReceiverMultiTask                       0x080032d5   Thumb Code    38  queue_rxdatafrommultiqueuerealistic.o(i.vReceiverMultiTask)
    vSenderTaskBinary                        0x08003309   Thumb Code    32  queue_rxdatafrommultiqueuerealistic.o(i.vSenderTaskBinary)
    vSenderTaskChar                          0x08003351   Thumb Code    32  queue_rxdatafrommultiqueuerealistic.o(i.vSenderTaskChar)
    vSenderTaskUInt32                        0x08003395   Thumb Code    32  queue_rxdatafrommultiqueuerealistic.o(i.vSenderTaskUInt32)
    vTaskDelay                               0x080033dd   Thumb Code    82  tasks.o(i.vTaskDelay)
    vTaskInternalSetTimeOutState             0x08003439   Thumb Code    14  tasks.o(i.vTaskInternalSetTimeOutState)
    vTaskMissedYield                         0x08003451   Thumb Code     8  tasks.o(i.vTaskMissedYield)
    vTaskPlaceOnEventList                    0x0800345d   Thumb Code    52  tasks.o(i.vTaskPlaceOnEventList)
    vTaskPlaceOnEventListRestricted          0x08003495   Thumb Code    60  tasks.o(i.vTaskPlaceOnEventListRestricted)
    vTaskStartScheduler                      0x080034d5   Thumb Code   118  tasks.o(i.vTaskStartScheduler)
    vTaskSuspendAll                          0x08003569   Thumb Code    12  tasks.o(i.vTaskSuspendAll)
    vTaskSwitchContext                       0x08003579   Thumb Code   118  tasks.o(i.vTaskSwitchContext)
    xPortStartScheduler                      0x08003605   Thumb Code   330  port.o(i.xPortStartScheduler)
    xQueueAddToSet                           0x0800376d   Thumb Code    38  queue.o(i.xQueueAddToSet)
    xQueueCreateSet                          0x08003793   Thumb Code    20  queue.o(i.xQueueCreateSet)
    xQueueGenericCreate                      0x080037a7   Thumb Code    90  queue.o(i.xQueueGenericCreate)
    xQueueGenericReset                       0x08003801   Thumb Code   146  queue.o(i.xQueueGenericReset)
    xQueueGenericSend                        0x08003899   Thumb Code   468  queue.o(i.xQueueGenericSend)
    xQueueGenericSendFromISR                 0x08003a71   Thumb Code   264  queue.o(i.xQueueGenericSendFromISR)
    xQueueReceive                            0x08003b79   Thumb Code   356  queue.o(i.xQueueReceive)
    xQueueSelectFromSet                      0x08003ce1   Thumb Code    24  queue.o(i.xQueueSelectFromSet)
    xTaskCheckForTimeOut                     0x08003cf9   Thumb Code   132  tasks.o(i.xTaskCheckForTimeOut)
    xTaskCreate                              0x08003d85   Thumb Code    96  tasks.o(i.xTaskCreate)
    xTaskGetSchedulerState                   0x08003de5   Thumb Code    24  tasks.o(i.xTaskGetSchedulerState)
    xTaskGetTickCount                        0x08003e05   Thumb Code     6  tasks.o(i.xTaskGetTickCount)
    xTaskIncrementTick                       0x08003e11   Thumb Code   282  tasks.o(i.xTaskIncrementTick)
    xTaskPriorityDisinherit                  0x08003f59   Thumb Code   188  tasks.o(i.xTaskPriorityDisinherit)
    xTaskRemoveFromEventList                 0x08004021   Thumb Code   128  tasks.o(i.xTaskRemoveFromEventList)
    xTaskResumeAll                           0x080040b9   Thumb Code   224  tasks.o(i.xTaskResumeAll)
    xTimerCreateTimerTask                    0x080041bd   Thumb Code    66  timers.o(i.xTimerCreateTimerTask)
    xTimerGenericCommand                     0x08004215   Thumb Code   126  timers.o(i.xTimerGenericCommand)
    Region$$Table$$Base                      0x08004298   Number         0  anon$$obj.o(Region$$Table)
    Region$$Table$$Limit                     0x080042b8   Number         0  anon$$obj.o(Region$$Table)
    xCharPointerQueue                        0x20000000   Data           4  queue_rxdatafrommultiqueuerealistic.o(.data)
    xUint32tQueue                            0x20000004   Data           4  queue_rxdatafrommultiqueuerealistic.o(.data)
    xBinarySemaphore                         0x20000008   Data           4  queue_rxdatafrommultiqueuerealistic.o(.data)
    xQueueSet                                0x2000000c   Data           4  queue_rxdatafrommultiqueuerealistic.o(.data)
    __stdout                                 0x20000010   Data           4  bsp_usart.o(.data)
    USART_RX_STA                             0x20000014   Data           2  bsp_usart.o(.data)
    pxCurrentTCB                             0x20000018   Data           4  tasks.o(.data)
    xQueueRegistry                           0x2000008c   Data          64  queue.o(.bss)
    __initial_sp                             0x200131c0   Data           0  startup_stm32f407xx.o(STACK)



==============================================================================

Memory Map of the image

  Image Entry point : 0x08000189

  Load Region LR_IROM1 (Base: 0x08000000, Size: 0x00004344, Max: 0x00100000, ABSOLUTE)

    Execution Region ER_IROM1 (Exec base: 0x08000000, Load base: 0x08000000, Size: 0x000042b8, Max: 0x00100000, ABSOLUTE)

    Exec Addr    Load Addr    Size         Type   Attr      Idx    E Section Name        Object

    0x08000000   0x08000000   0x00000188   Data   RO            3    RESET               startup_stm32f407xx.o
    0x08000188   0x08000188   0x00000000   Code   RO         7255  * .ARM.Collect$$$$00000000  mc_w.l(entry.o)
    0x08000188   0x08000188   0x00000004   Code   RO         7580    .ARM.Collect$$$$00000001  mc_w.l(entry2.o)
    0x0800018c   0x0800018c   0x00000004   Code   RO         7583    .ARM.Collect$$$$00000004  mc_w.l(entry5.o)
    0x08000190   0x08000190   0x00000000   Code   RO         7585    .ARM.Collect$$$$00000008  mc_w.l(entry7b.o)
    0x08000190   0x08000190   0x00000000   Code   RO         7587    .ARM.Collect$$$$0000000A  mc_w.l(entry8b.o)
    0x08000190   0x08000190   0x00000008   Code   RO         7588    .ARM.Collect$$$$0000000B  mc_w.l(entry9a.o)
    0x08000198   0x08000198   0x00000000   Code   RO         7590    .ARM.Collect$$$$0000000D  mc_w.l(entry10a.o)
    0x08000198   0x08000198   0x00000000   Code   RO         7592    .ARM.Collect$$$$0000000F  mc_w.l(entry11a.o)
    0x08000198   0x08000198   0x00000004   Code   RO         7581    .ARM.Collect$$$$00002712  mc_w.l(entry2.o)
    0x0800019c   0x0800019c   0x000000be   Code   RO         7164    .emb_text           port.o
    0x0800025a   0x0800025a   0x00000002   PAD
    0x0800025c   0x0800025c   0x00000024   Code   RO            4    .text               startup_stm32f407xx.o
    0x08000280   0x08000280   0x00000024   Code   RO         7258    .text               mc_w.l(memcpya.o)
    0x080002a4   0x080002a4   0x00000024   Code   RO         7262    .text               mc_w.l(memseta.o)
    0x080002c8   0x080002c8   0x0000014e   Code   RO         7527    .text               mf_w.l(dadd.o)
    0x08000416   0x08000416   0x000000e4   Code   RO         7529    .text               mf_w.l(dmul.o)
    0x080004fa   0x080004fa   0x000000de   Code   RO         7531    .text               mf_w.l(ddiv.o)
    0x080005d8   0x080005d8   0x0000002c   Code   RO         7594    .text               mc_w.l(uidiv.o)
    0x08000604   0x08000604   0x00000062   Code   RO         7596    .text               mc_w.l(uldiv.o)
    0x08000666   0x08000666   0x0000001e   Code   RO         7598    .text               mc_w.l(llshl.o)
    0x08000684   0x08000684   0x00000020   Code   RO         7600    .text               mc_w.l(llushr.o)
    0x080006a4   0x080006a4   0x00000024   Code   RO         7602    .text               mc_w.l(llsshr.o)
    0x080006c8   0x080006c8   0x00000000   Code   RO         7611    .text               mc_w.l(iusefp.o)
    0x080006c8   0x080006c8   0x000000ba   Code   RO         7614    .text               mf_w.l(depilogue.o)
    0x08000782   0x08000782   0x00000030   Code   RO         7620    .text               mf_w.l(dfixul.o)
    0x080007b2   0x080007b2   0x00000002   PAD
    0x080007b4   0x080007b4   0x00000030   Code   RO         7622    .text               mf_w.l(cdrcmple.o)
    0x080007e4   0x080007e4   0x00000024   Code   RO         7624    .text               mc_w.l(init.o)
    0x08000808   0x08000808   0x0000002c   Code   RO         5389    i.BSP_Init          bsp.o
    0x08000834   0x08000834   0x00000004   Code   RO         5099    i.BusFault_Handler  stm32f4xx_it.o
    0x08000838   0x08000838   0x00000002   Code   RO         5100    i.DebugMon_Handler  stm32f4xx_it.o
    0x0800083a   0x0800083a   0x00000040   Code   RO         5411    i.GPIO_AF_Set       bsp_sys.o
    0x0800087a   0x0800087a   0x00000090   Code   RO         1896    i.GPIO_Init         stm32f4xx_gpio.o
    0x0800090a   0x0800090a   0x00000046   Code   RO         1897    i.GPIO_PinAFConfig  stm32f4xx_gpio.o
    0x08000950   0x08000950   0x000000de   Code   RO         5412    i.GPIO_Set          bsp_sys.o
    0x08000a2e   0x08000a2e   0x00000004   Code   RO         5101    i.HardFault_Handler  stm32f4xx_it.o
    0x08000a32   0x08000a32   0x00000002   PAD
    0x08000a34   0x08000a34   0x00000050   Code   RO         5849    i.IIC_Ack           bsp_myiic.o
    0x08000a84   0x08000a84   0x00000048   Code   RO         5850    i.IIC_Init          bsp_myiic.o
    0x08000acc   0x08000acc   0x00000050   Code   RO         5851    i.IIC_NAck          bsp_myiic.o
    0x08000b1c   0x08000b1c   0x0000006c   Code   RO         5852    i.IIC_Read_Byte     bsp_myiic.o
    0x08000b88   0x08000b88   0x00000048   Code   RO         5854    i.IIC_Read_One_Byte  bsp_myiic.o
    0x08000bd0   0x08000bd0   0x00000068   Code   RO         5855    i.IIC_Send_Byte     bsp_myiic.o
    0x08000c38   0x08000c38   0x00000058   Code   RO         5856    i.IIC_Slave_List    bsp_myiic.o
    0x08000c90   0x08000c90   0x0000004c   Code   RO         5858    i.IIC_Start         bsp_myiic.o
    0x08000cdc   0x08000cdc   0x0000004c   Code   RO         5859    i.IIC_Stop          bsp_myiic.o
    0x08000d28   0x08000d28   0x00000060   Code   RO         5860    i.IIC_Wait_Ack      bsp_myiic.o
    0x08000d88   0x08000d88   0x0000004c   Code   RO         5862    i.IIC_Write_One_Byte  bsp_myiic.o
    0x08000dd4   0x08000dd4   0x00000044   Code   RO         5725    i.LED_Init          bsp_led.o
    0x08000e18   0x08000e18   0x000001b0   Code   RO         5745    i.MOTOR_TIM_Init    bsp_motor.o
    0x08000fc8   0x08000fc8   0x0000008a   Code   RO         5787    i.MPU9250_Init      bsp_mpu9250.o
    0x08001052   0x08001052   0x00000012   Code   RO         5791    i.MPU_Set_Accel_Fsr  bsp_mpu9250.o
    0x08001064   0x08001064   0x00000012   Code   RO         5792    i.MPU_Set_Gyro_Fsr  bsp_mpu9250.o
    0x08001076   0x08001076   0x0000003c   Code   RO         5793    i.MPU_Set_LPF       bsp_mpu9250.o
    0x080010b2   0x080010b2   0x0000003c   Code   RO         5794    i.MPU_Set_Rate      bsp_mpu9250.o
    0x080010ee   0x080010ee   0x00000002   PAD
    0x080010f0   0x080010f0   0x00000078   Code   RO         5415    i.MY_NVIC_Init      bsp_sys.o
    0x08001168   0x08001168   0x00000028   Code   RO         5416    i.MY_NVIC_PriorityGroupConfig  bsp_sys.o
    0x08001190   0x08001190   0x00000010   Code   RO         5417    i.MY_NVIC_SetVectorTable  bsp_sys.o
    0x080011a0   0x080011a0   0x00000004   Code   RO         5102    i.MemManage_Handler  stm32f4xx_it.o
    0x080011a4   0x080011a4   0x00000002   Code   RO         5103    i.NMI_Handler       stm32f4xx_it.o
    0x080011a6   0x080011a6   0x00000002   PAD
    0x080011a8   0x080011a8   0x00000020   Code   RO         2760    i.RCC_AHB1PeriphClockCmd  stm32f4xx_rcc.o
    0x080011c8   0x080011c8   0x00000020   Code   RO         2769    i.RCC_APB1PeriphClockCmd  stm32f4xx_rcc.o
    0x080011e8   0x080011e8   0x00000020   Code   RO         2771    i.RCC_APB1PeriphResetCmd  stm32f4xx_rcc.o
    0x08001208   0x08001208   0x00000020   Code   RO         2772    i.RCC_APB2PeriphClockCmd  stm32f4xx_rcc.o
    0x08001228   0x08001228   0x00000020   Code   RO         2774    i.RCC_APB2PeriphResetCmd  stm32f4xx_rcc.o
    0x08001248   0x08001248   0x000000ec   Code   RO           12    i.SetSysClock       system_stm32f4xx.o
    0x08001334   0x08001334   0x00000068   Code   RO         5418    i.Stm32_Clock_Init  bsp_sys.o
    0x0800139c   0x0800139c   0x00000034   Code   RO         7165    i.SysTick_Handler   port.o
    0x080013d0   0x080013d0   0x0000010c   Code   RO         5419    i.Sys_Clock_Set     bsp_sys.o
    0x080014dc   0x080014dc   0x00000068   Code   RO           14    i.SystemInit        system_stm32f4xx.o
    0x08001544   0x08001544   0x00000018   Code   RO         4095    i.TIM_ARRPreloadConfig  stm32f4xx_tim.o
    0x0800155c   0x0800155c   0x00000018   Code   RO         4107    i.TIM_Cmd           stm32f4xx_tim.o
    0x08001574   0x08001574   0x0000001e   Code   RO         4109    i.TIM_CtrlPWMOutputs  stm32f4xx_tim.o
    0x08001592   0x08001592   0x00000002   PAD
    0x08001594   0x08001594   0x00000190   Code   RO         4112    i.TIM_DeInit        stm32f4xx_tim.o
    0x08001724   0x08001724   0x0000007c   Code   RO         4136    i.TIM_OC1Init       stm32f4xx_tim.o
    0x080017a0   0x080017a0   0x00000012   Code   RO         4139    i.TIM_OC1PreloadConfig  stm32f4xx_tim.o
    0x080017b2   0x080017b2   0x00000002   PAD
    0x080017b4   0x080017b4   0x000000a4   Code   RO         4141    i.TIM_OC2Init       stm32f4xx_tim.o
    0x08001858   0x08001858   0x0000001a   Code   RO         4144    i.TIM_OC2PreloadConfig  stm32f4xx_tim.o
    0x08001872   0x08001872   0x00000002   PAD
    0x08001874   0x08001874   0x00000084   Code   RO         4179    i.TIM_TimeBaseInit  stm32f4xx_tim.o
    0x080018f8   0x080018f8   0x00000004   Code   RO         5104    i.UsageFault_Handler  stm32f4xx_it.o
    0x080018fc   0x080018fc   0x00000020   Code   RO         7499    i.__0printf         mc_w.l(printfa.o)
    0x0800191c   0x0800191c   0x0000000e   Code   RO         7632    i.__scatterload_copy  mc_w.l(handlers.o)
    0x0800192a   0x0800192a   0x00000002   Code   RO         7633    i.__scatterload_null  mc_w.l(handlers.o)
    0x0800192c   0x0800192c   0x0000000e   Code   RO         7634    i.__scatterload_zeroinit  mc_w.l(handlers.o)
    0x0800193a   0x0800193a   0x00000002   PAD
    0x0800193c   0x0800193c   0x00000184   Code   RO         7506    i._fp_digits        mc_w.l(printfa.o)
    0x08001ac0   0x08001ac0   0x000006dc   Code   RO         7507    i._printf_core      mc_w.l(printfa.o)
    0x0800219c   0x0800219c   0x00000024   Code   RO         7508    i._printf_post_padding  mc_w.l(printfa.o)
    0x080021c0   0x080021c0   0x0000002e   Code   RO         7509    i._printf_pre_padding  mc_w.l(printfa.o)
    0x080021ee   0x080021ee   0x0000001a   Code   RO         5863    i.delay_us          bsp_myiic.o
    0x08002208   0x08002208   0x0000001c   Code   RO         5506    i.fputc             bsp_usart.o
    0x08002224   0x08002224   0x00000118   Code   RO         4915    i.main              queue_rxdatafrommultiqueuerealistic.o
    0x0800233c   0x0800233c   0x00000098   Code   RO         6612    i.prvAddCurrentTaskToDelayedList  tasks.o
    0x080023d4   0x080023d4   0x000000b8   Code   RO         6613    i.prvAddNewTaskToReadyList  tasks.o
    0x0800248c   0x0800248c   0x00000064   Code   RO         6964    i.prvCheckForValidListAndQueue  timers.o
    0x080024f0   0x080024f0   0x00000048   Code   RO         6614    i.prvCheckTasksWaitingTermination  tasks.o
    0x08002538   0x08002538   0x0000002a   Code   RO         6209    i.prvCopyDataFromQueue  queue.o
    0x08002562   0x08002562   0x0000007e   Code   RO         6210    i.prvCopyDataToQueue  queue.o
    0x080025e0   0x080025e0   0x00000012   Code   RO         6615    i.prvDeleteTCB      tasks.o
    0x080025f2   0x080025f2   0x00000002   PAD
    0x080025f4   0x080025f4   0x00000028   Code   RO         6965    i.prvGetNextExpireTime  timers.o
    0x0800261c   0x0800261c   0x0000007c   Code   RO         7115    i.prvHeapInit       heap_4.o
    0x08002698   0x08002698   0x00000028   Code   RO         6616    i.prvIdleTask       tasks.o
    0x080026c0   0x080026c0   0x0000002e   Code   RO         6213    i.prvInitialiseNewQueue  queue.o
    0x080026ee   0x080026ee   0x000000be   Code   RO         6617    i.prvInitialiseNewTask  tasks.o
    0x080027ac   0x080027ac   0x00000068   Code   RO         6618    i.prvInitialiseTaskLists  tasks.o
    0x08002814   0x08002814   0x00000068   Code   RO         7116    i.prvInsertBlockIntoFreeList  heap_4.o
    0x0800287c   0x0800287c   0x00000058   Code   RO         6967    i.prvInsertTimerInActiveList  timers.o
    0x080028d4   0x080028d4   0x0000001a   Code   RO         6214    i.prvIsQueueEmpty   queue.o
    0x080028ee   0x080028ee   0x0000001e   Code   RO         6215    i.prvIsQueueFull    queue.o
    0x0800290c   0x0800290c   0x00000090   Code   RO         6216    i.prvNotifyQueueSetContainer  queue.o
    0x0800299c   0x0800299c   0x00000074   Code   RO         6968    i.prvProcessExpiredTimer  timers.o
    0x08002a10   0x08002a10   0x00000138   Code   RO         6969    i.prvProcessReceivedCommands  timers.o
    0x08002b48   0x08002b48   0x00000074   Code   RO         6970    i.prvProcessTimerOrBlockTask  timers.o
    0x08002bbc   0x08002bbc   0x00000034   Code   RO         6620    i.prvResetNextTaskUnblockTime  tasks.o
    0x08002bf0   0x08002bf0   0x0000002c   Code   RO         6971    i.prvSampleTimeNow  timers.o
    0x08002c1c   0x08002c1c   0x000000a4   Code   RO         6972    i.prvSwitchTimerLists  timers.o
    0x08002cc0   0x08002cc0   0x00000040   Code   RO         7166    i.prvTaskExitError  port.o
    0x08002d00   0x08002d00   0x0000001a   Code   RO         6973    i.prvTimerTask      timers.o
    0x08002d1a   0x08002d1a   0x00000092   Code   RO         6217    i.prvUnlockQueue    queue.o
    0x08002dac   0x08002dac   0x0000013c   Code   RO         7117    i.pvPortMalloc      heap_4.o
    0x08002ee8   0x08002ee8   0x0000002c   Code   RO         7167    i.pxPortInitialiseStack  port.o
    0x08002f14   0x08002f14   0x00000100   Code   RO         5507    i.uart_init         bsp_usart.o
    0x08003014   0x08003014   0x00000028   Code   RO         6169    i.uxListRemove      list.o
    0x0800303c   0x0800303c   0x0000001a   Code   RO         6170    i.vListInitialise   list.o
    0x08003056   0x08003056   0x00000006   Code   RO         6171    i.vListInitialiseItem  list.o
    0x0800305c   0x0800305c   0x00000034   Code   RO         6172    i.vListInsert       list.o
    0x08003090   0x08003090   0x00000018   Code   RO         6173    i.vListInsertEnd    list.o
    0x080030a8   0x080030a8   0x00000054   Code   RO         7169    i.vPortEnterCritical  port.o
    0x080030fc   0x080030fc   0x0000003c   Code   RO         7170    i.vPortExitCritical  port.o
    0x08003138   0x08003138   0x00000094   Code   RO         7118    i.vPortFree         heap_4.o
    0x080031cc   0x080031cc   0x00000018   Code   RO         7171    i.vPortSetupTimerInterrupt  port.o
    0x080031e4   0x080031e4   0x00000078   Code   RO         7172    i.vPortValidateInterruptPriority  port.o
    0x0800325c   0x0800325c   0x0000002c   Code   RO         6223    i.vQueueAddToRegistry  queue.o
    0x08003288   0x08003288   0x0000004a   Code   RO         6227    i.vQueueWaitForMessageRestricted  queue.o
    0x080032d2   0x080032d2   0x00000002   PAD
    0x080032d4   0x080032d4   0x00000034   Code   RO         4917    i.vReceiverMultiTask  queue_rxdatafrommultiqueuerealistic.o
    0x08003308   0x08003308   0x00000048   Code   RO         4918    i.vSenderTaskBinary  queue_rxdatafrommultiqueuerealistic.o
    0x08003350   0x08003350   0x00000044   Code   RO         4919    i.vSenderTaskChar   queue_rxdatafrommultiqueuerealistic.o
    0x08003394   0x08003394   0x00000048   Code   RO         4920    i.vSenderTaskUInt32  queue_rxdatafrommultiqueuerealistic.o
    0x080033dc   0x080033dc   0x0000005c   Code   RO         6631    i.vTaskDelay        tasks.o
    0x08003438   0x08003438   0x00000018   Code   RO         6636    i.vTaskInternalSetTimeOutState  tasks.o
    0x08003450   0x08003450   0x0000000c   Code   RO         6637    i.vTaskMissedYield  tasks.o
    0x0800345c   0x0800345c   0x00000038   Code   RO         6639    i.vTaskPlaceOnEventList  tasks.o
    0x08003494   0x08003494   0x00000040   Code   RO         6640    i.vTaskPlaceOnEventListRestricted  tasks.o
    0x080034d4   0x080034d4   0x00000094   Code   RO         6648    i.vTaskStartScheduler  tasks.o
    0x08003568   0x08003568   0x00000010   Code   RO         6650    i.vTaskSuspendAll   tasks.o
    0x08003578   0x08003578   0x0000008c   Code   RO         6651    i.vTaskSwitchContext  tasks.o
    0x08003604   0x08003604   0x00000168   Code   RO         7173    i.xPortStartScheduler  port.o
    0x0800376c   0x0800376c   0x00000026   Code   RO         6228    i.xQueueAddToSet    queue.o
    0x08003792   0x08003792   0x00000014   Code   RO         6231    i.xQueueCreateSet   queue.o
    0x080037a6   0x080037a6   0x0000005a   Code   RO         6232    i.xQueueGenericCreate  queue.o
    0x08003800   0x08003800   0x00000098   Code   RO         6233    i.xQueueGenericReset  queue.o
    0x08003898   0x08003898   0x000001d8   Code   RO         6234    i.xQueueGenericSend  queue.o
    0x08003a70   0x08003a70   0x00000108   Code   RO         6235    i.xQueueGenericSendFromISR  queue.o
    0x08003b78   0x08003b78   0x00000168   Code   RO         6242    i.xQueueReceive     queue.o
    0x08003ce0   0x08003ce0   0x00000018   Code   RO         6245    i.xQueueSelectFromSet  queue.o
    0x08003cf8   0x08003cf8   0x0000008c   Code   RO         6652    i.xTaskCheckForTimeOut  tasks.o
    0x08003d84   0x08003d84   0x00000060   Code   RO         6653    i.xTaskCreate       tasks.o
    0x08003de4   0x08003de4   0x00000020   Code   RO         6657    i.xTaskGetSchedulerState  tasks.o
    0x08003e04   0x08003e04   0x0000000c   Code   RO         6658    i.xTaskGetTickCount  tasks.o
    0x08003e10   0x08003e10   0x00000148   Code   RO         6660    i.xTaskIncrementTick  tasks.o
    0x08003f58   0x08003f58   0x000000c8   Code   RO         6663    i.xTaskPriorityDisinherit  tasks.o
    0x08004020   0x08004020   0x00000098   Code   RO         6665    i.xTaskRemoveFromEventList  tasks.o
    0x080040b8   0x080040b8   0x00000104   Code   RO         6666    i.xTaskResumeAll    tasks.o
    0x080041bc   0x080041bc   0x00000058   Code   RO         6980    i.xTimerCreateTimerTask  timers.o
    0x08004214   0x08004214   0x00000084   Code   RO         6981    i.xTimerGenericCommand  timers.o
    0x08004298   0x08004298   0x00000020   Data   RO         7630    Region$$Table       anon$$obj.o


    Execution Region RW_IRAM1 (Exec base: 0x20000000, Load base: 0x080042b8, Size: 0x000131c0, Max: 0x00020000, ABSOLUTE)

    Exec Addr    Load Addr    Size         Type   Attr      Idx    E Section Name        Object

    0x20000000   0x080042b8   0x00000010   Data   RW         4921    .data               queue_rxdatafrommultiqueuerealistic.o
    0x20000010   0x080042c8   0x00000006   Data   RW         5509    .data               bsp_usart.o
    0x20000016   0x080042ce   0x00000002   PAD
    0x20000018   0x080042d0   0x0000003c   Data   RW         6669    .data               tasks.o
    0x20000054   0x0800430c   0x00000014   Data   RW         6987    .data               timers.o
    0x20000068   0x08004320   0x00000018   Data   RW         7123    .data               heap_4.o
    0x20000080   0x08004338   0x0000000c   Data   RW         7174    .data               port.o
    0x2000008c        -       0x00000040   Zero   RW         6249    .bss                queue.o
    0x200000cc        -       0x000000c8   Zero   RW         6668    .bss                tasks.o
    0x20000194        -       0x00000028   Zero   RW         6986    .bss                timers.o
    0x200001bc        -       0x00012c00   Zero   RW         7122    .bss                heap_4.o
    0x20012dbc   0x08004344   0x00000004   PAD
    0x20012dc0        -       0x00000400   Zero   RW            1    STACK               startup_stm32f407xx.o


==============================================================================

Image component sizes


      Code (inc. data)   RO Data    RW Data    ZI Data      Debug   Object Name

        44          0          0          0          0        459   bsp.o
        68         18          0          0          0        467   bsp_led.o
       432         28          0          0          0        813   bsp_motor.o
       294          0          0          0          0       2939   bsp_mpu9250.o
       954        134          0          0          0       6751   bsp_myiic.o
       834         44          0          0          0       4938   bsp_sys.o
       284         22          0          6          0       3060   bsp_usart.o
         0          0          0          0          0       9664   event_groups.o
       692         62          0         24      76800       4451   heap_4.o
       148          0          0          0          0       3262   list.o
         0          0          0          0          0     227488   misc.o
       998         92          0         12          0      11829   port.o
      2098         20          0          0         64      18963   queue.o
       544        220          0         16          0      15727   queue_rxdatafrommultiqueuerealistic.o
        36          8        392          0       1024        836   startup_stm32f407xx.o
       214          0          0          0          0       1667   stm32f4xx_gpio.o
        20          0          0          0          0       2621   stm32f4xx_it.o
       160         30          0          0          0       2785   stm32f4xx_rcc.o
       942        102          0          0          0       6088   stm32f4xx_tim.o
       340         32          0          0          0      32553   system_stm32f4xx.o
      2584        348          0         60        200      24270   tasks.o
      1226        116          0         20         40      20363   timers.o

    ----------------------------------------------------------------------
     12930       1276        424        140      78132     401994   Object Totals
         0          0         32          0          0          0   (incl. Generated)
        18          0          0          2          4          0   (incl. Padding)

    ----------------------------------------------------------------------

      Code (inc. data)   RO Data    RW Data    ZI Data      Debug   Library Member Name

         0          0          0          0          0          0   entry.o
         0          0          0          0          0          0   entry10a.o
         0          0          0          0          0          0   entry11a.o
         8          4          0          0          0          0   entry2.o
         4          0          0          0          0          0   entry5.o
         0          0          0          0          0          0   entry7b.o
         0          0          0          0          0          0   entry8b.o
         8          4          0          0          0          0   entry9a.o
        30          0          0          0          0          0   handlers.o
        36          8          0          0          0         68   init.o
         0          0          0          0          0          0   iusefp.o
        30          0          0          0          0         68   llshl.o
        36          0          0          0          0         68   llsshr.o
        32          0          0          0          0         68   llushr.o
        36          0          0          0          0         68   memcpya.o
        36          0          0          0          0        108   memseta.o
      2258         90          0          0          0        452   printfa.o
        44          0          0          0          0         80   uidiv.o
        98          0          0          0          0         92   uldiv.o
        48          0          0          0          0         68   cdrcmple.o
       334          0          0          0          0        148   dadd.o
       222          0          0          0          0        100   ddiv.o
       186          0          0          0          0        176   depilogue.o
        48          0          0          0          0         68   dfixul.o
       228          0          0          0          0         96   dmul.o

    ----------------------------------------------------------------------
      3726        106          0          0          0       1728   Library Totals
         4          0          0          0          0          0   (incl. Padding)

    ----------------------------------------------------------------------

      Code (inc. data)   RO Data    RW Data    ZI Data      Debug   Library Name

      2656        106          0          0          0       1072   mc_w.l
      1066          0          0          0          0        656   mf_w.l

    ----------------------------------------------------------------------
      3726        106          0          0          0       1728   Library Totals

    ----------------------------------------------------------------------

==============================================================================


      Code (inc. data)   RO Data    RW Data    ZI Data      Debug   

     16656       1382        424        140      78132     390742   Grand Totals
     16656       1382        424        140      78132     390742   ELF Image Totals
     16656       1382        424        140          0          0   ROM Totals

==============================================================================

    Total RO  Size (Code + RO Data)                17080 (  16.68kB)
    Total RW  Size (RW Data + ZI Data)             78272 (  76.44kB)
    Total ROM Size (Code + RO Data + RW Data)      17220 (  16.82kB)

==============================================================================

